db
test
> shows db
uncaught exception: SyntaxError: unexpected token: identifier :
@(shell):1:6
> show dbs
admin   0.000GB
config  0.000GB
local   0.000GB
> use books
switched to db books
> db
books
> db.books.insertOne({name:"alam",email:"abc@gmail.com"})
{
        "acknowledged" : true,
        "insertedId" : ObjectId("632be9e87d02ab0ae74051b1")
}
> show dbs
admin   0.000GB
books   0.000GB
config  0.000GB
local   0.000GB
> db.books.find()
{ "_id" : ObjectId("632be9e87d02ab0ae74051b1"), "name" : "alam", "email" : "abc@gmail.com" }
> db.books.find().pretty()
{
        "_id" : ObjectId("632be9e87d02ab0ae74051b1"),
        "name" : "alam",
        "email" : "abc@gmail.com"
}
> db.books.insertMany[({name:"alam",email:"abc@gmail.com"},{age:"25",name:"sandeeep"},{author:"xyz",age:"40"}])
uncaught exception: SyntaxError: missing ) in parenthetical :
@(shell):1:107
> db.books.insertMany([{name:"alam",email:"abc@gmail.com"},{age:"25",name:"sandeeep"},{author:"xyz",age:"40"}])
{
        "acknowledged" : true,
        "insertedIds" : [
                ObjectId("632beb387d02ab0ae74051b2"),
                ObjectId("632beb387d02ab0ae74051b3"),
                ObjectId("632beb387d02ab0ae74051b4")
        ]
}
> db.books.find().pretty()
{
        "_id" : ObjectId("632be9e87d02ab0ae74051b1"),
        "name" : "alam",
        "email" : "abc@gmail.com"
}
{
        "_id" : ObjectId("632beb387d02ab0ae74051b2"),
        "name" : "alam",
        "email" : "abc@gmail.com"
}
{
        "_id" : ObjectId("632beb387d02ab0ae74051b3"),
        "age" : "25",
        "name" : "sandeeep"
}
{
        "_id" : ObjectId("632beb387d02ab0ae74051b4"),
        "author" : "xyz",
        "age" : "40"
}
> db.books.updateOne({"author":"xyz"},{$set:{"age":"30"}})
{ "acknowledged" : true, "matchedCount" : 1, "modifiedCount" : 1 }
> db.books.find().pretty()
{
        "_id" : ObjectId("632be9e87d02ab0ae74051b1"),
        "name" : "alam",
        "email" : "abc@gmail.com"
}
{
        "_id" : ObjectId("632beb387d02ab0ae74051b2"),
        "name" : "alam",
        "email" : "abc@gmail.com"
}
{
        "_id" : ObjectId("632beb387d02ab0ae74051b3"),
        "age" : "25",
        "name" : "sandeeep"
}
{
        "_id" : ObjectId("632beb387d02ab0ae74051b4"),
        "author" : "xyz",
        "age" : "30"
}
> db.books.insertMany([{name:"alam",email:"abc@gmail.com"},{age:"25",name:"sanddb.books.insertMany[({name:"alam",email:"abc@gmail.com"},{age:"25",name:"sanddb.books.insertMany[({name:"alam",email:"abc@gmail.com"},{age:"25",name:"sanddb.books.insertMany([{name:"alam",email:"abc@gmail.com"},{age:"25",name:"sanddb.books.insertMany([{name:"alam",email:"abc@gmail.com"},{age:"25",name:"sanddb.books.insertMany[({name:"alam",email:"abc@gmail.com"},{age:"25",name:"sand
> db.books.find({},{age:1}).pretty()
{ "_id" : ObjectId("632be9e87d02ab0ae74051b1") }
{ "_id" : ObjectId("632beb387d02ab0ae74051b2") }
{ "_id" : ObjectId("632beb387d02ab0ae74051b3"), "age" : "25" }
{ "_id" : ObjectId("632beb387d02ab0ae74051b4"), "age" : "30" }
> db.customer
books.customer
> db.customer.insertMany([
... {
... customerName:"alam",
... customerEmail:"as@gmail.com",
... customerAddress{
... city:up;
... state:up;}
... }])
uncaught exception: SyntaxError: missing : after property id :
@(shell):5:15
> db.customer.insertMany([ { customerName: "Rama", customerEmail: "ram@gmail.com", customerAddress:{ city:"Bangalore", state:"Karnataka" } },{ customerName: "Raja", customerEmail: "raj@gmail.com", customerAddress:{ city:"Hyderabad", state:"Telangana" } }]);
{
        "acknowledged" : true,
        "insertedIds" : [
                ObjectId("632c007a7d02ab0ae74051b5"),
                ObjectId("632c007a7d02ab0ae74051b6")
        ]
}
> db.customer.find().pretty()
{
        "_id" : ObjectId("632c007a7d02ab0ae74051b5"),
        "customerName" : "Rama",
        "customerEmail" : "ram@gmail.com",
        "customerAddress" : {
                "city" : "Bangalore",
                "state" : "Karnataka"
        }
}
{
        "_id" : ObjectId("632c007a7d02ab0ae74051b6"),
        "customerName" : "Raja",
        "customerEmail" : "raj@gmail.com",
        "customerAddress" : {
                "city" : "Hyderabad",
                "state" : "Telangana"
        }
}
> db.books.find({published_year:"2012"},{title:1,author:1,published_year:1,_id:0}).pretty();
> db.books.find({published_year:"2012"},{title:1,author:1,published_year:1,_id:0}).pretty();
> db.books.find({published_year:"2012"},{title:1,author:1,published_year:1,_id:0}).pretty()
> db.books.find({published_year:"2012"},{title:1,author:1,published_year:1,_id:0}).pretty(
> db.books.find({published_year:"2012"},{title:1,author:1,published_year:1,_id:0}).pretty
> db.books.find({published_year:"2012"},{title:1,author:1,published_year:1,_id:0}).prett
> db.books.find({published_year:"2012"},{title:1,author:1,published_year:1,_id:0}).pret
> db.books.find({published_year:"2012"},{title:1,author:1,published_year:1,_id:0}).pre
> db.books.find({published_year:"2012"},{title:1,author:1,published_year:1,_id:0}).pr
> db.books.find({published_year:"2012"},{title:1,author:1,published_year:1,_id:0}).p
> db.books.find({published_year:"2012"},{title:1,author:1,published_year:1,_id:0}).
> db.books.find({published_year:"2012"},{title:1,author:1,published_year:1,_id:0})
> db.books.find({published_year:"2012"},{title:1,author:1,published_year:1,_id:0}
> db.books.find({published_year:"2012"},{title:1,author:1,published_year:1,_id:0
> db.books.find({published_year:"2012"},{title:1,author:1,published_year:1,_id:
> db.books.find({published_year:"2012"},{title:1,author:1,published_year:1,_id:0}).pretty();
> db.books.find({published_year:"2012"},{title:1,author:1,published_year:1,_i
> db.books.find({published_year:
...
...
...
... {$eq:"2012"}
... },
... {title:1,author:1,published_year:1,_id:0}).pretty();
> db.books.find({author:  {$ne:"John Grisham"} },
... {title:1,author:1,published_year:1,_id:0}).pretty();
{ }
{ }
{ }
{ "author" : "xyz" }
> db.customer.find({
...   "customerAddress.city" : {
...     $ne:"Bangalore"
...    }
... },{customerName:1,"customerAddress.city":1,_id:0}).pretty();
{ "customerName" : "Raja", "customerAddress" : { "city" : "Hyderabad" } }
> show collections
books
customer
> db.product
books.product
> db.product.insertmany([{productname:"dell",productPrice:"102k",productQt:"12"}])
uncaught exception: TypeError: db.product.insertmany is not a function :
@(shell):1:1
> db.product.insertMany([{productname:"dell",productPrice:"102k",productQt:"12"}])
{
        "acknowledged" : true,
        "insertedIds" : [
                ObjectId("632c058a7d02ab0ae74051b7")
        ]
}
> show dbs
admin   0.000GB
books   0.000GB
config  0.000GB
local   0.000GB
> p
uncaught exception: ReferenceError: p is not defined :
@(shell):1:1
> [12:19] Trainer
uncaught exception: SyntaxError: missing ] after element list :
@(shell):1:3
>     db.product.insertMany([{​​​ "product_name" : "Dell Laptop i5",   "product    db.product.insertMany([{​​​ "product_name" : "Dell Laptop i5",   "product    db.product.insertMany([{​​​ "product_name" : "Dell Laptop i5",   "product    db.product.insertMany([{​​​ "product_name" : "Dell Laptop i5",   "product    db.product.insertMany([{​​​ "product_name" : "Dell Laptop i5",   "product    db.product.insertMany([{​​​ "product_name" : "Dell Laptop i5",   "product    db.product.insertMany([{​​​ "product_name" : "Dell Laptop i5",   "product    db.product.insertMany([{​​​ "product_name" : "Dell Laptop i5",   "product    db.product.insertMany([{​​​ "product_name" : "Dell Laptop i5",   "product    db.product.insertMany([{​​​ "product_name" : "Dell Laptop i5",   "product    db.product.insertMany([{​​​ "product_name" : "Dell Laptop i5",   "product    db.product.insertMany([{​​​ "product_name" : "Dell Laptop i5",   "product    db.product.insertMany([{​​​ "product_name" : "Dell Laptop i5",   "product    db.product.insertMany([{​​​ "product_name" : "Dell Laptop i5",   "product    db.product.insertMany([{​​​ "product_name" : "Dell Laptop i5",   "product    db.product.insertMany([{​​​ "product_name" : "Dell Laptop i5",   "product    db.product.insertMany([{​​​ "product_name" : "Dell Laptop i5",   "product    db.product.insertMany([{​​​ "product_name" : "Dell Laptop i5",   "product    db.product.insertMany([{​​​ "product_name" : "Dell Laptop i5",   "product    db.product.insertMany([{​​​ "product_name" : "Dell Laptop i5",   "product    db.product.insertMany([{​​​ "product_name" : "Dell Laptop i5",   "product    db.product.insertMany([{​​​ "product_name" : "Dell Laptop i5",   "product    db.product.insertMany([{​​​ "product_name" : "Dell Laptop i5",   "product    db.product.insertMany([{​​​ "product_name" : "Dell Laptop i5",   "product    db.product.insertMany([{​​​ "product_name" : "Dell Laptop i5",   "product    db.product.insertMany([{​​​ "product_name" : "Dell Laptop i5",   "product_price" : 125.99,   "product_qty" : 19}​​​,{​​​ "product_name" : "Acer Laptop i5",   "product_price" : 105.99,   "product_qty" : 12}​​​,{​​​ "product_name" : "HP Laptop i5",   "product_price" : 145.99,   "product_qty" : 9}​​​])
uncaught exception: SyntaxError: illegal character :
@(shell):1:24
> ​[12:20] Yadav, Balwant (Guest)
uncaught exception: SyntaxError: illegal character :
@(shell):1:0
>     product
uncaught exception: ReferenceError: product is not defined :
@(shell):1:1
> [12:19] Trainer
uncaught exception: SyntaxError: missing ] after element list :
@(shell):1:3
>     db.product.insertMany([{​​​ "product_name" : "Dell Laptop i5",   "product    db.product.insertMany([{​​​ "product_name" : "Dell Laptop i5",   "product    db.product.insertMany([{​​​ "product_name" : "Dell Laptop i5",   "product    db.product.insertMany([{​​​ "product_name" : "Dell Laptop i5",   "product    db.product.insertMany([{​​​ "product_name" : "Dell Laptop i5",   "product    db.product.insertMany([{​​​ "product_name" : "Dell Laptop i5",   "product    db.product.insertMany([{​​​ "product_name" : "Dell Laptop i5",   "product    db.product.insertMany([{​​​ "product_name" : "Dell Laptop i5",   "product    db.product.insertMany([{​​​ "product_name" : "Dell Laptop i5",   "product    db.product.insertMany([{​​​ "product_name" : "Dell Laptop i5",   "product    db.product.insertMany([{​​​ "product_name" : "Dell Laptop i5",   "product    db.product.insertMany([{​​​ "product_name" : "Dell Laptop i5",   "product    db.product.insertMany([{​​​ "product_name" : "Dell Laptop i5",   "product    db.product.insertMany([{​​​ "product_name" : "Dell Laptop i5",   "product    db.product.insertMany([{​​​ "product_name" : "Dell Laptop i5",   "product    db.product.insertMany([{​​​ "product_name" : "Dell Laptop i5",   "product    db.product.insertMany([{​​​ "product_name" : "Dell Laptop i5",   "product    db.product.insertMany([{​​​ "product_name" : "Dell Laptop i5",   "product    db.product.insertMany([{​​​ "product_name" : "Dell Laptop i5",   "product    db.product.insertMany([{​​​ "product_name" : "Dell Laptop i5",   "product    db.product.insertMany([{​​​ "product_name" : "Dell Laptop i5",   "product    db.product.insertMany([{​​​ "product_name" : "Dell Laptop i5",   "product    db.product.insertMany([{​​​ "product_name" : "Dell Laptop i5",   "product    db.product.insertMany([{​​​ "product_name" : "Dell Laptop i5",   "product    db.product.insertMany([{​​​ "product_name" : "Dell Laptop i5",   "product    db.product.insertMany([{​​​ "product_name" : "Dell Laptop i5",   "product_price" : 125.99,   "product_qty" : 19}​​​,{​​​ "product_name" : "Acer Laptop i5",   "product_price" : 105.99,   "product_qty" : 12}​​​,{​​​ "product_name" : "HP Laptop i5",   "product_price" : 145.99,   "product_qty" : 9}​​​])
uncaught exception: SyntaxError: illegal character :
@(shell):1:24
> ​[12:20] Yadav, Balwant (Guest)
uncaught exception: SyntaxError: illegal character :
@(shell):1:0
>     product
uncaught exception: ReferenceError: product is not defined :
@(shell):1:1
> db.product
books.product
> [12:19] Trainer
uncaught exception: SyntaxError: missing ] after element list :
@(shell):1:3
>     db.product.insertMany([{​​​ "product_name" : "Dell Laptop i5",   "product_price" : 125.99,   "product_qty" : 19}​​​,{​​​ "product_n    db.product.insertMany([{​​​ "product_name" : "Dell Laptop i5",   "product_price" : 125.99,   "product_qty" : 19}​​​,{​​​ "product_n    db.product.insertMany([{​​​ "product_name" : "Dell Laptop i5",   "product_price" : 125.99,   "product_qty" : 19}​​​,{​​​ "product_n    db.product.insertMany([{​​​ "product_name" : "Dell Laptop i5",   "product_price" : 125.99,   "product_qty" : 19}​​​,{​​​ "product_n    db.product.insertMany([{​​​ "product_name" : "Dell Laptop i5",   "product_price" : 125.99,   "product_qty" : 19}​​​,{​​​ "product_n    db.product.insertMany([{​​​ "product_name" : "Dell Laptop i5",   "product_price" : 125.99,   "product_qty" : 19}​​​,{​​​ "product_n    db.product.insertMany([{​​​ "product_name" : "Dell Laptop i5",   "product_price" : 125.99,   "product_qty" : 19}​​​,{​​​ "product_n    db.product.insertMany([{​​​ "product_name" : "Dell Laptop i5",   "product_price" : 125.99,   "product_qty" : 19}​​​,{​​​ "product_n    db.product.insertMany([{​​​ "product_name" : "Dell Laptop i5",   "product_price" : 125.99,   "product_qty" : 19}​​​,{​​​ "product_n    db.product.insertMany([{​​​ "product_name" : "Dell Laptop i5",   "product_price" : 125.99,   "product_qty" : 19}​​​,{​​​ "product_n    db.product.insertMany([{​​​ "product_name" : "Dell Laptop i5",   "product_price" : 125.99,   "product_qty" : 19}​​​,{​​​ "product_n    db.product.insertMany([{​​​ "product_name" : "Dell Laptop i5",   "product_price" : 125.99,   "product_qty" : 19}​​​,{​​​ "product_n    db.product.insertMany([{​​​ "product_name" : "Dell Laptop i5",   "product_price" : 125.99,   "product_qty" : 19}​​​,{​​​ "product_n    db.product.insertMany([{​​​ "product_name" : "Dell Laptop i5",   "product_price" : 125.99,   "product_qty" : 19}​​​,{​​​ "product_n    db.product.insertMany([{​​​ "product_name" : "Dell Laptop i5",   "product_price" : 125.99,   "product_qty" : 19}​​​,{​​​ "product_n    db.product.insertMany([{​​​ "product_name" : "Dell Laptop i5",   "product_price" : 125.99,   "product_qty" : 19}​​​,{​​​ "product_n    db.product.insertMany([{​​​ "product_name" : "Dell Laptop i5",   "product_price" : 125.99,   "product_qty" : 19}​​​,{​​​ "product_name" : "Acer Laptop i5",   "product_price" : 105.99,   "product_qty" : 12}​​​,{​​​ "product_name" : "HP Laptop i5",   "product_price" : 145.99,   "product_qty" : 9}​​​])
uncaught exception: SyntaxError: illegal character :
@(shell):1:24
> ​[12:20] Yadav, Balwant (Guest)
uncaught exception: SyntaxError: illegal character :
@(shell):1:0
>     product
uncaught exception: ReferenceError: product is not defined :
@(shell):1:1
> use product
switched to db product
> db
product
> [12:19] Trainer
uncaught exception: SyntaxError: missing ] after element list :
@(shell):1:3
>     db.product.insertMany([{​​​ "product_name" : "Dell Laptop i5",   "product_price" : 125.99,   "product_qty" : 19}​​​,{​​​ "product_n    db.product.insertMany([{​​​ "product_name" : "Dell Laptop i5",   "product_price" : 125.99,   "product_qty" : 19}​​​,{​​​ "product_n    db.product.insertMany([{​​​ "product_name" : "Dell Laptop i5",   "product_price" : 125.99,   "product_qty" : 19}​​​,{​​​ "product_n    db.product.insertMany([{​​​ "product_name" : "Dell Laptop i5",   "product_price" : 125.99,   "product_qty" : 19}​​​,{​​​ "product_n    db.product.insertMany([{​​​ "product_name" : "Dell Laptop i5",   "product_price" : 125.99,   "product_qty" : 19}​​​,{​​​ "product_n    db.product.insertMany([{​​​ "product_name" : "Dell Laptop i5",   "product_price" : 125.99,   "product_qty" : 19}​​​,{​​​ "product_n    db.product.insertMany([{​​​ "product_name" : "Dell Laptop i5",   "product_price" : 125.99,   "product_qty" : 19}​​​,{​​​ "product_n    db.product.insertMany([{​​​ "product_name" : "Dell Laptop i5",   "product_price" : 125.99,   "product_qty" : 19}​​​,{​​​ "product_n    db.product.insertMany([{​​​ "product_name" : "Dell Laptop i5",   "product_price" : 125.99,   "product_qty" : 19}​​​,{​​​ "product_n    db.product.insertMany([{​​​ "product_name" : "Dell Laptop i5",   "product_price" : 125.99,   "product_qty" : 19}​​​,{​​​ "product_n    db.product.insertMany([{​​​ "product_name" : "Dell Laptop i5",   "product_price" : 125.99,   "product_qty" : 19}​​​,{​​​ "product_n    db.product.insertMany([{​​​ "product_name" : "Dell Laptop i5",   "product_price" : 125.99,   "product_qty" : 19}​​​,{​​​ "product_n    db.product.insertMany([{​​​ "product_name" : "Dell Laptop i5",   "product_price" : 125.99,   "product_qty" : 19}​​​,{​​​ "product_n    db.product.insertMany([{​​​ "product_name" : "Dell Laptop i5",   "product_price" : 125.99,   "product_qty" : 19}​​​,{​​​ "product_n    db.product.insertMany([{​​​ "product_name" : "Dell Laptop i5",   "product_price" : 125.99,   "product_qty" : 19}​​​,{​​​ "product_n    db.product.insertMany([{​​​ "product_name" : "Dell Laptop i5",   "product_price" : 125.99,   "product_qty" : 19}​​​,{​​​ "product_n    db.product.insertMany([{​​​ "product_name" : "Dell Laptop i5",   "product_price" : 125.99,   "product_qty" : 19}​​​,{​​​ "product_name" : "Acer Laptop i5",   "product_price" : 105.99,   "product_qty" : 12}​​​,{​​​ "product_name" : "HP Laptop i5",   "product_price" : 145.99,   "product_qty" : 9}​​​])
uncaught exception: SyntaxError: illegal character :
@(shell):1:24
> ​[12:20] Yadav, Balwant (Guest)
uncaught exception: SyntaxError: illegal character :
@(shell):1:0
>     product
uncaught exception: ReferenceError: product is not defined :
@(shell):1:1
> db.product.insertMany([{ "product_name" : "Dell Laptop i5",   "product_price" : 125.99,   "product_qty" : 19},{ "product_name" : "Acer Laptop i5",   "product_price" : 105.99,   "product_qty" : 12},{ "product_name" : "HP Laptop i5",   "product_price" : 145.99,   "product_qty" : 9}])
{
        "acknowledged" : true,
        "insertedIds" : [
                ObjectId("632c06a47d02ab0ae74051b8"),
                ObjectId("632c06a47d02ab0ae74051b9"),
                ObjectId("632c06a47d02ab0ae74051ba")
        ]
}
> db.product.find().pretty()
{
        "_id" : ObjectId("632c06a47d02ab0ae74051b8"),
        "product_name" : "Dell Laptop i5",
        "product_price" : 125.99,
        "product_qty" : 19
}
{
        "_id" : ObjectId("632c06a47d02ab0ae74051b9"),
        "product_name" : "Acer Laptop i5",
        "product_price" : 105.99,
        "product_qty" : 12
}
{
        "_id" : ObjectId("632c06a47d02ab0ae74051ba"),
        "product_name" : "HP Laptop i5",
        "product_price" : 145.99,
        "product_qty" : 9
}
> db.product.find({product_qty:{$gt:10}}).pretty();
{
        "_id" : ObjectId("632c06a47d02ab0ae74051b8"),
        "product_name" : "Dell Laptop i5",
        "product_price" : 125.99,
        "product_qty" : 19
}
{
        "_id" : ObjectId("632c06a47d02ab0ae74051b9"),
        "product_name" : "Acer Laptop i5",
        "product_price" : 105.99,
        "product_qty" : 12
}
> db.product.find({product_qty:{$gt:10}},{_id:0,product_price:0}).pretty();
{ "product_name" : "Dell Laptop i5", "product_qty" : 19 }
{ "product_name" : "Acer Laptop i5", "product_qty" : 12 }
> db.product.find({product_qty:{$gte:12}}).pretty();
{
        "_id" : ObjectId("632c06a47d02ab0ae74051b8"),
        "product_name" : "Dell Laptop i5",
        "product_price" : 125.99,
        "product_qty" : 19
}
{
        "_id" : ObjectId("632c06a47d02ab0ae74051b9"),
        "product_name" : "Acer Laptop i5",
        "product_price" : 105.99,
        "product_qty" : 12
}
> db.product.find({product_qty:{$gte:12}},{_id:0,product_price:0}).pretty();
{ "product_name" : "Dell Laptop i5", "product_qty" : 19 }
{ "product_name" : "Acer Laptop i5", "product_qty" : 12 }
> db.product.find({product_qty:{$lt:12}}).pretty();
{
        "_id" : ObjectId("632c06a47d02ab0ae74051ba"),
        "product_name" : "HP Laptop i5",
        "product_price" : 145.99,
        "product_qty" : 9
}
> db.product.find({product_qty:{$lte:12}}).pretty();
{
        "_id" : ObjectId("632c06a47d02ab0ae74051b9"),
        "product_name" : "Acer Laptop i5",
        "product_price" : 105.99,
        "product_qty" : 12
}
{
        "_id" : ObjectId("632c06a47d02ab0ae74051ba"),
        "product_name" : "HP Laptop i5",
        "product_price" : 145.99,
        "product_qty" : 9
}
> db.product.find({product_qty:{$in:[9,12]}}).pretty();
{
        "_id" : ObjectId("632c06a47d02ab0ae74051b9"),
        "product_name" : "Acer Laptop i5",
        "product_price" : 105.99,
        "product_qty" : 12
}
{
        "_id" : ObjectId("632c06a47d02ab0ae74051ba"),
        "product_name" : "HP Laptop i5",
        "product_price" : 145.99,
        "product_qty" : 9
}
> db.product.find({product_qty:{$in:[9,12]}},{_id:0,product_price:0}).pretty();
{ "product_name" : "Acer Laptop i5", "product_qty" : 12 }
{ "product_name" : "HP Laptop i5", "product_qty" : 9 }
> db.product.find({product_qty:{$nin:[9,12]}},{_id:0,product_price:0}).pretty();
{ "product_name" : "Dell Laptop i5", "product_qty" : 19 }
> db.product.find({$and:[
... {
... product_qty:9
... },
... {
... product_price:145.99
... }
... ]}).pretty();
{
        "_id" : ObjectId("632c06a47d02ab0ae74051ba"),
        "product_name" : "HP Laptop i5",
        "product_price" : 145.99,
        "product_qty" : 9
}
> db.product.find({$and:[
... {
... product_qty:9
... },
... {
... product_price:145.99
... }
... ]},{_id:0,product_price:0}).pretty();
{ "product_name" : "HP Laptop i5", "product_qty" : 9 }
> db.product.find({$and:[
... {
... product_qty:9
... },
... {
... product_price:145.99
... }
... ]},{_id:0,product_price:0}).pretty();
{ "product_name" : "HP Laptop i5", "product_qty" : 9 }
> db.product.find({$and:[ { product_qty:9 }, { product_price:145.99 } ]},{_id:0,product_price:0}).pretty();
{ "product_name" : "HP Laptop i5", "product_qty" : 9 }
> db.product.find({$or:[
... {
... product_qty:9
... },
... {
... product_price:105.99
... }
... ]}).pretty();
{
        "_id" : ObjectId("632c06a47d02ab0ae74051b9"),
        "product_name" : "Acer Laptop i5",
        "product_price" : 105.99,
        "product_qty" : 12
}
{
        "_id" : ObjectId("632c06a47d02ab0ae74051ba"),
        "product_name" : "HP Laptop i5",
        "product_price" : 145.99,
        "product_qty" : 9
}
> db.product.find({$or:[
... {
... product_qty:9
... },
... {
... product_price:105.99
... }
... ]},{_id:0,product_price:0}).pretty();
{ "product_name" : "Acer Laptop i5", "product_qty" : 12 }
{ "product_name" : "HP Laptop i5", "product_qty" : 9 }
> db.product.find({
... product_qty:{
... $not:{
...  $eq:9
...  }
... }}).pretty();
{
        "_id" : ObjectId("632c06a47d02ab0ae74051b8"),
        "product_name" : "Dell Laptop i5",
        "product_price" : 125.99,
        "product_qty" : 19
}
{
        "_id" : ObjectId("632c06a47d02ab0ae74051b9"),
        "product_name" : "Acer Laptop i5",
        "product_price" : 105.99,
        "product_qty" : 12
}
> db.product.find({
... product_qty:{
... $not:{
...  $eq:9
...  }
... }},{_id:0,product_price:0}).pretty();
{ "product_name" : "Dell Laptop i5", "product_qty" : 19 }
{ "product_name" : "Acer Laptop i5", "product_qty" : 12 }
> db.product.find({
... $nor:[{
...  product_qty:9
...  }]
... },{_id:0,product_price:0}).pretty();
{ "product_name" : "Dell Laptop i5", "product_qty" : 19 }
{ "product_name" : "Acer Laptop i5", "product_qty" : 12 }
> db.product.insertMany([{ "product_name" : "Dell Laptop i3","product_qty" : 0},{ "product_name" : "HP Laptop i3"}])
{
        "acknowledged" : true,
        "insertedIds" : [
                ObjectId("632c226a7d02ab0ae74051bb"),
                ObjectId("632c226a7d02ab0ae74051bc")
        ]
}
> db.product.find({
... product_price:{
...     $exists:true
... }},{_id:0,product_price:0}).pretty();
{ "product_name" : "Dell Laptop i5", "product_qty" : 19 }
{ "product_name" : "Acer Laptop i5", "product_qty" : 12 }
{ "product_name" : "HP Laptop i5", "product_qty" : 9 }
> db.product.find({
... product_price:{
...     $exists:1
... }},{_id:0,product_qty:0}).
... sort({product_price:1}).
... pretty();
{ "product_name" : "Acer Laptop i5", "product_price" : 105.99 }
{ "product_name" : "Dell Laptop i5", "product_price" : 125.99 }
{ "product_name" : "HP Laptop i5", "product_price" : 145.99 }
> db.product.find({
... product_price:{
...     $exists:1
... }},{_id:0,product_qty:0}).
... sort({product_price:1}).
... pretty();
{ "product_name" : "Acer Laptop i5", "product_price" : 105.99 }
{ "product_name" : "Dell Laptop i5", "product_price" : 125.99 }
{ "product_name" : "HP Laptop i5", "product_price" : 145.99 }
> db.product.find({ product_price:{     $exists:1 }},{_id:0,product_qty:0}). sort({product_price:-1}). pretty();
{ "product_name" : "HP Laptop i5", "product_price" : 145.99 }
{ "product_name" : "Dell Laptop i5", "product_price" : 125.99 }
{ "product_name" : "Acer Laptop i5", "product_price" : 105.99 }
> db.product.find({
... product_price:{
...     $exists:1
... }},{_id:0}).
... sort({
... product_price:1,
... product_qty:1
... }).
... pretty();
{
        "product_name" : "Acer Laptop i5",
        "product_price" : 105.99,
        "product_qty" : 12
}
{
        "product_name" : "Dell Laptop i5",
        "product_price" : 125.99,
        "product_qty" : 19
}
{
        "product_name" : "HP Laptop i5",
        "product_price" : 145.99,
        "product_qty" : 9
}
> db.product.find({ product_price:{     $exists:1 }},{_id:0}). sort({ product_price:1, product_qty:-1 }). pretty();
{
        "product_name" : "Acer Laptop i5",
        "product_price" : 105.99,
        "product_qty" : 12
}
{
        "product_name" : "Dell Laptop i5",
        "product_price" : 125.99,
        "product_qty" : 19
}
{
        "product_name" : "HP Laptop i5",
        "product_price" : 145.99,
        "product_qty" : 9
}
> db.product.find({ product_price:{     $exists:1 }},{_id:0}). sort({ product_price:-1, product_qty:-1 }). pretty();
{
        "product_name" : "HP Laptop i5",
        "product_price" : 145.99,
        "product_qty" : 9
}
{
        "product_name" : "Dell Laptop i5",
        "product_price" : 125.99,
        "product_qty" : 19
}
{
        "product_name" : "Acer Laptop i5",
        "product_price" : 105.99,
        "product_qty" : 12
}
> db.product.find({
... product_price:{
...     $exists:1
... }},{_id:0,product_qty:0}).
... sort({product_price:1}).
... limit(3).
... pretty();
{ "product_name" : "Acer Laptop i5", "product_price" : 105.99 }
{ "product_name" : "Dell Laptop i5", "product_price" : 125.99 }
{ "product_name" : "HP Laptop i5", "product_price" : 145.99 }
> db.product.find({ product_price:{     $exists:1 }},{_id:0,product_qty:0}). sort({product_price:1}). limit(2). pretty();
{ "product_name" : "Acer Laptop i5", "product_price" : 105.99 }
{ "product_name" : "Dell Laptop i5", "product_price" : 125.99 }
> db.product.find({
... product_price:{
...     $exists:1
... }},{_id:0,product_qty:0}).
... sort({product_price:1}).
... skip(3).
... limit(3).
... pretty();
> db.product.find({ product_price:{     $exists:1 }},{_id:0,product_qty:0}). sort({product_price:1}). skip(1). limit(2). pretty();
{ "product_name" : "Dell Laptop i5", "product_price" : 125.99 }
{ "product_name" : "HP Laptop i5", "product_price" : 145.99 }
> db.product.find({ product_price:{     $exists:1 }},{_id:0}). sort({ product_price:-1, product_qty:-1 }). pretty();
{
        "product_name" : "HP Laptop i5",
        "product_price" : 145.99,
        "product_qty" : 9
}
{
        "product_name" : "Dell Laptop i5",
        "product_price" : 125.99,
        "product_qty" : 19
}
{
        "product_name" : "Acer Laptop i5",
        "product_price" : 105.99,
        "product_qty" : 12
}
> db.product.find({ product_price:{     $exists:1 }},{_id:0,product_qty:0}). sort({product_price:1}). skip(1). limit(2). pretty();
{ "product_name" : "Dell Laptop i5", "product_price" : 125.99 }
{ "product_name" : "HP Laptop i5", "product_price" : 145.99 }
> db.product.updateMany(
...     {product_price:{$eq:null}},
...     {$set:{product_price:99}}
... );
{ "acknowledged" : true, "matchedCount" : 2, "modifiedCount" : 2 }
> db.product.updateMany(     {product_price:{$eq:125.99}},     {$set:{product_price:99}} );
{ "acknowledged" : true, "matchedCount" : 1, "modifiedCount" : 1 }
> db.product.find({ product_price:{     $exists:1 }},{_id:0,product_qty:0}). sort({product_price:1}). skip(1). limit(2). pretty();
{ "product_name" : "Dell Laptop i3", "product_price" : 99 }
{ "product_name" : "Dell Laptop i5", "product_price" : 99 }
> db.product.updateMany(     {product_price:{$eq:null}},     {$set:{product_price:99}} );
{ "acknowledged" : true, "matchedCount" : 0, "modifiedCount" : 0 }
> db.product.find({ product_price:{     $exists:1 }},{_id:0,product_qty:0}). sort({product_price:1}). skip(1). limit(2). pretty();
{ "product_name" : "Dell Laptop i3", "product_price" : 99 }
{ "product_name" : "Dell Laptop i5", "product_price" : 99 }
> db.product.updateMany(     {product_price:{$eq:99}},     {$set:{product_price:919}} );
{ "acknowledged" : true, "matchedCount" : 3, "modifiedCount" : 3 }
> db.product.updateMany({},
...     {
...         $rename:{
...             product_price:"prd_price"
...         }
...     }
... );
{ "acknowledged" : true, "matchedCount" : 5, "modifiedCount" : 5 }
> db.product.find({ product_price:{     $exists:1 }},{_id:0,product_qty:0}). sort({product_price:1}). skip(1). limit(2). pretty();
> db.product.updateMany({},     {         $rename:{             product_price:"prd_price"         }     } );
{ "acknowledged" : true, "matchedCount" : 5, "modifiedCount" : 0 }
> db.product.updateMany(
...     {_id:8},
...     {$set:{product_price:2999}}
... )
{ "acknowledged" : true, "matchedCount" : 0, "modifiedCount" : 0 }
> db.product.updateMany(
...     {_id:8},
...     {$set:{product_price:2999}},
...     {upsert : true}
... );
{
        "acknowledged" : true,
        "matchedCount" : 0,
        "modifiedCount" : 0,
        "upsertedId" : 8
}
> use cafeshop;
switched to db cafeshop
> db
cafeshop
> db.item
cafe{"_id":123,"itemname":"Coffe",itemprice:"55",itemweight:"200",itemqty:"20"
... {"_id":123,"itemname":"Coffe",itemprice:"55",itemweight:"200",itemqty:"20"
... {"_id":123,"itemname":"Coffe",itemprice:"55",itemweight:"200",itemqty:"20"
> db{"_id":123,"itemname":"Coffe",itemprice:"55",itemweight:"200",itemqty:"20"
> . {"_id":123,"itemname":"Coffe",itemprice:"55",itemweight:"200",itemqty:"20"
> db.product.updateMany(     {_id:8},     {$set:{product_price:2999}},     {upsert : true} );
{
        "acknowledged" : true,
        "matchedCount" : 0,
        "modifiedCount" : 0,
        "upsertedId" : 8
}
> db
cafeshop
> db.items
cafeshop.items
> db.items.insertMany([ {"_id":123,"itemname":"Coffee","itemprice":55,"itemweigdb.items.insertMany([ {"_id":123,"itemname":"Coffee","itemprice":55,"itemweigdb.items.insertMany([ {"_id":123,"itemname":"Coffee","itemprice":55,"itemweigdb.items.insertMany([ {"_id":123,"itemname":"Coffee","itemprice":55,"itemweigdb.items.insertMany([ {"_id":123,"itemname":"Coffee","itemprice":55,"itemweigdb.items.insertMany([ {"_id":123,"itemname":"Coffee","itemprice":55,"itemweigdb.items.insertMany([ {"_id":123,"itemname":"Coffee","itemprice":55,"itemweigdb.items.insertMany([ {"_id":123,"itemname":"Coffee","itemprice":55,"itemweigdb.items.insertMany([ {"_id":123,"itemname":"Coffee","itemprice":55,"itemweigdb.items.insertMany([ {"_id":123,"itemname":"Coffee","itemprice":55,"itemweigdb.items.insertMany([ {"_id":123,"itemname":"Coffee","itemprice":55,"itemweigdb.items.insertMany([ {"_id":123,"itemname":"Coffee","itemprice":55,"itemweigdb.items.insertMany([ {"_id":123,"itemname":"Coffee","itemprice":55,"itemweigdb.items.insertMany([ {"_id":123,"itemname":"Coffee","itemprice":55,"itemweigdb.items.insertMany([ {"_id":123,"itemname":"Coffee","itemprice":55,"itemweigdb.items.insertMany([ {"_id":123,"itemname":"Coffee","itemprice":55,"itemweigdb.items.insertMany([ {"_id":123,"itemname":"Coffee","itemprice":55,"itemweigdb.items.insertMany([ {"_id":123,"itemname":"Coffee","itemprice":55,"itemweigdb.items.insertMany([ {"_id":123,"itemname":"Coffee","itemprice":55,"itemweigdb.items.insertMany([ {"_id":123,"itemname":"Coffee","itemprice":55,"itemweigdb.items.insertMany([ {"_id":123,"itemname":"Coffee","itemprice":55,"itemweigdb.items.insertMany([ {"_id":123,"itemname":"Coffee","itemprice":55,"itemweigdb.items.insertMany([ {"_id":123,"itemname":"Coffee","itemprice":55,"itemweigdb.items.insertMany([ {"_id":123,"itemname":"Coffee","itemprice":55,"itemweigdb.items.insertMany([ {"_id":123,"itemname":"Coffee","itemprice":55,"itemweigdb.items.insertMany([ {"_id":123,"itemname":"Coffee","itemprice":55,"itemweigdb.items.insertMany([ {"_id":123,"itemname":"Coffee","itemprice":55,"itemweigdb.items.insertMany([ {"_id":123,"itemname":"Coffee","itemprice":55,"itemweigdb.items.insertMany([ {"_id":123,"itemname":"Coffee","itemprice":55,"itemweigdb.items.insertMany([ {"_id":123,"itemname":"Coffee","itemprice":55,"itemweigdb.items.insertMany([ {"_id":123,"itemname":"Coffee","itemprice":55,"itemweigdb.items.insertMany([ {"_id":123,"itemname":"Coffee","itemprice":55,"itemweigdb.items.insertMany([ {"_id":123,"itemname":"Coffee","itemprice":55,"itemweigdb.items.insertMany([ {"_id":123,"itemname":"Coffee","itemprice":55,"itemweigdb.items.insertMany([ {"_id":123,"itemname":"Coffee","itemprice":55,"itemweigdb.items.insertMany([ {"_id":123,"itemname":"Coffee","itemprice":55,"itemweigdb.items.insertMany([ {"_id":123,"itemname":"Coffee","itemprice":55,"itemweigdb.items.insertMany([ {"_id":123,"itemname":"Coffee","itemprice":55,"itemweigdb.items.insertMany([ {"_id":123,"itemname":"Coffee","itemprice":55,"itemweigdb.items.insertMany([ {"_id":123,"itemname":"Coffee","itemprice":55,"itemweigdb.items.insertMany([ {"_id":123,"itemname":"Coffee","itemprice":55,"itemweigdb.items.insertMany([ {"_id":123,"itemname":"Coffee","itemprice":55,"itemweigdb.items.insertMany([ {"_id":123,"itemname":"Coffee","itemprice":55,"itemweigdb.items.insertMany([ {"_id":123,"itemname":"Coffee","itemprice":55,"itemweigdb.items.insertMany([ {"_id":123,"itemname":"Coffee","itemprice":55,"itemweigdb.items.insertMany([ {"_id":123,"itemname":"Coffee","itemprice":55,"itemweigdb.items.insertMany([ {"_id":123,"itemname":"Coffee","itemprice":55,"itemweigdb.items.insertMany([ {"_id":123,"itemname":"Coffee","itemprice":55,"itemweigdb.items.insertMany([ {"_id":123,"itemname":"Coffee","itemprice":55,"itemweigdb.items.insertMany([ {"_id":123,"itemname":"Coffee","itemprice":55,"itemweigdb.items.insertMany([ {"_id":123,"itemname":"Coffee","itemprice":55,"itemweigdb.items.insertMany([ {"_id":123,"itemname":"Coffee","itemprice":55,"itemweigdb.items.insertMany([ {"_id":123,"itemname":"Coffee","itemprice":55,"itemweigdb.items.insertMany([ {"_id":123,"itemname":"Coffee","itemprice":55,"itemweigdb.items.insertMany([ {"_id":123,"itemname":"Coffee","itemprice":55,"itemweigdb.items.insertMany([ {"_id":123,"itemname":"Coffee","itemprice":55,"itemweigdb.items.insertMany([ {"_id":123,"itemname":"Coffee","itemprice":55,"itemweigdb.items.insertMany([ {"_id":123,"itemname":"Coffee","itemprice":55,"itemweigdb.items.insertMany([ {"_id":123,"itemname":"Coffee","itemprice":55,"itemweigdb.items.insertMany([ {"_id":123,"itemname":"Coffee","itemprice":55,"itemweigdb.items.insertMany([ {"_id":123,"itemname":"Coffee","itemprice":55,"itemweigdb.items.insertMany([ {"_id":123,"itemname":"Coffee","itemprice":55,"itemweigdb.items.insertMany([ {"_id":123,"itemname":"Coffee","itemprice":55,"itemweigdb.items.insertMany([ {"_id":123,"itemname":"Coffee","itemprice":55,"itemweigdb.items.insertMany([ {"_id":123,"itemname":"Coffee","itemprice":55,"itemweigdb.items.insertMany([ {"_id":123,"itemname":"Coffee","itemprice":55,"itemweigdb.items.insertMany([ {"_id":123,"itemname":"Coffee","itemprice":55,"itemweigdb.items.insertMany([ {"_id":123,"itemname":"Coffee","itemprice":55,"itemweigdb.items.insertMany([ {"_id":123,"itemname":"Coffee","itemprice":55,"itemweigdb.items.insertMany([ {"_id":123,"itemname":"Coffee","itemprice":55,"itemweigdb.items.insertMany([ {"_id":123,"itemname":"Coffee","itemprice":55,"itemweigdb.items.insertMany([ {"_id":123,"itemname":"Coffee","itemprice":55,"itemweigdb.items.insertMany([ {"_id":123,"itemname":"Coffee","itemprice":55,"itemweigdb.items.insertMany([ {"_id":123,"itemname":"Coffee","itemprice":55,"itemweigdb.items.insertMany([ {"_id":123,"itemname":"Coffee","itemprice":55,"itemweigdb.items.insertMany([ {"_id":123,"itemname":"Coffee","itemprice":55,"itemweigdb.items.insertMany([ {"_id":123,"itemname":"Coffee","itemprice":55,"itemweigdb.items.insertMany([ {"_id":123,"itemname":"Coffee","itemprice":55,"itemweigdb.items.insertMany([ {"_id":123,"itemname":"Coffee","itemprice":55,"itemweight":200,"itemqty":20}, {"_id":124,"itemname":"Poha","itemprice":95,"itemweighdb.items.insertMany([ {"_id":123,"itemname":"Coffee","itemprice":55,"itemweight":200,"itemqty":20}, {"_id":124,"itemname":"Poha","itemprice":95,"itemweighdb.items.insertMany([ {"_id":123,"itemname":"Coffee","itemprice":55,"itemweight":200,"itemqty":20}, {"_id":124,"itemname":"Poha","itemprice":95,"itemweighdb.items.insertMany([ {"_id":123,"itemname":"Coffee","itemprice":55,"itemweight":200,"itemqty":20}, {"_id":124,"itemname":"Poha","itemprice":95,"itemweighdb.items.insertMany([ {"_id":123,"itemname":"Coffee","itemprice":55,"itemweight":200,"itemqty":20}, {"_id":124,"itemname":"Poha","itemprice":95,"itemweighdb.items.insertMany([ {"_id":123,"itemname":"Coffee","itemprice":55,"itemweight":200,"itemqty":20}, {"_id":124,"itemname":"Poha","itemprice":95,"itemweighdb.items.insertMany([ {"_id":123,"itemname":"Coffee","itemprice":55,"itemweight":200,"itemqty":20}, {"_id":124,"itemname":"Poha","itemprice":95,"itemweighdb.items.insertMany([ {"_id":123,"itemname":"Coffee","itemprice":55,"itemweight":200,"itemqty":20}, {"_id":124,"itemname":"Poha","itemprice":95,"itemweighdb.items.insertMany([ {"_id":123,"itemname":"Coffee","itemprice":55,"itemweight":200,"itemqty":20}, {"_id":124,"itemname":"Poha","itemprice":95,"itemweighdb.items.insertMany([ {"_id":123,"itemname":"Coffee","itemprice":55,"itemweight":200,"itemqty":20}, {"_id":124,"itemname":"Poha","itemprice":95,"itemweighdb.items.insertMany([ {"_id":123,"itemname":"Coffee","itemprice":55,"itemweight":200,"itemqty":20}, {"_id":124,"itemname":"Poha","itemprice":95,"itemweighdb.items.insertMany([ {"_id":123,"itemname":"Coffee","itemprice":55,"itemweight":200,"itemqty":20}, {"_id":124,"itemname":"Poha","itemprice":95,"itemweighdb.items.insertMany([ {"_id":123,"itemname":"Coffee","itemprice":55,"itemweight":200,"itemqty":20}, {"_id":124,"itemname":"Poha","itemprice":95,"itemweighdb.items.insertMany([ {"_id":123,"itemname":"Coffee","itemprice":55,"itemweight":200,"itemqty":20}, {"_id":124,"itemname":"Poha","itemprice":95,"itemweighdb.items.insertMany([ {"_id":123,"itemname":"Coffee","itemprice":55,"itemweight":200,"itemqty":20}, {"_id":124,"itemname":"Poha","itemprice":95,"itemweighdb.items.insertMany([ {"_id":123,"itemname":"Coffee","itemprice":55,"itemweight":200,"itemqty":20}, {"_id":124,"itemname":"Poha","itemprice":95,"itemweighdb.items.insertMany([ {"_id":123,"itemname":"Coffee","itemprice":55,"itemweight":200,"itemqty":20}, {"_id":124,"itemname":"Poha","itemprice":95,"itemweighdb.items.insertMany([ {"_id":123,"itemname":"Coffee","itemprice":55,"itemweight":200,"itemqty":20}, {"_id":124,"itemname":"Poha","itemprice":95,"itemweighdb.items.insertMany([ {"_id":123,"itemname":"Coffee","itemprice":55,"itemweight":200,"itemqty":20}, {"_id":124,"itemname":"Poha","itemprice":95,"itemweighdb.items.insertMany([ {"_id":123,"itemname":"Coffee","itemprice":55,"itemweight":200,"itemqty":20}, {"_id":124,"itemname":"Poha","itemprice":95,"itemweighdb.items.insertMany([ {"_id":123,"itemname":"Coffee","itemprice":55,"itemweight":200,"itemqty":20}, {"_id":124,"itemname":"Poha","itemprice":95,"itemweighdb.items.insertMany([ {"_id":123,"itemname":"Coffee","itemprice":55,"itemweight":200,"itemqty":20}, {"_id":124,"itemname":"Poha","itemprice":95,"itemweighdb.items.insertMany([ {"_id":123,"itemname":"Coffee","itemprice":55,"itemweight":200,"itemqty":20}, {"_id":124,"itemname":"Poha","itemprice":95,"itemweighdb.items.insertMany([ {"_id":123,"itemname":"Coffee","itemprice":55,"itemweight":200,"itemqty":20}, {"_id":124,"itemname":"Poha","itemprice":95,"itemweighdb.items.insertMany([ {"_id":123,"itemname":"Coffee","itemprice":55,"itemweight":200,"itemqty":20}, {"_id":124,"itemname":"Poha","itemprice":95,"itemweighdb.items.insertMany([ {"_id":123,"itemname":"Coffee","itemprice":55,"itemweight":200,"itemqty":20}, {"_id":124,"itemname":"Poha","itemprice":95,"itemweighdb.items.insertMany([ {"_id":123,"itemname":"Coffee","itemprice":55,"itemweight":200,"itemqty":20}, {"_id":124,"itemname":"Poha","itemprice":95,"itemweighdb.items.insertMany([ {"_id":123,"itemname":"Coffee","itemprice":55,"itemweight":200,"itemqty":20}, {"_id":124,"itemname":"Poha","itemprice":95,"itemweighdb.items.insertMany([ {"_id":123,"itemname":"Coffee","itemprice":55,"itemweight":200,"itemqty":20}, {"_id":124,"itemname":"Poha","itemprice":95,"itemweighdb.items.insertMany([ {"_id":123,"itemname":"Coffee","itemprice":55,"itemweight":200,"itemqty":20}, {"_id":124,"itemname":"Poha","itemprice":95,"itemweighdb.items.insertMany([ {"_id":123,"itemname":"Coffee","itemprice":55,"itemweight":200,"itemqty":20}, {"_id":124,"itemname":"Poha","itemprice":95,"itemweighdb.items.insertMany([ {"_id":123,"itemname":"Coffee","itemprice":55,"itemweight":200,"itemqty":20}, {"_id":124,"itemname":"Poha","itemprice":95,"itemweight":250,"itemqty":25},  {"_id":128,"itemname":"SandWich","itemprice":155,"itemweight":300,"itemqty":15} ])
{ "acknowledged" : true, "insertedIds" : [ 123, 124, 128 ] }
> db.items.aggregate([
...
...
...
... {
...     $group: {
...        _id:null,
...        totalQty : {$sum : '$itemqty'}
...     },
... },
...
...
...
... ]);
{ "_id" : null, "totalQty" : 60 }
> db.items.aggregate([     {     $group: {        _id:null,        totalQty : {$sum : '$itemqty'}     }, },  { $projection :{id:0}}   ]);
uncaught exception: Error: command failed: {
        "ok" : 0,
        "errmsg" : "Unrecognized pipeline stage name: '$projection'",
        "code" : 40324,
        "codeName" : "Location40324"
} with original command request: {
        "aggregate" : "items",
        "pipeline" : [
                {
                        "$group" : {
                                "_id" : null,
                                "totalQty" : {
                                        "$sum" : "$itemqty"
                                }
                        }
                },
                {
                        "$projection" : {
                                "id" : 0
                        }
                }
        ],
        "cursor" : {

        },
        "lsid" : {
                "id" : UUID("739c725c-2c82-420b-9f7f-3db4a4598b34")
        }
} on connection: connection to 127.0.0.1:27017 : aggregate failed :
_getErrorWithCode@src/mongo/shell/utils.js:25:13
doassert@src/mongo/shell/assert.js:18:14
_assertCommandWorked@src/mongo/shell/assert.js:759:17
assert.commandWorked@src/mongo/shell/assert.js:851:16
DB.prototype._runAggregate@src/mongo/shell/db.js:281:5
DBCollection.prototype.aggregate@src/mongo/shell/collection.js:1058:12
@(shell):1:1
> db.items.aggregate([
...
...
...
... {
...     $group: {
...        _id:null,
...        totalQty : {$sum : '$itemqty'}
...     },
... },
... { $project : {_id:0}},
...
...
...
... ]);
{ "totalQty" : 60 }
> db.items.find().pretty()
{
        "_id" : 123,
        "itemname" : "Coffee",
        "itemprice" : 55,
        "itemweight" : 200,
        "itemqty" : 20
}
{
        "_id" : 124,
        "itemname" : "Poha",
        "itemprice" : 95,
        "itemweight" : 250,
        "itemqty" : 25
}
{
        "_id" : 128,
        "itemname" : "SandWich",
        "itemprice" : 155,
        "itemweight" : 300,
        "itemqty" : 15
}
> db.items.insertMany([ {"_id":129,"itemname":"Coffee","itemprice":155,"itemweight":500,"itemqty":20}, {"_id":134,"itemname":"Poha","itemprice":295,"itemweight":500,"itemqty":25},  {"_id":138,"itemname":"SandWich","itemprice":355,"itemweight":500,"itemqty":15} ])
{ "acknowledged" : true, "insertedIds" : [ 129, 134, 138 ] }
> db.items.aggregate([  { $group: {    _id:'$itemname',    totalQty : {$sum : '$itemqty'} }, },  ]);
{ "_id" : "Coffee", "totalQty" : 40 }
{ "_id" : "Poha", "totalQty" : 50 }
{ "_id" : "SandWich", "totalQty" : 30 }
> db.items.aggregate([
... {
... $group: {
...      _id:'$itemname',
...      totalQty : {$sum : '$itemqty'} ,
... },
... },
... {$match:{totalQty:{$gt:30}}},
... ]);
{ "_id" : "Coffee", "totalQty" : 40 }
{ "_id" : "Poha", "totalQty" : 50 }
> db.items.aggregate([
... {
... $group: {
...      _id:'$itemname',
...      totalQty : {$sum : '$itemqty'} ,
... },
... },
... {$match:{totalQty:{$gt:30}}},
... {$sort:{totalQty:1}},
... ]);
{ "_id" : "Coffee", "totalQty" : 40 }
{ "_id" : "Poha", "totalQty" : 50 }
> db.items.aggregate([
... {
... $group: {
...      _id:'$itemname',
...      totalQty : {$sum : '$itemqty'} ,
... },
... },
... {$match:{totalQty:{$gt:30}}},
... {$sort:{totalQty:-1}},
... ]);
{ "_id" : "Poha", "totalQty" : 50 }
{ "_id" : "Coffee", "totalQty" : 40 }
> db.items.aggregate([
... {
... $group: {
...      _id:'$itemname',
...      totalQty : {$sum : '$itemqty'} ,
... },
... },
... {$match:{totalQty:{$gt:30}}},
... {$sort:{totalQty:-1}},
... ]);
{ "_id" : "Poha", "totalQty" : 50 }
{ "_id" : "Coffee", "totalQty" : 40 }
> db.items.aggregate([  { $group: {    _id:'$itemname',    itemsCount:{$count:{}} }, },  ]);
{ "_id" : "Coffee", "itemsCount" : 2 }
{ "_id" : "Poha", "itemsCount" : 2 }
{ "_id" : "SandWich", "itemsCount" : 2 }
> db.items.aggregate([  { $group: {    _id:null,    itemsCount:{$count:{}} }, },  ]);
{ "_id" : null, "itemsCount" : 6 }
> db.items.insertMany([ {"_id":139,"itemname":"Coffee","itemprice":355,"itemweight":750,"itemqty":15}, {"_id":144,"itemname":"Poha","itemprice":495,"itemweight":750,"itemqty":5}])
{ "acknowledged" : true, "insertedIds" : [ 139, 144 ] }
> db.items.aggregate([  { $group: {    _id:'$itemname',    itemsCount:{$count:{}} }, },  ]);
{ "_id" : "Coffee", "itemsCount" : 3 }
{ "_id" : "Poha", "itemsCount" : 3 }
{ "_id" : "SandWich", "itemsCount" : 2 }
> db.items.aggregate([  { $group: {    _id:'$itemname',    itemsCount:{$count:{}} }, },
... {
...   $match : { itemsCount:{$gt:2} },
... },
... ]);
{ "_id" : "Coffee", "itemsCount" : 3 }
{ "_id" : "Poha", "itemsCount" : 3 }
> db.items.aggregate([  { $group: {    _id:'$itemname',    itemsCount:{$count:{}} }, }, {   $match : { itemsCount:{$gt:2} }, },{sort:totalQty:-1} ]);
uncaught exception: SyntaxError: missing } after property list :
@(shell):1:139
> db.items.aggregate([  { $group: {    _id:'$itemname',    itemsCount:{$count:{}} }, }, {   $match : { itemsCount:{$gt:2} }, },{sort:{totalQty:-1}}, ]);
uncaught exception: Error: command failed: {
        "ok" : 0,
        "errmsg" : "Unrecognized pipeline stage name: 'sort'",
        "code" : 40324,
        "codeName" : "Location40324"
} with original command request: {
        "aggregate" : "items",
        "pipeline" : [
                {
                        "$group" : {
                                "_id" : "$itemname",
                                "itemsCount" : {
                                        "$count" : {

                                        }
                                }
                        }
                },
                {
                        "$match" : {
                                "itemsCount" : {
                                        "$gt" : 2
                                }
                        }
                },
                {
                        "sort" : {
                                "totalQty" : -1
                        }
                }
        ],
        "cursor" : {

        },
        "lsid" : {
                "id" : UUID("739c725c-2c82-420b-9f7f-3db4a4598b34")
        }
} on connection: connection to 127.0.0.1:27017 : aggregate failed :
_getErrorWithCode@src/mongo/shell/utils.js:25:13
doassert@src/mongo/shell/assert.js:18:14
_assertCommandWorked@src/mongo/shell/assert.js:759:17
assert.commandWorked@src/mongo/shell/assert.js:851:16
DB.prototype._runAggregate@src/mongo/shell/db.js:281:5
DBCollection.prototype.aggregate@src/mongo/shell/collection.js:1058:12
@(shell):1:1
> db.items.aggregate([  { $group: {    _id:'$itemname',    itemsCount:{$count:{}} }, }, {   $match : { itemsCount:{$gt:2} }, },{$sort:{totalQty:-1}}, ]);
{ "_id" : "Coffee", "itemsCount" : 3 }
{ "_id" : "Poha", "itemsCount" : 3 }
> db.items.aggregate([  { $group: {    _id:'$itemname',    avgQty:{$avg:'$itemqty'} }, },  ]);
{ "_id" : "Coffee", "avgQty" : 18.333333333333332 }
{ "_id" : "Poha", "avgQty" : 18.333333333333332 }
{ "_id" : "SandWich", "avgQty" : 15 }
> db.items.aggregate([  { $group: {    _id:'$itemname',    avgQty:{$avg:'$itemqty'} }, },
... {
...   $match : { avgQty:{$gt:15} },
... },
... ]);
{ "_id" : "Coffee", "avgQty" : 18.333333333333332 }
{ "_id" : "Poha", "avgQty" : 18.333333333333332 }
> db.items.aggregate([  { $group: {    _id:'$itemname',    avgQty:{$avg:'$itemqty'} }, },
... {
...   $match : { avgQty:{$gt:15} },
... },
... ]);
{ "_id" : "Coffee", "avgQty" : 18.333333333333332 }
{ "_id" : "Poha", "avgQty" : 18.333333333333332 }
> db.items.aggregate([  { $group: {    _id:'$itemname',    avgQty:{$avg:'$itemqty'} }, },
... {
...   $match : { avgQty:{$gt:15} },
... },
... {$sort:{totalQty:-1}},
... ]);
{ "_id" : "Coffee", "avgQty" : 18.333333333333332 }
{ "_id" : "Poha", "avgQty" : 18.333333333333332 }
> db.items.aggregate([
... {
... $group: {
... _id:'$itemname',
... avgAmt:{$avg:{$multiply :['$itemqty','$itemprice']}} }, },
... {
...   $match : { avgAmt:{$gt:3200} },
... },
... {$sort:{avgAmt:-1}},
... ]);
{ "_id" : "Poha", "avgAmt" : 4075 }
{ "_id" : "SandWich", "avgAmt" : 3825 }
> db.items.aggregate([  { $group: {    _id:null,    maxQty:{$max:'$itemqty'} }, },
... { $project : {_id:0}},
... ]);
{ "maxQty" : 25 }
> db.items.aggregate([  { $group: {    _id:'$itemname',    maxQty:{$max:'$itemqty'} }, },
... ]);
{ "_id" : "Coffee", "maxQty" : 20 }
{ "_id" : "Poha", "maxQty" : 25 }
{ "_id" : "SandWich", "maxQty" : 15 }
> db.items.aggregate([  { $group: {    _id:null,    minQty:{$min:'$itemqty'} }, },
... { $project : {_id:0}},
... ]);
{ "minQty" : 5 }
> db.items.aggregate([  { $group: {    _id:'$itemname',    minQty:{$min:'$itemqty'} }, },
... ]);
{ "_id" : "Coffee", "minQty" : 15 }
{ "_id" : "Poha", "minQty" : 5 }
{ "_id" : "SandWich", "minQty" : 15 }
>



















































































































db
test
> shows db
uncaught exception: SyntaxError: unexpected token: identifier :
@(shell):1:6
> show dbs
admin   0.000GB
config  0.000GB
local   0.000GB
> use books
switched to db books
> db
books
> db.books.insertOne({name:"alam",email:"abc@gmail.com"})
{
        "acknowledged" : true,
        "insertedId" : ObjectId("632be9e87d02ab0ae74051b1")
}
> show dbs
admin   0.000GB
books   0.000GB
config  0.000GB
local   0.000GB
> db.books.find()
{ "_id" : ObjectId("632be9e87d02ab0ae74051b1"), "name" : "alam", "email" : "abc@gmail.com" }
> db.books.find().pretty()
{
        "_id" : ObjectId("632be9e87d02ab0ae74051b1"),
        "name" : "alam",
        "email" : "abc@gmail.com"
}
> db.books.insertMany[({name:"alam",email:"abc@gmail.com"},{age:"25",name:"sandeeep"},{author:"xyz",age:"40"}])
uncaught exception: SyntaxError: missing ) in parenthetical :
@(shell):1:107
> db.books.insertMany([{name:"alam",email:"abc@gmail.com"},{age:"25",name:"sandeeep"},{author:"xyz",age:"40"}])
{
        "acknowledged" : true,
        "insertedIds" : [
                ObjectId("632beb387d02ab0ae74051b2"),
                ObjectId("632beb387d02ab0ae74051b3"),
                ObjectId("632beb387d02ab0ae74051b4")
        ]
}
> db.books.find().pretty()
{
        "_id" : ObjectId("632be9e87d02ab0ae74051b1"),
        "name" : "alam",
        "email" : "abc@gmail.com"
}
{
        "_id" : ObjectId("632beb387d02ab0ae74051b2"),
        "name" : "alam",
        "email" : "abc@gmail.com"
}
{
        "_id" : ObjectId("632beb387d02ab0ae74051b3"),
        "age" : "25",
        "name" : "sandeeep"
}
{
        "_id" : ObjectId("632beb387d02ab0ae74051b4"),
        "author" : "xyz",
        "age" : "40"
}
> db.books.updateOne({"author":"xyz"},{$set:{"age":"30"}})
{ "acknowledged" : true, "matchedCount" : 1, "modifiedCount" : 1 }
> db.books.find().pretty()
{
        "_id" : ObjectId("632be9e87d02ab0ae74051b1"),
        "name" : "alam",
        "email" : "abc@gmail.com"
}
{
        "_id" : ObjectId("632beb387d02ab0ae74051b2"),
        "name" : "alam",
        "email" : "abc@gmail.com"
}
{
        "_id" : ObjectId("632beb387d02ab0ae74051b3"),
        "age" : "25",
        "name" : "sandeeep"
}
{
        "_id" : ObjectId("632beb387d02ab0ae74051b4"),
        "author" : "xyz",
        "age" : "30"
}
> db.books.insertMany([{name:"alam",email:"abc@gmail.com"},{age:"25",name:"sanddb.books.insertMany[({name:"alam",email:"abc@gmail.com"},{age:"25",name:"sanddb.books.insertMany[({name:"alam",email:"abc@gmail.com"},{age:"25",name:"sanddb.books.insertMany([{name:"alam",email:"abc@gmail.com"},{age:"25",name:"sanddb.books.insertMany([{name:"alam",email:"abc@gmail.com"},{age:"25",name:"sanddb.books.insertMany[({name:"alam",email:"abc@gmail.com"},{age:"25",name:"sand
> db.books.find({},{age:1}).pretty()
{ "_id" : ObjectId("632be9e87d02ab0ae74051b1") }
{ "_id" : ObjectId("632beb387d02ab0ae74051b2") }
{ "_id" : ObjectId("632beb387d02ab0ae74051b3"), "age" : "25" }
{ "_id" : ObjectId("632beb387d02ab0ae74051b4"), "age" : "30" }
> db.customer
books.customer
> db.customer.insertMany([
... {
... customerName:"alam",
... customerEmail:"as@gmail.com",
... customerAddress{
... city:up;
... state:up;}
... }])
uncaught exception: SyntaxError: missing : after property id :
@(shell):5:15
> db.customer.insertMany([ { customerName: "Rama", customerEmail: "ram@gmail.com", customerAddress:{ city:"Bangalore", state:"Karnataka" } },{ customerName: "Raja", customerEmail: "raj@gmail.com", customerAddress:{ city:"Hyderabad", state:"Telangana" } }]);
{
        "acknowledged" : true,
        "insertedIds" : [
                ObjectId("632c007a7d02ab0ae74051b5"),
                ObjectId("632c007a7d02ab0ae74051b6")
        ]
}
> db.customer.find().pretty()
{
        "_id" : ObjectId("632c007a7d02ab0ae74051b5"),
        "customerName" : "Rama",
        "customerEmail" : "ram@gmail.com",
        "customerAddress" : {
                "city" : "Bangalore",
                "state" : "Karnataka"
        }
}
{
        "_id" : ObjectId("632c007a7d02ab0ae74051b6"),
        "customerName" : "Raja",
        "customerEmail" : "raj@gmail.com",
        "customerAddress" : {
                "city" : "Hyderabad",
                "state" : "Telangana"
        }
}
> db.books.find({published_year:"2012"},{title:1,author:1,published_year:1,_id:0}).pretty();
> db.books.find({published_year:"2012"},{title:1,author:1,published_year:1,_id:0}).pretty();
> db.books.find({published_year:"2012"},{title:1,author:1,published_year:1,_id:0}).pretty()
> db.books.find({published_year:"2012"},{title:1,author:1,published_year:1,_id:0}).pretty(
> db.books.find({published_year:"2012"},{title:1,author:1,published_year:1,_id:0}).pretty
> db.books.find({published_year:"2012"},{title:1,author:1,published_year:1,_id:0}).prett
> db.books.find({published_year:"2012"},{title:1,author:1,published_year:1,_id:0}).pret
> db.books.find({published_year:"2012"},{title:1,author:1,published_year:1,_id:0}).pre
> db.books.find({published_year:"2012"},{title:1,author:1,published_year:1,_id:0}).pr
> db.books.find({published_year:"2012"},{title:1,author:1,published_year:1,_id:0}).p
> db.books.find({published_year:"2012"},{title:1,author:1,published_year:1,_id:0}).
> db.books.find({published_year:"2012"},{title:1,author:1,published_year:1,_id:0})
> db.books.find({published_year:"2012"},{title:1,author:1,published_year:1,_id:0}
> db.books.find({published_year:"2012"},{title:1,author:1,published_year:1,_id:0
> db.books.find({published_year:"2012"},{title:1,author:1,published_year:1,_id:
> db.books.find({published_year:"2012"},{title:1,author:1,published_year:1,_id:0}).pretty();
> db.books.find({published_year:"2012"},{title:1,author:1,published_year:1,_i
> db.books.find({published_year:
...
...
...
... {$eq:"2012"}
... },
... {title:1,author:1,published_year:1,_id:0}).pretty();
> db.books.find({author:  {$ne:"John Grisham"} },
... {title:1,author:1,published_year:1,_id:0}).pretty();
{ }
{ }
{ }
{ "author" : "xyz" }
> db.customer.find({
...   "customerAddress.city" : {
...     $ne:"Bangalore"
...    }
... },{customerName:1,"customerAddress.city":1,_id:0}).pretty();
{ "customerName" : "Raja", "customerAddress" : { "city" : "Hyderabad" } }
> show collections
books
customer
> db.product
books.product
> db.product.insertmany([{productname:"dell",productPrice:"102k",productQt:"12"}])
uncaught exception: TypeError: db.product.insertmany is not a function :
@(shell):1:1
> db.product.insertMany([{productname:"dell",productPrice:"102k",productQt:"12"}])
{
        "acknowledged" : true,
        "insertedIds" : [
                ObjectId("632c058a7d02ab0ae74051b7")
        ]
}
> show dbs
admin   0.000GB
books   0.000GB
config  0.000GB
local   0.000GB
> p
uncaught exception: ReferenceError: p is not defined :
@(shell):1:1
> [12:19] Trainer
uncaught exception: SyntaxError: missing ] after element list :
@(shell):1:3
>     db.product.insertMany([{​​​ "product_name" : "Dell Laptop i5",   "product    db.product.insertMany([{​​​ "product_name" : "Dell Laptop i5",   "product    db.product.insertMany([{​​​ "product_name" : "Dell Laptop i5",   "product    db.product.insertMany([{​​​ "product_name" : "Dell Laptop i5",   "product    db.product.insertMany([{​​​ "product_name" : "Dell Laptop i5",   "product    db.product.insertMany([{​​​ "product_name" : "Dell Laptop i5",   "product    db.product.insertMany([{​​​ "product_name" : "Dell Laptop i5",   "product    db.product.insertMany([{​​​ "product_name" : "Dell Laptop i5",   "product    db.product.insertMany([{​​​ "product_name" : "Dell Laptop i5",   "product    db.product.insertMany([{​​​ "product_name" : "Dell Laptop i5",   "product    db.product.insertMany([{​​​ "product_name" : "Dell Laptop i5",   "product    db.product.insertMany([{​​​ "product_name" : "Dell Laptop i5",   "product    db.product.insertMany([{​​​ "product_name" : "Dell Laptop i5",   "product    db.product.insertMany([{​​​ "product_name" : "Dell Laptop i5",   "product    db.product.insertMany([{​​​ "product_name" : "Dell Laptop i5",   "product    db.product.insertMany([{​​​ "product_name" : "Dell Laptop i5",   "product    db.product.insertMany([{​​​ "product_name" : "Dell Laptop i5",   "product    db.product.insertMany([{​​​ "product_name" : "Dell Laptop i5",   "product    db.product.insertMany([{​​​ "product_name" : "Dell Laptop i5",   "product    db.product.insertMany([{​​​ "product_name" : "Dell Laptop i5",   "product    db.product.insertMany([{​​​ "product_name" : "Dell Laptop i5",   "product    db.product.insertMany([{​​​ "product_name" : "Dell Laptop i5",   "product    db.product.insertMany([{​​​ "product_name" : "Dell Laptop i5",   "product    db.product.insertMany([{​​​ "product_name" : "Dell Laptop i5",   "product    db.product.insertMany([{​​​ "product_name" : "Dell Laptop i5",   "product    db.product.insertMany([{​​​ "product_name" : "Dell Laptop i5",   "product_price" : 125.99,   "product_qty" : 19}​​​,{​​​ "product_name" : "Acer Laptop i5",   "product_price" : 105.99,   "product_qty" : 12}​​​,{​​​ "product_name" : "HP Laptop i5",   "product_price" : 145.99,   "product_qty" : 9}​​​])
uncaught exception: SyntaxError: illegal character :
@(shell):1:24
> ​[12:20] Yadav, Balwant (Guest)
uncaught exception: SyntaxError: illegal character :
@(shell):1:0
>     product
uncaught exception: ReferenceError: product is not defined :
@(shell):1:1
> [12:19] Trainer
uncaught exception: SyntaxError: missing ] after element list :
@(shell):1:3
>     db.product.insertMany([{​​​ "product_name" : "Dell Laptop i5",   "product    db.product.insertMany([{​​​ "product_name" : "Dell Laptop i5",   "product    db.product.insertMany([{​​​ "product_name" : "Dell Laptop i5",   "product    db.product.insertMany([{​​​ "product_name" : "Dell Laptop i5",   "product    db.product.insertMany([{​​​ "product_name" : "Dell Laptop i5",   "product    db.product.insertMany([{​​​ "product_name" : "Dell Laptop i5",   "product    db.product.insertMany([{​​​ "product_name" : "Dell Laptop i5",   "product    db.product.insertMany([{​​​ "product_name" : "Dell Laptop i5",   "product    db.product.insertMany([{​​​ "product_name" : "Dell Laptop i5",   "product    db.product.insertMany([{​​​ "product_name" : "Dell Laptop i5",   "product    db.product.insertMany([{​​​ "product_name" : "Dell Laptop i5",   "product    db.product.insertMany([{​​​ "product_name" : "Dell Laptop i5",   "product    db.product.insertMany([{​​​ "product_name" : "Dell Laptop i5",   "product    db.product.insertMany([{​​​ "product_name" : "Dell Laptop i5",   "product    db.product.insertMany([{​​​ "product_name" : "Dell Laptop i5",   "product    db.product.insertMany([{​​​ "product_name" : "Dell Laptop i5",   "product    db.product.insertMany([{​​​ "product_name" : "Dell Laptop i5",   "product    db.product.insertMany([{​​​ "product_name" : "Dell Laptop i5",   "product    db.product.insertMany([{​​​ "product_name" : "Dell Laptop i5",   "product    db.product.insertMany([{​​​ "product_name" : "Dell Laptop i5",   "product    db.product.insertMany([{​​​ "product_name" : "Dell Laptop i5",   "product    db.product.insertMany([{​​​ "product_name" : "Dell Laptop i5",   "product    db.product.insertMany([{​​​ "product_name" : "Dell Laptop i5",   "product    db.product.insertMany([{​​​ "product_name" : "Dell Laptop i5",   "product    db.product.insertMany([{​​​ "product_name" : "Dell Laptop i5",   "product    db.product.insertMany([{​​​ "product_name" : "Dell Laptop i5",   "product_price" : 125.99,   "product_qty" : 19}​​​,{​​​ "product_name" : "Acer Laptop i5",   "product_price" : 105.99,   "product_qty" : 12}​​​,{​​​ "product_name" : "HP Laptop i5",   "product_price" : 145.99,   "product_qty" : 9}​​​])
uncaught exception: SyntaxError: illegal character :
@(shell):1:24
> ​[12:20] Yadav, Balwant (Guest)
uncaught exception: SyntaxError: illegal character :
@(shell):1:0
>     product
uncaught exception: ReferenceError: product is not defined :
@(shell):1:1
> db.product
books.product
> [12:19] Trainer
uncaught exception: SyntaxError: missing ] after element list :
@(shell):1:3
>     db.product.insertMany([{​​​ "product_name" : "Dell Laptop i5",   "product_price" : 125.99,   "product_qty" : 19}​​​,{​​​ "product_n    db.product.insertMany([{​​​ "product_name" : "Dell Laptop i5",   "product_price" : 125.99,   "product_qty" : 19}​​​,{​​​ "product_n    db.product.insertMany([{​​​ "product_name" : "Dell Laptop i5",   "product_price" : 125.99,   "product_qty" : 19}​​​,{​​​ "product_n    db.product.insertMany([{​​​ "product_name" : "Dell Laptop i5",   "product_price" : 125.99,   "product_qty" : 19}​​​,{​​​ "product_n    db.product.insertMany([{​​​ "product_name" : "Dell Laptop i5",   "product_price" : 125.99,   "product_qty" : 19}​​​,{​​​ "product_n    db.product.insertMany([{​​​ "product_name" : "Dell Laptop i5",   "product_price" : 125.99,   "product_qty" : 19}​​​,{​​​ "product_n    db.product.insertMany([{​​​ "product_name" : "Dell Laptop i5",   "product_price" : 125.99,   "product_qty" : 19}​​​,{​​​ "product_n    db.product.insertMany([{​​​ "product_name" : "Dell Laptop i5",   "product_price" : 125.99,   "product_qty" : 19}​​​,{​​​ "product_n    db.product.insertMany([{​​​ "product_name" : "Dell Laptop i5",   "product_price" : 125.99,   "product_qty" : 19}​​​,{​​​ "product_n    db.product.insertMany([{​​​ "product_name" : "Dell Laptop i5",   "product_price" : 125.99,   "product_qty" : 19}​​​,{​​​ "product_n    db.product.insertMany([{​​​ "product_name" : "Dell Laptop i5",   "product_price" : 125.99,   "product_qty" : 19}​​​,{​​​ "product_n    db.product.insertMany([{​​​ "product_name" : "Dell Laptop i5",   "product_price" : 125.99,   "product_qty" : 19}​​​,{​​​ "product_n    db.product.insertMany([{​​​ "product_name" : "Dell Laptop i5",   "product_price" : 125.99,   "product_qty" : 19}​​​,{​​​ "product_n    db.product.insertMany([{​​​ "product_name" : "Dell Laptop i5",   "product_price" : 125.99,   "product_qty" : 19}​​​,{​​​ "product_n    db.product.insertMany([{​​​ "product_name" : "Dell Laptop i5",   "product_price" : 125.99,   "product_qty" : 19}​​​,{​​​ "product_n    db.product.insertMany([{​​​ "product_name" : "Dell Laptop i5",   "product_price" : 125.99,   "product_qty" : 19}​​​,{​​​ "product_n    db.product.insertMany([{​​​ "product_name" : "Dell Laptop i5",   "product_price" : 125.99,   "product_qty" : 19}​​​,{​​​ "product_name" : "Acer Laptop i5",   "product_price" : 105.99,   "product_qty" : 12}​​​,{​​​ "product_name" : "HP Laptop i5",   "product_price" : 145.99,   "product_qty" : 9}​​​])
uncaught exception: SyntaxError: illegal character :
@(shell):1:24
> ​[12:20] Yadav, Balwant (Guest)
uncaught exception: SyntaxError: illegal character :
@(shell):1:0
>     product
uncaught exception: ReferenceError: product is not defined :
@(shell):1:1
> use product
switched to db product
> db
product
> [12:19] Trainer
uncaught exception: SyntaxError: missing ] after element list :
@(shell):1:3
>     db.product.insertMany([{​​​ "product_name" : "Dell Laptop i5",   "product_price" : 125.99,   "product_qty" : 19}​​​,{​​​ "product_n    db.product.insertMany([{​​​ "product_name" : "Dell Laptop i5",   "product_price" : 125.99,   "product_qty" : 19}​​​,{​​​ "product_n    db.product.insertMany([{​​​ "product_name" : "Dell Laptop i5",   "product_price" : 125.99,   "product_qty" : 19}​​​,{​​​ "product_n    db.product.insertMany([{​​​ "product_name" : "Dell Laptop i5",   "product_price" : 125.99,   "product_qty" : 19}​​​,{​​​ "product_n    db.product.insertMany([{​​​ "product_name" : "Dell Laptop i5",   "product_price" : 125.99,   "product_qty" : 19}​​​,{​​​ "product_n    db.product.insertMany([{​​​ "product_name" : "Dell Laptop i5",   "product_price" : 125.99,   "product_qty" : 19}​​​,{​​​ "product_n    db.product.insertMany([{​​​ "product_name" : "Dell Laptop i5",   "product_price" : 125.99,   "product_qty" : 19}​​​,{​​​ "product_n    db.product.insertMany([{​​​ "product_name" : "Dell Laptop i5",   "product_price" : 125.99,   "product_qty" : 19}​​​,{​​​ "product_n    db.product.insertMany([{​​​ "product_name" : "Dell Laptop i5",   "product_price" : 125.99,   "product_qty" : 19}​​​,{​​​ "product_n    db.product.insertMany([{​​​ "product_name" : "Dell Laptop i5",   "product_price" : 125.99,   "product_qty" : 19}​​​,{​​​ "product_n    db.product.insertMany([{​​​ "product_name" : "Dell Laptop i5",   "product_price" : 125.99,   "product_qty" : 19}​​​,{​​​ "product_n    db.product.insertMany([{​​​ "product_name" : "Dell Laptop i5",   "product_price" : 125.99,   "product_qty" : 19}​​​,{​​​ "product_n    db.product.insertMany([{​​​ "product_name" : "Dell Laptop i5",   "product_price" : 125.99,   "product_qty" : 19}​​​,{​​​ "product_n    db.product.insertMany([{​​​ "product_name" : "Dell Laptop i5",   "product_price" : 125.99,   "product_qty" : 19}​​​,{​​​ "product_n    db.product.insertMany([{​​​ "product_name" : "Dell Laptop i5",   "product_price" : 125.99,   "product_qty" : 19}​​​,{​​​ "product_n    db.product.insertMany([{​​​ "product_name" : "Dell Laptop i5",   "product_price" : 125.99,   "product_qty" : 19}​​​,{​​​ "product_n    db.product.insertMany([{​​​ "product_name" : "Dell Laptop i5",   "product_price" : 125.99,   "product_qty" : 19}​​​,{​​​ "product_name" : "Acer Laptop i5",   "product_price" : 105.99,   "product_qty" : 12}​​​,{​​​ "product_name" : "HP Laptop i5",   "product_price" : 145.99,   "product_qty" : 9}​​​])
uncaught exception: SyntaxError: illegal character :
@(shell):1:24
> ​[12:20] Yadav, Balwant (Guest)
uncaught exception: SyntaxError: illegal character :
@(shell):1:0
>     product
uncaught exception: ReferenceError: product is not defined :
@(shell):1:1
> db.product.insertMany([{ "product_name" : "Dell Laptop i5",   "product_price" : 125.99,   "product_qty" : 19},{ "product_name" : "Acer Laptop i5",   "product_price" : 105.99,   "product_qty" : 12},{ "product_name" : "HP Laptop i5",   "product_price" : 145.99,   "product_qty" : 9}])
{
        "acknowledged" : true,
        "insertedIds" : [
                ObjectId("632c06a47d02ab0ae74051b8"),
                ObjectId("632c06a47d02ab0ae74051b9"),
                ObjectId("632c06a47d02ab0ae74051ba")
        ]
}
> db.product.find().pretty()
{
        "_id" : ObjectId("632c06a47d02ab0ae74051b8"),
        "product_name" : "Dell Laptop i5",
        "product_price" : 125.99,
        "product_qty" : 19
}
{
        "_id" : ObjectId("632c06a47d02ab0ae74051b9"),
        "product_name" : "Acer Laptop i5",
        "product_price" : 105.99,
        "product_qty" : 12
}
{
        "_id" : ObjectId("632c06a47d02ab0ae74051ba"),
        "product_name" : "HP Laptop i5",
        "product_price" : 145.99,
        "product_qty" : 9
}
> db.product.find({product_qty:{$gt:10}}).pretty();
{
        "_id" : ObjectId("632c06a47d02ab0ae74051b8"),
        "product_name" : "Dell Laptop i5",
        "product_price" : 125.99,
        "product_qty" : 19
}
{
        "_id" : ObjectId("632c06a47d02ab0ae74051b9"),
        "product_name" : "Acer Laptop i5",
        "product_price" : 105.99,
        "product_qty" : 12
}
> db.product.find({product_qty:{$gt:10}},{_id:0,product_price:0}).pretty();
{ "product_name" : "Dell Laptop i5", "product_qty" : 19 }
{ "product_name" : "Acer Laptop i5", "product_qty" : 12 }
> db.product.find({product_qty:{$gte:12}}).pretty();
{
        "_id" : ObjectId("632c06a47d02ab0ae74051b8"),
        "product_name" : "Dell Laptop i5",
        "product_price" : 125.99,
        "product_qty" : 19
}
{
        "_id" : ObjectId("632c06a47d02ab0ae74051b9"),
        "product_name" : "Acer Laptop i5",
        "product_price" : 105.99,
        "product_qty" : 12
}
> db.product.find({product_qty:{$gte:12}},{_id:0,product_price:0}).pretty();
{ "product_name" : "Dell Laptop i5", "product_qty" : 19 }
{ "product_name" : "Acer Laptop i5", "product_qty" : 12 }
> db.product.find({product_qty:{$lt:12}}).pretty();
{
        "_id" : ObjectId("632c06a47d02ab0ae74051ba"),
        "product_name" : "HP Laptop i5",
        "product_price" : 145.99,
        "product_qty" : 9
}
> db.product.find({product_qty:{$lte:12}}).pretty();
{
        "_id" : ObjectId("632c06a47d02ab0ae74051b9"),
        "product_name" : "Acer Laptop i5",
        "product_price" : 105.99,
        "product_qty" : 12
}
{
        "_id" : ObjectId("632c06a47d02ab0ae74051ba"),
        "product_name" : "HP Laptop i5",
        "product_price" : 145.99,
        "product_qty" : 9
}
> db.product.find({product_qty:{$in:[9,12]}}).pretty();
{
        "_id" : ObjectId("632c06a47d02ab0ae74051b9"),
        "product_name" : "Acer Laptop i5",
        "product_price" : 105.99,
        "product_qty" : 12
}
{
        "_id" : ObjectId("632c06a47d02ab0ae74051ba"),
        "product_name" : "HP Laptop i5",
        "product_price" : 145.99,
        "product_qty" : 9
}
> db.product.find({product_qty:{$in:[9,12]}},{_id:0,product_price:0}).pretty();
{ "product_name" : "Acer Laptop i5", "product_qty" : 12 }
{ "product_name" : "HP Laptop i5", "product_qty" : 9 }
> db.product.find({product_qty:{$nin:[9,12]}},{_id:0,product_price:0}).pretty();
{ "product_name" : "Dell Laptop i5", "product_qty" : 19 }
> db.product.find({$and:[
... {
... product_qty:9
... },
... {
... product_price:145.99
... }
... ]}).pretty();
{
        "_id" : ObjectId("632c06a47d02ab0ae74051ba"),
        "product_name" : "HP Laptop i5",
        "product_price" : 145.99,
        "product_qty" : 9
}
> db.product.find({$and:[
... {
... product_qty:9
... },
... {
... product_price:145.99
... }
... ]},{_id:0,product_price:0}).pretty();
{ "product_name" : "HP Laptop i5", "product_qty" : 9 }
> db.product.find({$and:[
... {
... product_qty:9
... },
... {
... product_price:145.99
... }
... ]},{_id:0,product_price:0}).pretty();
{ "product_name" : "HP Laptop i5", "product_qty" : 9 }
> db.product.find({$and:[ { product_qty:9 }, { product_price:145.99 } ]},{_id:0,product_price:0}).pretty();
{ "product_name" : "HP Laptop i5", "product_qty" : 9 }
> db.product.find({$or:[
... {
... product_qty:9
... },
... {
... product_price:105.99
... }
... ]}).pretty();
{
        "_id" : ObjectId("632c06a47d02ab0ae74051b9"),
        "product_name" : "Acer Laptop i5",
        "product_price" : 105.99,
        "product_qty" : 12
}
{
        "_id" : ObjectId("632c06a47d02ab0ae74051ba"),
        "product_name" : "HP Laptop i5",
        "product_price" : 145.99,
        "product_qty" : 9
}
> db.product.find({$or:[
... {
... product_qty:9
... },
... {
... product_price:105.99
... }
... ]},{_id:0,product_price:0}).pretty();
{ "product_name" : "Acer Laptop i5", "product_qty" : 12 }
{ "product_name" : "HP Laptop i5", "product_qty" : 9 }
> db.product.find({
... product_qty:{
... $not:{
...  $eq:9
...  }
... }}).pretty();
{
        "_id" : ObjectId("632c06a47d02ab0ae74051b8"),
        "product_name" : "Dell Laptop i5",
        "product_price" : 125.99,
        "product_qty" : 19
}
{
        "_id" : ObjectId("632c06a47d02ab0ae74051b9"),
        "product_name" : "Acer Laptop i5",
        "product_price" : 105.99,
        "product_qty" : 12
}
> db.product.find({
... product_qty:{
... $not:{
...  $eq:9
...  }
... }},{_id:0,product_price:0}).pretty();
{ "product_name" : "Dell Laptop i5", "product_qty" : 19 }
{ "product_name" : "Acer Laptop i5", "product_qty" : 12 }
> db.product.find({
... $nor:[{
...  product_qty:9
...  }]
... },{_id:0,product_price:0}).pretty();
{ "product_name" : "Dell Laptop i5", "product_qty" : 19 }
{ "product_name" : "Acer Laptop i5", "product_qty" : 12 }
> db.product.insertMany([{ "product_name" : "Dell Laptop i3","product_qty" : 0},{ "product_name" : "HP Laptop i3"}])
{
        "acknowledged" : true,
        "insertedIds" : [
                ObjectId("632c226a7d02ab0ae74051bb"),
                ObjectId("632c226a7d02ab0ae74051bc")
        ]
}
> db.product.find({
... product_price:{
...     $exists:true
... }},{_id:0,product_price:0}).pretty();
{ "product_name" : "Dell Laptop i5", "product_qty" : 19 }
{ "product_name" : "Acer Laptop i5", "product_qty" : 12 }
{ "product_name" : "HP Laptop i5", "product_qty" : 9 }
> db.product.find({
... product_price:{
...     $exists:1
... }},{_id:0,product_qty:0}).
... sort({product_price:1}).
... pretty();
{ "product_name" : "Acer Laptop i5", "product_price" : 105.99 }
{ "product_name" : "Dell Laptop i5", "product_price" : 125.99 }
{ "product_name" : "HP Laptop i5", "product_price" : 145.99 }
> db.product.find({
... product_price:{
...     $exists:1
... }},{_id:0,product_qty:0}).
... sort({product_price:1}).
... pretty();
{ "product_name" : "Acer Laptop i5", "product_price" : 105.99 }
{ "product_name" : "Dell Laptop i5", "product_price" : 125.99 }
{ "product_name" : "HP Laptop i5", "product_price" : 145.99 }
> db.product.find({ product_price:{     $exists:1 }},{_id:0,product_qty:0}). sort({product_price:-1}). pretty();
{ "product_name" : "HP Laptop i5", "product_price" : 145.99 }
{ "product_name" : "Dell Laptop i5", "product_price" : 125.99 }
{ "product_name" : "Acer Laptop i5", "product_price" : 105.99 }
> db.product.find({
... product_price:{
...     $exists:1
... }},{_id:0}).
... sort({
... product_price:1,
... product_qty:1
... }).
... pretty();
{
        "product_name" : "Acer Laptop i5",
        "product_price" : 105.99,
        "product_qty" : 12
}
{
        "product_name" : "Dell Laptop i5",
        "product_price" : 125.99,
        "product_qty" : 19
}
{
        "product_name" : "HP Laptop i5",
        "product_price" : 145.99,
        "product_qty" : 9
}
> db.product.find({ product_price:{     $exists:1 }},{_id:0}). sort({ product_price:1, product_qty:-1 }). pretty();
{
        "product_name" : "Acer Laptop i5",
        "product_price" : 105.99,
        "product_qty" : 12
}
{
        "product_name" : "Dell Laptop i5",
        "product_price" : 125.99,
        "product_qty" : 19
}
{
        "product_name" : "HP Laptop i5",
        "product_price" : 145.99,
        "product_qty" : 9
}
> db.product.find({ product_price:{     $exists:1 }},{_id:0}). sort({ product_price:-1, product_qty:-1 }). pretty();
{
        "product_name" : "HP Laptop i5",
        "product_price" : 145.99,
        "product_qty" : 9
}
{
        "product_name" : "Dell Laptop i5",
        "product_price" : 125.99,
        "product_qty" : 19
}
{
        "product_name" : "Acer Laptop i5",
        "product_price" : 105.99,
        "product_qty" : 12
}
> db.product.find({
... product_price:{
...     $exists:1
... }},{_id:0,product_qty:0}).
... sort({product_price:1}).
... limit(3).
... pretty();
{ "product_name" : "Acer Laptop i5", "product_price" : 105.99 }
{ "product_name" : "Dell Laptop i5", "product_price" : 125.99 }
{ "product_name" : "HP Laptop i5", "product_price" : 145.99 }
> db.product.find({ product_price:{     $exists:1 }},{_id:0,product_qty:0}). sort({product_price:1}). limit(2). pretty();
{ "product_name" : "Acer Laptop i5", "product_price" : 105.99 }
{ "product_name" : "Dell Laptop i5", "product_price" : 125.99 }
> db.product.find({
... product_price:{
...     $exists:1
... }},{_id:0,product_qty:0}).
... sort({product_price:1}).
... skip(3).
... limit(3).
... pretty();
> db.product.find({ product_price:{     $exists:1 }},{_id:0,product_qty:0}). sort({product_price:1}). skip(1). limit(2). pretty();
{ "product_name" : "Dell Laptop i5", "product_price" : 125.99 }
{ "product_name" : "HP Laptop i5", "product_price" : 145.99 }
> db.product.find({ product_price:{     $exists:1 }},{_id:0}). sort({ product_price:-1, product_qty:-1 }). pretty();
{
        "product_name" : "HP Laptop i5",
        "product_price" : 145.99,
        "product_qty" : 9
}
{
        "product_name" : "Dell Laptop i5",
        "product_price" : 125.99,
        "product_qty" : 19
}
{
        "product_name" : "Acer Laptop i5",
        "product_price" : 105.99,
        "product_qty" : 12
}
> db.product.find({ product_price:{     $exists:1 }},{_id:0,product_qty:0}). sort({product_price:1}). skip(1). limit(2). pretty();
{ "product_name" : "Dell Laptop i5", "product_price" : 125.99 }
{ "product_name" : "HP Laptop i5", "product_price" : 145.99 }
> db.product.updateMany(
...     {product_price:{$eq:null}},
...     {$set:{product_price:99}}
... );
{ "acknowledged" : true, "matchedCount" : 2, "modifiedCount" : 2 }
> db.product.updateMany(     {product_price:{$eq:125.99}},     {$set:{product_price:99}} );
{ "acknowledged" : true, "matchedCount" : 1, "modifiedCount" : 1 }
> db.product.find({ product_price:{     $exists:1 }},{_id:0,product_qty:0}). sort({product_price:1}). skip(1). limit(2). pretty();
{ "product_name" : "Dell Laptop i3", "product_price" : 99 }
{ "product_name" : "Dell Laptop i5", "product_price" : 99 }
> db.product.updateMany(     {product_price:{$eq:null}},     {$set:{product_price:99}} );
{ "acknowledged" : true, "matchedCount" : 0, "modifiedCount" : 0 }
> db.product.find({ product_price:{     $exists:1 }},{_id:0,product_qty:0}). sort({product_price:1}). skip(1). limit(2). pretty();
{ "product_name" : "Dell Laptop i3", "product_price" : 99 }
{ "product_name" : "Dell Laptop i5", "product_price" : 99 }
> db.product.updateMany(     {product_price:{$eq:99}},     {$set:{product_price:919}} );
{ "acknowledged" : true, "matchedCount" : 3, "modifiedCount" : 3 }
> db.product.updateMany({},
...     {
...         $rename:{
...             product_price:"prd_price"
...         }
...     }
... );
{ "acknowledged" : true, "matchedCount" : 5, "modifiedCount" : 5 }
> db.product.find({ product_price:{     $exists:1 }},{_id:0,product_qty:0}). sort({product_price:1}). skip(1). limit(2). pretty();
> db.product.updateMany({},     {         $rename:{             product_price:"prd_price"         }     } );
{ "acknowledged" : true, "matchedCount" : 5, "modifiedCount" : 0 }
> db.product.updateMany(
...     {_id:8},
...     {$set:{product_price:2999}}
... )
{ "acknowledged" : true, "matchedCount" : 0, "modifiedCount" : 0 }
> db.product.updateMany(
...     {_id:8},
...     {$set:{product_price:2999}},
...     {upsert : true}
... );
{
        "acknowledged" : true,
        "matchedCount" : 0,
        "modifiedCount" : 0,
        "upsertedId" : 8
}
> use cafeshop;
switched to db cafeshop
> db
cafeshop
> db.item
cafe{"_id":123,"itemname":"Coffe",itemprice:"55",itemweight:"200",itemqty:"20"
... {"_id":123,"itemname":"Coffe",itemprice:"55",itemweight:"200",itemqty:"20"
... {"_id":123,"itemname":"Coffe",itemprice:"55",itemweight:"200",itemqty:"20"
> db{"_id":123,"itemname":"Coffe",itemprice:"55",itemweight:"200",itemqty:"20"
> . {"_id":123,"itemname":"Coffe",itemprice:"55",itemweight:"200",itemqty:"20"
> db.product.updateMany(     {_id:8},     {$set:{product_price:2999}},     {upsert : true} );
{
        "acknowledged" : true,
        "matchedCount" : 0,
        "modifiedCount" : 0,
        "upsertedId" : 8
}
> db
cafeshop
> db.items
cafeshop.items
> db.items.insertMany([ {"_id":123,"itemname":"Coffee","itemprice":55,"itemweigdb.items.insertMany([ {"_id":123,"itemname":"Coffee","itemprice":55,"itemweigdb.items.insertMany([ {"_id":123,"itemname":"Coffee","itemprice":55,"itemweigdb.items.insertMany([ {"_id":123,"itemname":"Coffee","itemprice":55,"itemweigdb.items.insertMany([ {"_id":123,"itemname":"Coffee","itemprice":55,"itemweigdb.items.insertMany([ {"_id":123,"itemname":"Coffee","itemprice":55,"itemweigdb.items.insertMany([ {"_id":123,"itemname":"Coffee","itemprice":55,"itemweigdb.items.insertMany([ {"_id":123,"itemname":"Coffee","itemprice":55,"itemweigdb.items.insertMany([ {"_id":123,"itemname":"Coffee","itemprice":55,"itemweigdb.items.insertMany([ {"_id":123,"itemname":"Coffee","itemprice":55,"itemweigdb.items.insertMany([ {"_id":123,"itemname":"Coffee","itemprice":55,"itemweigdb.items.insertMany([ {"_id":123,"itemname":"Coffee","itemprice":55,"itemweigdb.items.insertMany([ {"_id":123,"itemname":"Coffee","itemprice":55,"itemweigdb.items.insertMany([ {"_id":123,"itemname":"Coffee","itemprice":55,"itemweigdb.items.insertMany([ {"_id":123,"itemname":"Coffee","itemprice":55,"itemweigdb.items.insertMany([ {"_id":123,"itemname":"Coffee","itemprice":55,"itemweigdb.items.insertMany([ {"_id":123,"itemname":"Coffee","itemprice":55,"itemweigdb.items.insertMany([ {"_id":123,"itemname":"Coffee","itemprice":55,"itemweigdb.items.insertMany([ {"_id":123,"itemname":"Coffee","itemprice":55,"itemweigdb.items.insertMany([ {"_id":123,"itemname":"Coffee","itemprice":55,"itemweigdb.items.insertMany([ {"_id":123,"itemname":"Coffee","itemprice":55,"itemweigdb.items.insertMany([ {"_id":123,"itemname":"Coffee","itemprice":55,"itemweigdb.items.insertMany([ {"_id":123,"itemname":"Coffee","itemprice":55,"itemweigdb.items.insertMany([ {"_id":123,"itemname":"Coffee","itemprice":55,"itemweigdb.items.insertMany([ {"_id":123,"itemname":"Coffee","itemprice":55,"itemweigdb.items.insertMany([ {"_id":123,"itemname":"Coffee","itemprice":55,"itemweigdb.items.insertMany([ {"_id":123,"itemname":"Coffee","itemprice":55,"itemweigdb.items.insertMany([ {"_id":123,"itemname":"Coffee","itemprice":55,"itemweigdb.items.insertMany([ {"_id":123,"itemname":"Coffee","itemprice":55,"itemweigdb.items.insertMany([ {"_id":123,"itemname":"Coffee","itemprice":55,"itemweigdb.items.insertMany([ {"_id":123,"itemname":"Coffee","itemprice":55,"itemweigdb.items.insertMany([ {"_id":123,"itemname":"Coffee","itemprice":55,"itemweigdb.items.insertMany([ {"_id":123,"itemname":"Coffee","itemprice":55,"itemweigdb.items.insertMany([ {"_id":123,"itemname":"Coffee","itemprice":55,"itemweigdb.items.insertMany([ {"_id":123,"itemname":"Coffee","itemprice":55,"itemweigdb.items.insertMany([ {"_id":123,"itemname":"Coffee","itemprice":55,"itemweigdb.items.insertMany([ {"_id":123,"itemname":"Coffee","itemprice":55,"itemweigdb.items.insertMany([ {"_id":123,"itemname":"Coffee","itemprice":55,"itemweigdb.items.insertMany([ {"_id":123,"itemname":"Coffee","itemprice":55,"itemweigdb.items.insertMany([ {"_id":123,"itemname":"Coffee","itemprice":55,"itemweigdb.items.insertMany([ {"_id":123,"itemname":"Coffee","itemprice":55,"itemweigdb.items.insertMany([ {"_id":123,"itemname":"Coffee","itemprice":55,"itemweigdb.items.insertMany([ {"_id":123,"itemname":"Coffee","itemprice":55,"itemweigdb.items.insertMany([ {"_id":123,"itemname":"Coffee","itemprice":55,"itemweigdb.items.insertMany([ {"_id":123,"itemname":"Coffee","itemprice":55,"itemweigdb.items.insertMany([ {"_id":123,"itemname":"Coffee","itemprice":55,"itemweigdb.items.insertMany([ {"_id":123,"itemname":"Coffee","itemprice":55,"itemweigdb.items.insertMany([ {"_id":123,"itemname":"Coffee","itemprice":55,"itemweigdb.items.insertMany([ {"_id":123,"itemname":"Coffee","itemprice":55,"itemweigdb.items.insertMany([ {"_id":123,"itemname":"Coffee","itemprice":55,"itemweigdb.items.insertMany([ {"_id":123,"itemname":"Coffee","itemprice":55,"itemweigdb.items.insertMany([ {"_id":123,"itemname":"Coffee","itemprice":55,"itemweigdb.items.insertMany([ {"_id":123,"itemname":"Coffee","itemprice":55,"itemweigdb.items.insertMany([ {"_id":123,"itemname":"Coffee","itemprice":55,"itemweigdb.items.insertMany([ {"_id":123,"itemname":"Coffee","itemprice":55,"itemweigdb.items.insertMany([ {"_id":123,"itemname":"Coffee","itemprice":55,"itemweigdb.items.insertMany([ {"_id":123,"itemname":"Coffee","itemprice":55,"itemweigdb.items.insertMany([ {"_id":123,"itemname":"Coffee","itemprice":55,"itemweigdb.items.insertMany([ {"_id":123,"itemname":"Coffee","itemprice":55,"itemweigdb.items.insertMany([ {"_id":123,"itemname":"Coffee","itemprice":55,"itemweigdb.items.insertMany([ {"_id":123,"itemname":"Coffee","itemprice":55,"itemweigdb.items.insertMany([ {"_id":123,"itemname":"Coffee","itemprice":55,"itemweigdb.items.insertMany([ {"_id":123,"itemname":"Coffee","itemprice":55,"itemweigdb.items.insertMany([ {"_id":123,"itemname":"Coffee","itemprice":55,"itemweigdb.items.insertMany([ {"_id":123,"itemname":"Coffee","itemprice":55,"itemweigdb.items.insertMany([ {"_id":123,"itemname":"Coffee","itemprice":55,"itemweigdb.items.insertMany([ {"_id":123,"itemname":"Coffee","itemprice":55,"itemweigdb.items.insertMany([ {"_id":123,"itemname":"Coffee","itemprice":55,"itemweigdb.items.insertMany([ {"_id":123,"itemname":"Coffee","itemprice":55,"itemweigdb.items.insertMany([ {"_id":123,"itemname":"Coffee","itemprice":55,"itemweigdb.items.insertMany([ {"_id":123,"itemname":"Coffee","itemprice":55,"itemweigdb.items.insertMany([ {"_id":123,"itemname":"Coffee","itemprice":55,"itemweigdb.items.insertMany([ {"_id":123,"itemname":"Coffee","itemprice":55,"itemweigdb.items.insertMany([ {"_id":123,"itemname":"Coffee","itemprice":55,"itemweigdb.items.insertMany([ {"_id":123,"itemname":"Coffee","itemprice":55,"itemweigdb.items.insertMany([ {"_id":123,"itemname":"Coffee","itemprice":55,"itemweigdb.items.insertMany([ {"_id":123,"itemname":"Coffee","itemprice":55,"itemweigdb.items.insertMany([ {"_id":123,"itemname":"Coffee","itemprice":55,"itemweigdb.items.insertMany([ {"_id":123,"itemname":"Coffee","itemprice":55,"itemweight":200,"itemqty":20}, {"_id":124,"itemname":"Poha","itemprice":95,"itemweighdb.items.insertMany([ {"_id":123,"itemname":"Coffee","itemprice":55,"itemweight":200,"itemqty":20}, {"_id":124,"itemname":"Poha","itemprice":95,"itemweighdb.items.insertMany([ {"_id":123,"itemname":"Coffee","itemprice":55,"itemweight":200,"itemqty":20}, {"_id":124,"itemname":"Poha","itemprice":95,"itemweighdb.items.insertMany([ {"_id":123,"itemname":"Coffee","itemprice":55,"itemweight":200,"itemqty":20}, {"_id":124,"itemname":"Poha","itemprice":95,"itemweighdb.items.insertMany([ {"_id":123,"itemname":"Coffee","itemprice":55,"itemweight":200,"itemqty":20}, {"_id":124,"itemname":"Poha","itemprice":95,"itemweighdb.items.insertMany([ {"_id":123,"itemname":"Coffee","itemprice":55,"itemweight":200,"itemqty":20}, {"_id":124,"itemname":"Poha","itemprice":95,"itemweighdb.items.insertMany([ {"_id":123,"itemname":"Coffee","itemprice":55,"itemweight":200,"itemqty":20}, {"_id":124,"itemname":"Poha","itemprice":95,"itemweighdb.items.insertMany([ {"_id":123,"itemname":"Coffee","itemprice":55,"itemweight":200,"itemqty":20}, {"_id":124,"itemname":"Poha","itemprice":95,"itemweighdb.items.insertMany([ {"_id":123,"itemname":"Coffee","itemprice":55,"itemweight":200,"itemqty":20}, {"_id":124,"itemname":"Poha","itemprice":95,"itemweighdb.items.insertMany([ {"_id":123,"itemname":"Coffee","itemprice":55,"itemweight":200,"itemqty":20}, {"_id":124,"itemname":"Poha","itemprice":95,"itemweighdb.items.insertMany([ {"_id":123,"itemname":"Coffee","itemprice":55,"itemweight":200,"itemqty":20}, {"_id":124,"itemname":"Poha","itemprice":95,"itemweighdb.items.insertMany([ {"_id":123,"itemname":"Coffee","itemprice":55,"itemweight":200,"itemqty":20}, {"_id":124,"itemname":"Poha","itemprice":95,"itemweighdb.items.insertMany([ {"_id":123,"itemname":"Coffee","itemprice":55,"itemweight":200,"itemqty":20}, {"_id":124,"itemname":"Poha","itemprice":95,"itemweighdb.items.insertMany([ {"_id":123,"itemname":"Coffee","itemprice":55,"itemweight":200,"itemqty":20}, {"_id":124,"itemname":"Poha","itemprice":95,"itemweighdb.items.insertMany([ {"_id":123,"itemname":"Coffee","itemprice":55,"itemweight":200,"itemqty":20}, {"_id":124,"itemname":"Poha","itemprice":95,"itemweighdb.items.insertMany([ {"_id":123,"itemname":"Coffee","itemprice":55,"itemweight":200,"itemqty":20}, {"_id":124,"itemname":"Poha","itemprice":95,"itemweighdb.items.insertMany([ {"_id":123,"itemname":"Coffee","itemprice":55,"itemweight":200,"itemqty":20}, {"_id":124,"itemname":"Poha","itemprice":95,"itemweighdb.items.insertMany([ {"_id":123,"itemname":"Coffee","itemprice":55,"itemweight":200,"itemqty":20}, {"_id":124,"itemname":"Poha","itemprice":95,"itemweighdb.items.insertMany([ {"_id":123,"itemname":"Coffee","itemprice":55,"itemweight":200,"itemqty":20}, {"_id":124,"itemname":"Poha","itemprice":95,"itemweighdb.items.insertMany([ {"_id":123,"itemname":"Coffee","itemprice":55,"itemweight":200,"itemqty":20}, {"_id":124,"itemname":"Poha","itemprice":95,"itemweighdb.items.insertMany([ {"_id":123,"itemname":"Coffee","itemprice":55,"itemweight":200,"itemqty":20}, {"_id":124,"itemname":"Poha","itemprice":95,"itemweighdb.items.insertMany([ {"_id":123,"itemname":"Coffee","itemprice":55,"itemweight":200,"itemqty":20}, {"_id":124,"itemname":"Poha","itemprice":95,"itemweighdb.items.insertMany([ {"_id":123,"itemname":"Coffee","itemprice":55,"itemweight":200,"itemqty":20}, {"_id":124,"itemname":"Poha","itemprice":95,"itemweighdb.items.insertMany([ {"_id":123,"itemname":"Coffee","itemprice":55,"itemweight":200,"itemqty":20}, {"_id":124,"itemname":"Poha","itemprice":95,"itemweighdb.items.insertMany([ {"_id":123,"itemname":"Coffee","itemprice":55,"itemweight":200,"itemqty":20}, {"_id":124,"itemname":"Poha","itemprice":95,"itemweighdb.items.insertMany([ {"_id":123,"itemname":"Coffee","itemprice":55,"itemweight":200,"itemqty":20}, {"_id":124,"itemname":"Poha","itemprice":95,"itemweighdb.items.insertMany([ {"_id":123,"itemname":"Coffee","itemprice":55,"itemweight":200,"itemqty":20}, {"_id":124,"itemname":"Poha","itemprice":95,"itemweighdb.items.insertMany([ {"_id":123,"itemname":"Coffee","itemprice":55,"itemweight":200,"itemqty":20}, {"_id":124,"itemname":"Poha","itemprice":95,"itemweighdb.items.insertMany([ {"_id":123,"itemname":"Coffee","itemprice":55,"itemweight":200,"itemqty":20}, {"_id":124,"itemname":"Poha","itemprice":95,"itemweighdb.items.insertMany([ {"_id":123,"itemname":"Coffee","itemprice":55,"itemweight":200,"itemqty":20}, {"_id":124,"itemname":"Poha","itemprice":95,"itemweighdb.items.insertMany([ {"_id":123,"itemname":"Coffee","itemprice":55,"itemweight":200,"itemqty":20}, {"_id":124,"itemname":"Poha","itemprice":95,"itemweighdb.items.insertMany([ {"_id":123,"itemname":"Coffee","itemprice":55,"itemweight":200,"itemqty":20}, {"_id":124,"itemname":"Poha","itemprice":95,"itemweight":250,"itemqty":25},  {"_id":128,"itemname":"SandWich","itemprice":155,"itemweight":300,"itemqty":15} ])
{ "acknowledged" : true, "insertedIds" : [ 123, 124, 128 ] }
> db.items.aggregate([
...
...
...
... {
...     $group: {
...        _id:null,
...        totalQty : {$sum : '$itemqty'}
...     },
... },
...
...
...
... ]);
{ "_id" : null, "totalQty" : 60 }
> db.items.aggregate([     {     $group: {        _id:null,        totalQty : {$sum : '$itemqty'}     }, },  { $projection :{id:0}}   ]);
uncaught exception: Error: command failed: {
        "ok" : 0,
        "errmsg" : "Unrecognized pipeline stage name: '$projection'",
        "code" : 40324,
        "codeName" : "Location40324"
} with original command request: {
        "aggregate" : "items",
        "pipeline" : [
                {
                        "$group" : {
                                "_id" : null,
                                "totalQty" : {
                                        "$sum" : "$itemqty"
                                }
                        }
                },
                {
                        "$projection" : {
                                "id" : 0
                        }
                }
        ],
        "cursor" : {

        },
        "lsid" : {
                "id" : UUID("739c725c-2c82-420b-9f7f-3db4a4598b34")
        }
} on connection: connection to 127.0.0.1:27017 : aggregate failed :
_getErrorWithCode@src/mongo/shell/utils.js:25:13
doassert@src/mongo/shell/assert.js:18:14
_assertCommandWorked@src/mongo/shell/assert.js:759:17
assert.commandWorked@src/mongo/shell/assert.js:851:16
DB.prototype._runAggregate@src/mongo/shell/db.js:281:5
DBCollection.prototype.aggregate@src/mongo/shell/collection.js:1058:12
@(shell):1:1
> db.items.aggregate([
...
...
...
... {
...     $group: {
...        _id:null,
...        totalQty : {$sum : '$itemqty'}
...     },
... },
... { $project : {_id:0}},
...
...
...
... ]);
{ "totalQty" : 60 }
> db.items.find().pretty()
{
        "_id" : 123,
        "itemname" : "Coffee",
        "itemprice" : 55,
        "itemweight" : 200,
        "itemqty" : 20
}
{
        "_id" : 124,
        "itemname" : "Poha",
        "itemprice" : 95,
        "itemweight" : 250,
        "itemqty" : 25
}
{
        "_id" : 128,
        "itemname" : "SandWich",
        "itemprice" : 155,
        "itemweight" : 300,
        "itemqty" : 15
}
> db.items.insertMany([ {"_id":129,"itemname":"Coffee","itemprice":155,"itemweight":500,"itemqty":20}, {"_id":134,"itemname":"Poha","itemprice":295,"itemweight":500,"itemqty":25},  {"_id":138,"itemname":"SandWich","itemprice":355,"itemweight":500,"itemqty":15} ])
{ "acknowledged" : true, "insertedIds" : [ 129, 134, 138 ] }
> db.items.aggregate([  { $group: {    _id:'$itemname',    totalQty : {$sum : '$itemqty'} }, },  ]);
{ "_id" : "Coffee", "totalQty" : 40 }
{ "_id" : "Poha", "totalQty" : 50 }
{ "_id" : "SandWich", "totalQty" : 30 }
> db.items.aggregate([
... {
... $group: {
...      _id:'$itemname',
...      totalQty : {$sum : '$itemqty'} ,
... },
... },
... {$match:{totalQty:{$gt:30}}},
... ]);
{ "_id" : "Coffee", "totalQty" : 40 }
{ "_id" : "Poha", "totalQty" : 50 }
> db.items.aggregate([
... {
... $group: {
...      _id:'$itemname',
...      totalQty : {$sum : '$itemqty'} ,
... },
... },
... {$match:{totalQty:{$gt:30}}},
... {$sort:{totalQty:1}},
... ]);
{ "_id" : "Coffee", "totalQty" : 40 }
{ "_id" : "Poha", "totalQty" : 50 }
> db.items.aggregate([
... {
... $group: {
...      _id:'$itemname',
...      totalQty : {$sum : '$itemqty'} ,
... },
... },
... {$match:{totalQty:{$gt:30}}},
... {$sort:{totalQty:-1}},
... ]);
{ "_id" : "Poha", "totalQty" : 50 }
{ "_id" : "Coffee", "totalQty" : 40 }
> db.items.aggregate([
... {
... $group: {
...      _id:'$itemname',
...      totalQty : {$sum : '$itemqty'} ,
... },
... },
... {$match:{totalQty:{$gt:30}}},
... {$sort:{totalQty:-1}},
... ]);
{ "_id" : "Poha", "totalQty" : 50 }
{ "_id" : "Coffee", "totalQty" : 40 }
> db.items.aggregate([  { $group: {    _id:'$itemname',    itemsCount:{$count:{}} }, },  ]);
{ "_id" : "Coffee", "itemsCount" : 2 }
{ "_id" : "Poha", "itemsCount" : 2 }
{ "_id" : "SandWich", "itemsCount" : 2 }
> db.items.aggregate([  { $group: {    _id:null,    itemsCount:{$count:{}} }, },  ]);
{ "_id" : null, "itemsCount" : 6 }
> db.items.insertMany([ {"_id":139,"itemname":"Coffee","itemprice":355,"itemweight":750,"itemqty":15}, {"_id":144,"itemname":"Poha","itemprice":495,"itemweight":750,"itemqty":5}])
{ "acknowledged" : true, "insertedIds" : [ 139, 144 ] }
> db.items.aggregate([  { $group: {    _id:'$itemname',    itemsCount:{$count:{}} }, },  ]);
{ "_id" : "Coffee", "itemsCount" : 3 }
{ "_id" : "Poha", "itemsCount" : 3 }
{ "_id" : "SandWich", "itemsCount" : 2 }
> db.items.aggregate([  { $group: {    _id:'$itemname',    itemsCount:{$count:{}} }, },
... {
...   $match : { itemsCount:{$gt:2} },
... },
... ]);
{ "_id" : "Coffee", "itemsCount" : 3 }
{ "_id" : "Poha", "itemsCount" : 3 }
> db.items.aggregate([  { $group: {    _id:'$itemname',    itemsCount:{$count:{}} }, }, {   $match : { itemsCount:{$gt:2} }, },{sort:totalQty:-1} ]);
uncaught exception: SyntaxError: missing } after property list :
@(shell):1:139
> db.items.aggregate([  { $group: {    _id:'$itemname',    itemsCount:{$count:{}} }, }, {   $match : { itemsCount:{$gt:2} }, },{sort:{totalQty:-1}}, ]);
uncaught exception: Error: command failed: {
        "ok" : 0,
        "errmsg" : "Unrecognized pipeline stage name: 'sort'",
        "code" : 40324,
        "codeName" : "Location40324"
} with original command request: {
        "aggregate" : "items",
        "pipeline" : [
                {
                        "$group" : {
                                "_id" : "$itemname",
                                "itemsCount" : {
                                        "$count" : {

                                        }
                                }
                        }
                },
                {
                        "$match" : {
                                "itemsCount" : {
                                        "$gt" : 2
                                }
                        }
                },
                {
                        "sort" : {
                                "totalQty" : -1
                        }
                }
        ],
        "cursor" : {

        },
        "lsid" : {
                "id" : UUID("739c725c-2c82-420b-9f7f-3db4a4598b34")
        }
} on connection: connection to 127.0.0.1:27017 : aggregate failed :
_getErrorWithCode@src/mongo/shell/utils.js:25:13
doassert@src/mongo/shell/assert.js:18:14
_assertCommandWorked@src/mongo/shell/assert.js:759:17
assert.commandWorked@src/mongo/shell/assert.js:851:16
DB.prototype._runAggregate@src/mongo/shell/db.js:281:5
DBCollection.prototype.aggregate@src/mongo/shell/collection.js:1058:12
@(shell):1:1
> db.items.aggregate([  { $group: {    _id:'$itemname',    itemsCount:{$count:{}} }, }, {   $match : { itemsCount:{$gt:2} }, },{$sort:{totalQty:-1}}, ]);
{ "_id" : "Coffee", "itemsCount" : 3 }
{ "_id" : "Poha", "itemsCount" : 3 }
> db.items.aggregate([  { $group: {    _id:'$itemname',    avgQty:{$avg:'$itemqty'} }, },  ]);
{ "_id" : "Coffee", "avgQty" : 18.333333333333332 }
{ "_id" : "Poha", "avgQty" : 18.333333333333332 }
{ "_id" : "SandWich", "avgQty" : 15 }
> db.items.aggregate([  { $group: {    _id:'$itemname',    avgQty:{$avg:'$itemqty'} }, },
... {
...   $match : { avgQty:{$gt:15} },
... },
... ]);
{ "_id" : "Coffee", "avgQty" : 18.333333333333332 }
{ "_id" : "Poha", "avgQty" : 18.333333333333332 }
> db.items.aggregate([  { $group: {    _id:'$itemname',    avgQty:{$avg:'$itemqty'} }, },
... {
...   $match : { avgQty:{$gt:15} },
... },
... ]);
{ "_id" : "Coffee", "avgQty" : 18.333333333333332 }
{ "_id" : "Poha", "avgQty" : 18.333333333333332 }
> db.items.aggregate([  { $group: {    _id:'$itemname',    avgQty:{$avg:'$itemqty'} }, },
... {
...   $match : { avgQty:{$gt:15} },
... },
... {$sort:{totalQty:-1}},
... ]);
{ "_id" : "Coffee", "avgQty" : 18.333333333333332 }
{ "_id" : "Poha", "avgQty" : 18.333333333333332 }
> db.items.aggregate([
... {
... $group: {
... _id:'$itemname',
... avgAmt:{$avg:{$multiply :['$itemqty','$itemprice']}} }, },
... {
...   $match : { avgAmt:{$gt:3200} },
... },
... {$sort:{avgAmt:-1}},
... ]);
{ "_id" : "Poha", "avgAmt" : 4075 }
{ "_id" : "SandWich", "avgAmt" : 3825 }
> db.items.aggregate([  { $group: {    _id:null,    maxQty:{$max:'$itemqty'} }, },
... { $project : {_id:0}},
... ]);
{ "maxQty" : 25 }
> db.items.aggregate([  { $group: {    _id:'$itemname',    maxQty:{$max:'$itemqty'} }, },
... ]);
{ "_id" : "Coffee", "maxQty" : 20 }
{ "_id" : "Poha", "maxQty" : 25 }
{ "_id" : "SandWich", "maxQty" : 15 }
> db.items.aggregate([  { $group: {    _id:null,    minQty:{$min:'$itemqty'} }, },
... { $project : {_id:0}},
... ]);
{ "minQty" : 5 }
> db.items.aggregate([  { $group: {    _id:'$itemname',    minQty:{$min:'$itemqty'} }, },
... ]);
{ "_id" : "Coffee", "minQty" : 15 }
{ "_id" : "Poha", "minQty" : 5 }
{ "_id" : "SandWich", "minQty" : 15 }
>



















































































































db
test
> shows db
uncaught exception: SyntaxError: unexpected token: identifier :
@(shell):1:6
> show dbs
admin   0.000GB
config  0.000GB
local   0.000GB
> use books
switched to db books
> db
books
> db.books.insertOne({name:"alam",email:"abc@gmail.com"})
{
        "acknowledged" : true,
        "insertedId" : ObjectId("632be9e87d02ab0ae74051b1")
}
> show dbs
admin   0.000GB
books   0.000GB
config  0.000GB
local   0.000GB
> db.books.find()
{ "_id" : ObjectId("632be9e87d02ab0ae74051b1"), "name" : "alam", "email" : "abc@gmail.com" }
> db.books.find().pretty()
{
        "_id" : ObjectId("632be9e87d02ab0ae74051b1"),
        "name" : "alam",
        "email" : "abc@gmail.com"
}
> db.books.insertMany[({name:"alam",email:"abc@gmail.com"},{age:"25",name:"sandeeep"},{author:"xyz",age:"40"}])
uncaught exception: SyntaxError: missing ) in parenthetical :
@(shell):1:107
> db.books.insertMany([{name:"alam",email:"abc@gmail.com"},{age:"25",name:"sandeeep"},{author:"xyz",age:"40"}])
{
        "acknowledged" : true,
        "insertedIds" : [
                ObjectId("632beb387d02ab0ae74051b2"),
                ObjectId("632beb387d02ab0ae74051b3"),
                ObjectId("632beb387d02ab0ae74051b4")
        ]
}
> db.books.find().pretty()
{
        "_id" : ObjectId("632be9e87d02ab0ae74051b1"),
        "name" : "alam",
        "email" : "abc@gmail.com"
}
{
        "_id" : ObjectId("632beb387d02ab0ae74051b2"),
        "name" : "alam",
        "email" : "abc@gmail.com"
}
{
        "_id" : ObjectId("632beb387d02ab0ae74051b3"),
        "age" : "25",
        "name" : "sandeeep"
}
{
        "_id" : ObjectId("632beb387d02ab0ae74051b4"),
        "author" : "xyz",
        "age" : "40"
}
> db.books.updateOne({"author":"xyz"},{$set:{"age":"30"}})
{ "acknowledged" : true, "matchedCount" : 1, "modifiedCount" : 1 }
> db.books.find().pretty()
{
        "_id" : ObjectId("632be9e87d02ab0ae74051b1"),
        "name" : "alam",
        "email" : "abc@gmail.com"
}
{
        "_id" : ObjectId("632beb387d02ab0ae74051b2"),
        "name" : "alam",
        "email" : "abc@gmail.com"
}
{
        "_id" : ObjectId("632beb387d02ab0ae74051b3"),
        "age" : "25",
        "name" : "sandeeep"
}
{
        "_id" : ObjectId("632beb387d02ab0ae74051b4"),
        "author" : "xyz",
        "age" : "30"
}
> db.books.insertMany([{name:"alam",email:"abc@gmail.com"},{age:"25",name:"sanddb.books.insertMany[({name:"alam",email:"abc@gmail.com"},{age:"25",name:"sanddb.books.insertMany[({name:"alam",email:"abc@gmail.com"},{age:"25",name:"sanddb.books.insertMany([{name:"alam",email:"abc@gmail.com"},{age:"25",name:"sanddb.books.insertMany([{name:"alam",email:"abc@gmail.com"},{age:"25",name:"sanddb.books.insertMany[({name:"alam",email:"abc@gmail.com"},{age:"25",name:"sand
> db.books.find({},{age:1}).pretty()
{ "_id" : ObjectId("632be9e87d02ab0ae74051b1") }
{ "_id" : ObjectId("632beb387d02ab0ae74051b2") }
{ "_id" : ObjectId("632beb387d02ab0ae74051b3"), "age" : "25" }
{ "_id" : ObjectId("632beb387d02ab0ae74051b4"), "age" : "30" }
> db.customer
books.customer
> db.customer.insertMany([
... {
... customerName:"alam",
... customerEmail:"as@gmail.com",
... customerAddress{
... city:up;
... state:up;}
... }])
uncaught exception: SyntaxError: missing : after property id :
@(shell):5:15
> db.customer.insertMany([ { customerName: "Rama", customerEmail: "ram@gmail.com", customerAddress:{ city:"Bangalore", state:"Karnataka" } },{ customerName: "Raja", customerEmail: "raj@gmail.com", customerAddress:{ city:"Hyderabad", state:"Telangana" } }]);
{
        "acknowledged" : true,
        "insertedIds" : [
                ObjectId("632c007a7d02ab0ae74051b5"),
                ObjectId("632c007a7d02ab0ae74051b6")
        ]
}
> db.customer.find().pretty()
{
        "_id" : ObjectId("632c007a7d02ab0ae74051b5"),
        "customerName" : "Rama",
        "customerEmail" : "ram@gmail.com",
        "customerAddress" : {
                "city" : "Bangalore",
                "state" : "Karnataka"
        }
}
{
        "_id" : ObjectId("632c007a7d02ab0ae74051b6"),
        "customerName" : "Raja",
        "customerEmail" : "raj@gmail.com",
        "customerAddress" : {
                "city" : "Hyderabad",
                "state" : "Telangana"
        }
}
> db.books.find({published_year:"2012"},{title:1,author:1,published_year:1,_id:0}).pretty();
> db.books.find({published_year:"2012"},{title:1,author:1,published_year:1,_id:0}).pretty();
> db.books.find({published_year:"2012"},{title:1,author:1,published_year:1,_id:0}).pretty()
> db.books.find({published_year:"2012"},{title:1,author:1,published_year:1,_id:0}).pretty(
> db.books.find({published_year:"2012"},{title:1,author:1,published_year:1,_id:0}).pretty
> db.books.find({published_year:"2012"},{title:1,author:1,published_year:1,_id:0}).prett
> db.books.find({published_year:"2012"},{title:1,author:1,published_year:1,_id:0}).pret
> db.books.find({published_year:"2012"},{title:1,author:1,published_year:1,_id:0}).pre
> db.books.find({published_year:"2012"},{title:1,author:1,published_year:1,_id:0}).pr
> db.books.find({published_year:"2012"},{title:1,author:1,published_year:1,_id:0}).p
> db.books.find({published_year:"2012"},{title:1,author:1,published_year:1,_id:0}).
> db.books.find({published_year:"2012"},{title:1,author:1,published_year:1,_id:0})
> db.books.find({published_year:"2012"},{title:1,author:1,published_year:1,_id:0}
> db.books.find({published_year:"2012"},{title:1,author:1,published_year:1,_id:0
> db.books.find({published_year:"2012"},{title:1,author:1,published_year:1,_id:
> db.books.find({published_year:"2012"},{title:1,author:1,published_year:1,_id:0}).pretty();
> db.books.find({published_year:"2012"},{title:1,author:1,published_year:1,_i
> db.books.find({published_year:
...
...
...
... {$eq:"2012"}
... },
... {title:1,author:1,published_year:1,_id:0}).pretty();
> db.books.find({author:  {$ne:"John Grisham"} },
... {title:1,author:1,published_year:1,_id:0}).pretty();
{ }
{ }
{ }
{ "author" : "xyz" }
> db.customer.find({
...   "customerAddress.city" : {
...     $ne:"Bangalore"
...    }
... },{customerName:1,"customerAddress.city":1,_id:0}).pretty();
{ "customerName" : "Raja", "customerAddress" : { "city" : "Hyderabad" } }
> show collections
books
customer
> db.product
books.product
> db.product.insertmany([{productname:"dell",productPrice:"102k",productQt:"12"}])
uncaught exception: TypeError: db.product.insertmany is not a function :
@(shell):1:1
> db.product.insertMany([{productname:"dell",productPrice:"102k",productQt:"12"}])
{
        "acknowledged" : true,
        "insertedIds" : [
                ObjectId("632c058a7d02ab0ae74051b7")
        ]
}
> show dbs
admin   0.000GB
books   0.000GB
config  0.000GB
local   0.000GB
> p
uncaught exception: ReferenceError: p is not defined :
@(shell):1:1
> [12:19] Trainer
uncaught exception: SyntaxError: missing ] after element list :
@(shell):1:3
>     db.product.insertMany([{​​​ "product_name" : "Dell Laptop i5",   "product    db.product.insertMany([{​​​ "product_name" : "Dell Laptop i5",   "product    db.product.insertMany([{​​​ "product_name" : "Dell Laptop i5",   "product    db.product.insertMany([{​​​ "product_name" : "Dell Laptop i5",   "product    db.product.insertMany([{​​​ "product_name" : "Dell Laptop i5",   "product    db.product.insertMany([{​​​ "product_name" : "Dell Laptop i5",   "product    db.product.insertMany([{​​​ "product_name" : "Dell Laptop i5",   "product    db.product.insertMany([{​​​ "product_name" : "Dell Laptop i5",   "product    db.product.insertMany([{​​​ "product_name" : "Dell Laptop i5",   "product    db.product.insertMany([{​​​ "product_name" : "Dell Laptop i5",   "product    db.product.insertMany([{​​​ "product_name" : "Dell Laptop i5",   "product    db.product.insertMany([{​​​ "product_name" : "Dell Laptop i5",   "product    db.product.insertMany([{​​​ "product_name" : "Dell Laptop i5",   "product    db.product.insertMany([{​​​ "product_name" : "Dell Laptop i5",   "product    db.product.insertMany([{​​​ "product_name" : "Dell Laptop i5",   "product    db.product.insertMany([{​​​ "product_name" : "Dell Laptop i5",   "product    db.product.insertMany([{​​​ "product_name" : "Dell Laptop i5",   "product    db.product.insertMany([{​​​ "product_name" : "Dell Laptop i5",   "product    db.product.insertMany([{​​​ "product_name" : "Dell Laptop i5",   "product    db.product.insertMany([{​​​ "product_name" : "Dell Laptop i5",   "product    db.product.insertMany([{​​​ "product_name" : "Dell Laptop i5",   "product    db.product.insertMany([{​​​ "product_name" : "Dell Laptop i5",   "product    db.product.insertMany([{​​​ "product_name" : "Dell Laptop i5",   "product    db.product.insertMany([{​​​ "product_name" : "Dell Laptop i5",   "product    db.product.insertMany([{​​​ "product_name" : "Dell Laptop i5",   "product    db.product.insertMany([{​​​ "product_name" : "Dell Laptop i5",   "product_price" : 125.99,   "product_qty" : 19}​​​,{​​​ "product_name" : "Acer Laptop i5",   "product_price" : 105.99,   "product_qty" : 12}​​​,{​​​ "product_name" : "HP Laptop i5",   "product_price" : 145.99,   "product_qty" : 9}​​​])
uncaught exception: SyntaxError: illegal character :
@(shell):1:24
> ​[12:20] Yadav, Balwant (Guest)
uncaught exception: SyntaxError: illegal character :
@(shell):1:0
>     product
uncaught exception: ReferenceError: product is not defined :
@(shell):1:1
> [12:19] Trainer
uncaught exception: SyntaxError: missing ] after element list :
@(shell):1:3
>     db.product.insertMany([{​​​ "product_name" : "Dell Laptop i5",   "product    db.product.insertMany([{​​​ "product_name" : "Dell Laptop i5",   "product    db.product.insertMany([{​​​ "product_name" : "Dell Laptop i5",   "product    db.product.insertMany([{​​​ "product_name" : "Dell Laptop i5",   "product    db.product.insertMany([{​​​ "product_name" : "Dell Laptop i5",   "product    db.product.insertMany([{​​​ "product_name" : "Dell Laptop i5",   "product    db.product.insertMany([{​​​ "product_name" : "Dell Laptop i5",   "product    db.product.insertMany([{​​​ "product_name" : "Dell Laptop i5",   "product    db.product.insertMany([{​​​ "product_name" : "Dell Laptop i5",   "product    db.product.insertMany([{​​​ "product_name" : "Dell Laptop i5",   "product    db.product.insertMany([{​​​ "product_name" : "Dell Laptop i5",   "product    db.product.insertMany([{​​​ "product_name" : "Dell Laptop i5",   "product    db.product.insertMany([{​​​ "product_name" : "Dell Laptop i5",   "product    db.product.insertMany([{​​​ "product_name" : "Dell Laptop i5",   "product    db.product.insertMany([{​​​ "product_name" : "Dell Laptop i5",   "product    db.product.insertMany([{​​​ "product_name" : "Dell Laptop i5",   "product    db.product.insertMany([{​​​ "product_name" : "Dell Laptop i5",   "product    db.product.insertMany([{​​​ "product_name" : "Dell Laptop i5",   "product    db.product.insertMany([{​​​ "product_name" : "Dell Laptop i5",   "product    db.product.insertMany([{​​​ "product_name" : "Dell Laptop i5",   "product    db.product.insertMany([{​​​ "product_name" : "Dell Laptop i5",   "product    db.product.insertMany([{​​​ "product_name" : "Dell Laptop i5",   "product    db.product.insertMany([{​​​ "product_name" : "Dell Laptop i5",   "product    db.product.insertMany([{​​​ "product_name" : "Dell Laptop i5",   "product    db.product.insertMany([{​​​ "product_name" : "Dell Laptop i5",   "product    db.product.insertMany([{​​​ "product_name" : "Dell Laptop i5",   "product_price" : 125.99,   "product_qty" : 19}​​​,{​​​ "product_name" : "Acer Laptop i5",   "product_price" : 105.99,   "product_qty" : 12}​​​,{​​​ "product_name" : "HP Laptop i5",   "product_price" : 145.99,   "product_qty" : 9}​​​])
uncaught exception: SyntaxError: illegal character :
@(shell):1:24
> ​[12:20] Yadav, Balwant (Guest)
uncaught exception: SyntaxError: illegal character :
@(shell):1:0
>     product
uncaught exception: ReferenceError: product is not defined :
@(shell):1:1
> db.product
books.product
> [12:19] Trainer
uncaught exception: SyntaxError: missing ] after element list :
@(shell):1:3
>     db.product.insertMany([{​​​ "product_name" : "Dell Laptop i5",   "product_price" : 125.99,   "product_qty" : 19}​​​,{​​​ "product_n    db.product.insertMany([{​​​ "product_name" : "Dell Laptop i5",   "product_price" : 125.99,   "product_qty" : 19}​​​,{​​​ "product_n    db.product.insertMany([{​​​ "product_name" : "Dell Laptop i5",   "product_price" : 125.99,   "product_qty" : 19}​​​,{​​​ "product_n    db.product.insertMany([{​​​ "product_name" : "Dell Laptop i5",   "product_price" : 125.99,   "product_qty" : 19}​​​,{​​​ "product_n    db.product.insertMany([{​​​ "product_name" : "Dell Laptop i5",   "product_price" : 125.99,   "product_qty" : 19}​​​,{​​​ "product_n    db.product.insertMany([{​​​ "product_name" : "Dell Laptop i5",   "product_price" : 125.99,   "product_qty" : 19}​​​,{​​​ "product_n    db.product.insertMany([{​​​ "product_name" : "Dell Laptop i5",   "product_price" : 125.99,   "product_qty" : 19}​​​,{​​​ "product_n    db.product.insertMany([{​​​ "product_name" : "Dell Laptop i5",   "product_price" : 125.99,   "product_qty" : 19}​​​,{​​​ "product_n    db.product.insertMany([{​​​ "product_name" : "Dell Laptop i5",   "product_price" : 125.99,   "product_qty" : 19}​​​,{​​​ "product_n    db.product.insertMany([{​​​ "product_name" : "Dell Laptop i5",   "product_price" : 125.99,   "product_qty" : 19}​​​,{​​​ "product_n    db.product.insertMany([{​​​ "product_name" : "Dell Laptop i5",   "product_price" : 125.99,   "product_qty" : 19}​​​,{​​​ "product_n    db.product.insertMany([{​​​ "product_name" : "Dell Laptop i5",   "product_price" : 125.99,   "product_qty" : 19}​​​,{​​​ "product_n    db.product.insertMany([{​​​ "product_name" : "Dell Laptop i5",   "product_price" : 125.99,   "product_qty" : 19}​​​,{​​​ "product_n    db.product.insertMany([{​​​ "product_name" : "Dell Laptop i5",   "product_price" : 125.99,   "product_qty" : 19}​​​,{​​​ "product_n    db.product.insertMany([{​​​ "product_name" : "Dell Laptop i5",   "product_price" : 125.99,   "product_qty" : 19}​​​,{​​​ "product_n    db.product.insertMany([{​​​ "product_name" : "Dell Laptop i5",   "product_price" : 125.99,   "product_qty" : 19}​​​,{​​​ "product_n    db.product.insertMany([{​​​ "product_name" : "Dell Laptop i5",   "product_price" : 125.99,   "product_qty" : 19}​​​,{​​​ "product_name" : "Acer Laptop i5",   "product_price" : 105.99,   "product_qty" : 12}​​​,{​​​ "product_name" : "HP Laptop i5",   "product_price" : 145.99,   "product_qty" : 9}​​​])
uncaught exception: SyntaxError: illegal character :
@(shell):1:24
> ​[12:20] Yadav, Balwant (Guest)
uncaught exception: SyntaxError: illegal character :
@(shell):1:0
>     product
uncaught exception: ReferenceError: product is not defined :
@(shell):1:1
> use product
switched to db product
> db
product
> [12:19] Trainer
uncaught exception: SyntaxError: missing ] after element list :
@(shell):1:3
>     db.product.insertMany([{​​​ "product_name" : "Dell Laptop i5",   "product_price" : 125.99,   "product_qty" : 19}​​​,{​​​ "product_n    db.product.insertMany([{​​​ "product_name" : "Dell Laptop i5",   "product_price" : 125.99,   "product_qty" : 19}​​​,{​​​ "product_n    db.product.insertMany([{​​​ "product_name" : "Dell Laptop i5",   "product_price" : 125.99,   "product_qty" : 19}​​​,{​​​ "product_n    db.product.insertMany([{​​​ "product_name" : "Dell Laptop i5",   "product_price" : 125.99,   "product_qty" : 19}​​​,{​​​ "product_n    db.product.insertMany([{​​​ "product_name" : "Dell Laptop i5",   "product_price" : 125.99,   "product_qty" : 19}​​​,{​​​ "product_n    db.product.insertMany([{​​​ "product_name" : "Dell Laptop i5",   "product_price" : 125.99,   "product_qty" : 19}​​​,{​​​ "product_n    db.product.insertMany([{​​​ "product_name" : "Dell Laptop i5",   "product_price" : 125.99,   "product_qty" : 19}​​​,{​​​ "product_n    db.product.insertMany([{​​​ "product_name" : "Dell Laptop i5",   "product_price" : 125.99,   "product_qty" : 19}​​​,{​​​ "product_n    db.product.insertMany([{​​​ "product_name" : "Dell Laptop i5",   "product_price" : 125.99,   "product_qty" : 19}​​​,{​​​ "product_n    db.product.insertMany([{​​​ "product_name" : "Dell Laptop i5",   "product_price" : 125.99,   "product_qty" : 19}​​​,{​​​ "product_n    db.product.insertMany([{​​​ "product_name" : "Dell Laptop i5",   "product_price" : 125.99,   "product_qty" : 19}​​​,{​​​ "product_n    db.product.insertMany([{​​​ "product_name" : "Dell Laptop i5",   "product_price" : 125.99,   "product_qty" : 19}​​​,{​​​ "product_n    db.product.insertMany([{​​​ "product_name" : "Dell Laptop i5",   "product_price" : 125.99,   "product_qty" : 19}​​​,{​​​ "product_n    db.product.insertMany([{​​​ "product_name" : "Dell Laptop i5",   "product_price" : 125.99,   "product_qty" : 19}​​​,{​​​ "product_n    db.product.insertMany([{​​​ "product_name" : "Dell Laptop i5",   "product_price" : 125.99,   "product_qty" : 19}​​​,{​​​ "product_n    db.product.insertMany([{​​​ "product_name" : "Dell Laptop i5",   "product_price" : 125.99,   "product_qty" : 19}​​​,{​​​ "product_n    db.product.insertMany([{​​​ "product_name" : "Dell Laptop i5",   "product_price" : 125.99,   "product_qty" : 19}​​​,{​​​ "product_name" : "Acer Laptop i5",   "product_price" : 105.99,   "product_qty" : 12}​​​,{​​​ "product_name" : "HP Laptop i5",   "product_price" : 145.99,   "product_qty" : 9}​​​])
uncaught exception: SyntaxError: illegal character :
@(shell):1:24
> ​[12:20] Yadav, Balwant (Guest)
uncaught exception: SyntaxError: illegal character :
@(shell):1:0
>     product
uncaught exception: ReferenceError: product is not defined :
@(shell):1:1
> db.product.insertMany([{ "product_name" : "Dell Laptop i5",   "product_price" : 125.99,   "product_qty" : 19},{ "product_name" : "Acer Laptop i5",   "product_price" : 105.99,   "product_qty" : 12},{ "product_name" : "HP Laptop i5",   "product_price" : 145.99,   "product_qty" : 9}])
{
        "acknowledged" : true,
        "insertedIds" : [
                ObjectId("632c06a47d02ab0ae74051b8"),
                ObjectId("632c06a47d02ab0ae74051b9"),
                ObjectId("632c06a47d02ab0ae74051ba")
        ]
}
> db.product.find().pretty()
{
        "_id" : ObjectId("632c06a47d02ab0ae74051b8"),
        "product_name" : "Dell Laptop i5",
        "product_price" : 125.99,
        "product_qty" : 19
}
{
        "_id" : ObjectId("632c06a47d02ab0ae74051b9"),
        "product_name" : "Acer Laptop i5",
        "product_price" : 105.99,
        "product_qty" : 12
}
{
        "_id" : ObjectId("632c06a47d02ab0ae74051ba"),
        "product_name" : "HP Laptop i5",
        "product_price" : 145.99,
        "product_qty" : 9
}
> db.product.find({product_qty:{$gt:10}}).pretty();
{
        "_id" : ObjectId("632c06a47d02ab0ae74051b8"),
        "product_name" : "Dell Laptop i5",
        "product_price" : 125.99,
        "product_qty" : 19
}
{
        "_id" : ObjectId("632c06a47d02ab0ae74051b9"),
        "product_name" : "Acer Laptop i5",
        "product_price" : 105.99,
        "product_qty" : 12
}
> db.product.find({product_qty:{$gt:10}},{_id:0,product_price:0}).pretty();
{ "product_name" : "Dell Laptop i5", "product_qty" : 19 }
{ "product_name" : "Acer Laptop i5", "product_qty" : 12 }
> db.product.find({product_qty:{$gte:12}}).pretty();
{
        "_id" : ObjectId("632c06a47d02ab0ae74051b8"),
        "product_name" : "Dell Laptop i5",
        "product_price" : 125.99,
        "product_qty" : 19
}
{
        "_id" : ObjectId("632c06a47d02ab0ae74051b9"),
        "product_name" : "Acer Laptop i5",
        "product_price" : 105.99,
        "product_qty" : 12
}
> db.product.find({product_qty:{$gte:12}},{_id:0,product_price:0}).pretty();
{ "product_name" : "Dell Laptop i5", "product_qty" : 19 }
{ "product_name" : "Acer Laptop i5", "product_qty" : 12 }
> db.product.find({product_qty:{$lt:12}}).pretty();
{
        "_id" : ObjectId("632c06a47d02ab0ae74051ba"),
        "product_name" : "HP Laptop i5",
        "product_price" : 145.99,
        "product_qty" : 9
}
> db.product.find({product_qty:{$lte:12}}).pretty();
{
        "_id" : ObjectId("632c06a47d02ab0ae74051b9"),
        "product_name" : "Acer Laptop i5",
        "product_price" : 105.99,
        "product_qty" : 12
}
{
        "_id" : ObjectId("632c06a47d02ab0ae74051ba"),
        "product_name" : "HP Laptop i5",
        "product_price" : 145.99,
        "product_qty" : 9
}
> db.product.find({product_qty:{$in:[9,12]}}).pretty();
{
        "_id" : ObjectId("632c06a47d02ab0ae74051b9"),
        "product_name" : "Acer Laptop i5",
        "product_price" : 105.99,
        "product_qty" : 12
}
{
        "_id" : ObjectId("632c06a47d02ab0ae74051ba"),
        "product_name" : "HP Laptop i5",
        "product_price" : 145.99,
        "product_qty" : 9
}
> db.product.find({product_qty:{$in:[9,12]}},{_id:0,product_price:0}).pretty();
{ "product_name" : "Acer Laptop i5", "product_qty" : 12 }
{ "product_name" : "HP Laptop i5", "product_qty" : 9 }
> db.product.find({product_qty:{$nin:[9,12]}},{_id:0,product_price:0}).pretty();
{ "product_name" : "Dell Laptop i5", "product_qty" : 19 }
> db.product.find({$and:[
... {
... product_qty:9
... },
... {
... product_price:145.99
... }
... ]}).pretty();
{
        "_id" : ObjectId("632c06a47d02ab0ae74051ba"),
        "product_name" : "HP Laptop i5",
        "product_price" : 145.99,
        "product_qty" : 9
}
> db.product.find({$and:[
... {
... product_qty:9
... },
... {
... product_price:145.99
... }
... ]},{_id:0,product_price:0}).pretty();
{ "product_name" : "HP Laptop i5", "product_qty" : 9 }
> db.product.find({$and:[
... {
... product_qty:9
... },
... {
... product_price:145.99
... }
... ]},{_id:0,product_price:0}).pretty();
{ "product_name" : "HP Laptop i5", "product_qty" : 9 }
> db.product.find({$and:[ { product_qty:9 }, { product_price:145.99 } ]},{_id:0,product_price:0}).pretty();
{ "product_name" : "HP Laptop i5", "product_qty" : 9 }
> db.product.find({$or:[
... {
... product_qty:9
... },
... {
... product_price:105.99
... }
... ]}).pretty();
{
        "_id" : ObjectId("632c06a47d02ab0ae74051b9"),
        "product_name" : "Acer Laptop i5",
        "product_price" : 105.99,
        "product_qty" : 12
}
{
        "_id" : ObjectId("632c06a47d02ab0ae74051ba"),
        "product_name" : "HP Laptop i5",
        "product_price" : 145.99,
        "product_qty" : 9
}
> db.product.find({$or:[
... {
... product_qty:9
... },
... {
... product_price:105.99
... }
... ]},{_id:0,product_price:0}).pretty();
{ "product_name" : "Acer Laptop i5", "product_qty" : 12 }
{ "product_name" : "HP Laptop i5", "product_qty" : 9 }
> db.product.find({
... product_qty:{
... $not:{
...  $eq:9
...  }
... }}).pretty();
{
        "_id" : ObjectId("632c06a47d02ab0ae74051b8"),
        "product_name" : "Dell Laptop i5",
        "product_price" : 125.99,
        "product_qty" : 19
}
{
        "_id" : ObjectId("632c06a47d02ab0ae74051b9"),
        "product_name" : "Acer Laptop i5",
        "product_price" : 105.99,
        "product_qty" : 12
}
> db.product.find({
... product_qty:{
... $not:{
...  $eq:9
...  }
... }},{_id:0,product_price:0}).pretty();
{ "product_name" : "Dell Laptop i5", "product_qty" : 19 }
{ "product_name" : "Acer Laptop i5", "product_qty" : 12 }
> db.product.find({
... $nor:[{
...  product_qty:9
...  }]
... },{_id:0,product_price:0}).pretty();
{ "product_name" : "Dell Laptop i5", "product_qty" : 19 }
{ "product_name" : "Acer Laptop i5", "product_qty" : 12 }
> db.product.insertMany([{ "product_name" : "Dell Laptop i3","product_qty" : 0},{ "product_name" : "HP Laptop i3"}])
{
        "acknowledged" : true,
        "insertedIds" : [
                ObjectId("632c226a7d02ab0ae74051bb"),
                ObjectId("632c226a7d02ab0ae74051bc")
        ]
}
> db.product.find({
... product_price:{
...     $exists:true
... }},{_id:0,product_price:0}).pretty();
{ "product_name" : "Dell Laptop i5", "product_qty" : 19 }
{ "product_name" : "Acer Laptop i5", "product_qty" : 12 }
{ "product_name" : "HP Laptop i5", "product_qty" : 9 }
> db.product.find({
... product_price:{
...     $exists:1
... }},{_id:0,product_qty:0}).
... sort({product_price:1}).
... pretty();
{ "product_name" : "Acer Laptop i5", "product_price" : 105.99 }
{ "product_name" : "Dell Laptop i5", "product_price" : 125.99 }
{ "product_name" : "HP Laptop i5", "product_price" : 145.99 }
> db.product.find({
... product_price:{
...     $exists:1
... }},{_id:0,product_qty:0}).
... sort({product_price:1}).
... pretty();
{ "product_name" : "Acer Laptop i5", "product_price" : 105.99 }
{ "product_name" : "Dell Laptop i5", "product_price" : 125.99 }
{ "product_name" : "HP Laptop i5", "product_price" : 145.99 }
> db.product.find({ product_price:{     $exists:1 }},{_id:0,product_qty:0}). sort({product_price:-1}). pretty();
{ "product_name" : "HP Laptop i5", "product_price" : 145.99 }
{ "product_name" : "Dell Laptop i5", "product_price" : 125.99 }
{ "product_name" : "Acer Laptop i5", "product_price" : 105.99 }
> db.product.find({
... product_price:{
...     $exists:1
... }},{_id:0}).
... sort({
... product_price:1,
... product_qty:1
... }).
... pretty();
{
        "product_name" : "Acer Laptop i5",
        "product_price" : 105.99,
        "product_qty" : 12
}
{
        "product_name" : "Dell Laptop i5",
        "product_price" : 125.99,
        "product_qty" : 19
}
{
        "product_name" : "HP Laptop i5",
        "product_price" : 145.99,
        "product_qty" : 9
}
> db.product.find({ product_price:{     $exists:1 }},{_id:0}). sort({ product_price:1, product_qty:-1 }). pretty();
{
        "product_name" : "Acer Laptop i5",
        "product_price" : 105.99,
        "product_qty" : 12
}
{
        "product_name" : "Dell Laptop i5",
        "product_price" : 125.99,
        "product_qty" : 19
}
{
        "product_name" : "HP Laptop i5",
        "product_price" : 145.99,
        "product_qty" : 9
}
> db.product.find({ product_price:{     $exists:1 }},{_id:0}). sort({ product_price:-1, product_qty:-1 }). pretty();
{
        "product_name" : "HP Laptop i5",
        "product_price" : 145.99,
        "product_qty" : 9
}
{
        "product_name" : "Dell Laptop i5",
        "product_price" : 125.99,
        "product_qty" : 19
}
{
        "product_name" : "Acer Laptop i5",
        "product_price" : 105.99,
        "product_qty" : 12
}
> db.product.find({
... product_price:{
...     $exists:1
... }},{_id:0,product_qty:0}).
... sort({product_price:1}).
... limit(3).
... pretty();
{ "product_name" : "Acer Laptop i5", "product_price" : 105.99 }
{ "product_name" : "Dell Laptop i5", "product_price" : 125.99 }
{ "product_name" : "HP Laptop i5", "product_price" : 145.99 }
> db.product.find({ product_price:{     $exists:1 }},{_id:0,product_qty:0}). sort({product_price:1}). limit(2). pretty();
{ "product_name" : "Acer Laptop i5", "product_price" : 105.99 }
{ "product_name" : "Dell Laptop i5", "product_price" : 125.99 }
> db.product.find({
... product_price:{
...     $exists:1
... }},{_id:0,product_qty:0}).
... sort({product_price:1}).
... skip(3).
... limit(3).
... pretty();
> db.product.find({ product_price:{     $exists:1 }},{_id:0,product_qty:0}). sort({product_price:1}). skip(1). limit(2). pretty();
{ "product_name" : "Dell Laptop i5", "product_price" : 125.99 }
{ "product_name" : "HP Laptop i5", "product_price" : 145.99 }
> db.product.find({ product_price:{     $exists:1 }},{_id:0}). sort({ product_price:-1, product_qty:-1 }). pretty();
{
        "product_name" : "HP Laptop i5",
        "product_price" : 145.99,
        "product_qty" : 9
}
{
        "product_name" : "Dell Laptop i5",
        "product_price" : 125.99,
        "product_qty" : 19
}
{
        "product_name" : "Acer Laptop i5",
        "product_price" : 105.99,
        "product_qty" : 12
}
> db.product.find({ product_price:{     $exists:1 }},{_id:0,product_qty:0}). sort({product_price:1}). skip(1). limit(2). pretty();
{ "product_name" : "Dell Laptop i5", "product_price" : 125.99 }
{ "product_name" : "HP Laptop i5", "product_price" : 145.99 }
> db.product.updateMany(
...     {product_price:{$eq:null}},
...     {$set:{product_price:99}}
... );
{ "acknowledged" : true, "matchedCount" : 2, "modifiedCount" : 2 }
> db.product.updateMany(     {product_price:{$eq:125.99}},     {$set:{product_price:99}} );
{ "acknowledged" : true, "matchedCount" : 1, "modifiedCount" : 1 }
> db.product.find({ product_price:{     $exists:1 }},{_id:0,product_qty:0}). sort({product_price:1}). skip(1). limit(2). pretty();
{ "product_name" : "Dell Laptop i3", "product_price" : 99 }
{ "product_name" : "Dell Laptop i5", "product_price" : 99 }
> db.product.updateMany(     {product_price:{$eq:null}},     {$set:{product_price:99}} );
{ "acknowledged" : true, "matchedCount" : 0, "modifiedCount" : 0 }
> db.product.find({ product_price:{     $exists:1 }},{_id:0,product_qty:0}). sort({product_price:1}). skip(1). limit(2). pretty();
{ "product_name" : "Dell Laptop i3", "product_price" : 99 }
{ "product_name" : "Dell Laptop i5", "product_price" : 99 }
> db.product.updateMany(     {product_price:{$eq:99}},     {$set:{product_price:919}} );
{ "acknowledged" : true, "matchedCount" : 3, "modifiedCount" : 3 }
> db.product.updateMany({},
...     {
...         $rename:{
...             product_price:"prd_price"
...         }
...     }
... );
{ "acknowledged" : true, "matchedCount" : 5, "modifiedCount" : 5 }
> db.product.find({ product_price:{     $exists:1 }},{_id:0,product_qty:0}). sort({product_price:1}). skip(1). limit(2). pretty();
> db.product.updateMany({},     {         $rename:{             product_price:"prd_price"         }     } );
{ "acknowledged" : true, "matchedCount" : 5, "modifiedCount" : 0 }
> db.product.updateMany(
...     {_id:8},
...     {$set:{product_price:2999}}
... )
{ "acknowledged" : true, "matchedCount" : 0, "modifiedCount" : 0 }
> db.product.updateMany(
...     {_id:8},
...     {$set:{product_price:2999}},
...     {upsert : true}
... );
{
        "acknowledged" : true,
        "matchedCount" : 0,
        "modifiedCount" : 0,
        "upsertedId" : 8
}
> use cafeshop;
switched to db cafeshop
> db
cafeshop
> db.item
cafe{"_id":123,"itemname":"Coffe",itemprice:"55",itemweight:"200",itemqty:"20"
... {"_id":123,"itemname":"Coffe",itemprice:"55",itemweight:"200",itemqty:"20"
... {"_id":123,"itemname":"Coffe",itemprice:"55",itemweight:"200",itemqty:"20"
> db{"_id":123,"itemname":"Coffe",itemprice:"55",itemweight:"200",itemqty:"20"
> . {"_id":123,"itemname":"Coffe",itemprice:"55",itemweight:"200",itemqty:"20"
> db.product.updateMany(     {_id:8},     {$set:{product_price:2999}},     {upsert : true} );
{
        "acknowledged" : true,
        "matchedCount" : 0,
        "modifiedCount" : 0,
        "upsertedId" : 8
}
> db
cafeshop
> db.items
cafeshop.items
> db.items.insertMany([ {"_id":123,"itemname":"Coffee","itemprice":55,"itemweigdb.items.insertMany([ {"_id":123,"itemname":"Coffee","itemprice":55,"itemweigdb.items.insertMany([ {"_id":123,"itemname":"Coffee","itemprice":55,"itemweigdb.items.insertMany([ {"_id":123,"itemname":"Coffee","itemprice":55,"itemweigdb.items.insertMany([ {"_id":123,"itemname":"Coffee","itemprice":55,"itemweigdb.items.insertMany([ {"_id":123,"itemname":"Coffee","itemprice":55,"itemweigdb.items.insertMany([ {"_id":123,"itemname":"Coffee","itemprice":55,"itemweigdb.items.insertMany([ {"_id":123,"itemname":"Coffee","itemprice":55,"itemweigdb.items.insertMany([ {"_id":123,"itemname":"Coffee","itemprice":55,"itemweigdb.items.insertMany([ {"_id":123,"itemname":"Coffee","itemprice":55,"itemweigdb.items.insertMany([ {"_id":123,"itemname":"Coffee","itemprice":55,"itemweigdb.items.insertMany([ {"_id":123,"itemname":"Coffee","itemprice":55,"itemweigdb.items.insertMany([ {"_id":123,"itemname":"Coffee","itemprice":55,"itemweigdb.items.insertMany([ {"_id":123,"itemname":"Coffee","itemprice":55,"itemweigdb.items.insertMany([ {"_id":123,"itemname":"Coffee","itemprice":55,"itemweigdb.items.insertMany([ {"_id":123,"itemname":"Coffee","itemprice":55,"itemweigdb.items.insertMany([ {"_id":123,"itemname":"Coffee","itemprice":55,"itemweigdb.items.insertMany([ {"_id":123,"itemname":"Coffee","itemprice":55,"itemweigdb.items.insertMany([ {"_id":123,"itemname":"Coffee","itemprice":55,"itemweigdb.items.insertMany([ {"_id":123,"itemname":"Coffee","itemprice":55,"itemweigdb.items.insertMany([ {"_id":123,"itemname":"Coffee","itemprice":55,"itemweigdb.items.insertMany([ {"_id":123,"itemname":"Coffee","itemprice":55,"itemweigdb.items.insertMany([ {"_id":123,"itemname":"Coffee","itemprice":55,"itemweigdb.items.insertMany([ {"_id":123,"itemname":"Coffee","itemprice":55,"itemweigdb.items.insertMany([ {"_id":123,"itemname":"Coffee","itemprice":55,"itemweigdb.items.insertMany([ {"_id":123,"itemname":"Coffee","itemprice":55,"itemweigdb.items.insertMany([ {"_id":123,"itemname":"Coffee","itemprice":55,"itemweigdb.items.insertMany([ {"_id":123,"itemname":"Coffee","itemprice":55,"itemweigdb.items.insertMany([ {"_id":123,"itemname":"Coffee","itemprice":55,"itemweigdb.items.insertMany([ {"_id":123,"itemname":"Coffee","itemprice":55,"itemweigdb.items.insertMany([ {"_id":123,"itemname":"Coffee","itemprice":55,"itemweigdb.items.insertMany([ {"_id":123,"itemname":"Coffee","itemprice":55,"itemweigdb.items.insertMany([ {"_id":123,"itemname":"Coffee","itemprice":55,"itemweigdb.items.insertMany([ {"_id":123,"itemname":"Coffee","itemprice":55,"itemweigdb.items.insertMany([ {"_id":123,"itemname":"Coffee","itemprice":55,"itemweigdb.items.insertMany([ {"_id":123,"itemname":"Coffee","itemprice":55,"itemweigdb.items.insertMany([ {"_id":123,"itemname":"Coffee","itemprice":55,"itemweigdb.items.insertMany([ {"_id":123,"itemname":"Coffee","itemprice":55,"itemweigdb.items.insertMany([ {"_id":123,"itemname":"Coffee","itemprice":55,"itemweigdb.items.insertMany([ {"_id":123,"itemname":"Coffee","itemprice":55,"itemweigdb.items.insertMany([ {"_id":123,"itemname":"Coffee","itemprice":55,"itemweigdb.items.insertMany([ {"_id":123,"itemname":"Coffee","itemprice":55,"itemweigdb.items.insertMany([ {"_id":123,"itemname":"Coffee","itemprice":55,"itemweigdb.items.insertMany([ {"_id":123,"itemname":"Coffee","itemprice":55,"itemweigdb.items.insertMany([ {"_id":123,"itemname":"Coffee","itemprice":55,"itemweigdb.items.insertMany([ {"_id":123,"itemname":"Coffee","itemprice":55,"itemweigdb.items.insertMany([ {"_id":123,"itemname":"Coffee","itemprice":55,"itemweigdb.items.insertMany([ {"_id":123,"itemname":"Coffee","itemprice":55,"itemweigdb.items.insertMany([ {"_id":123,"itemname":"Coffee","itemprice":55,"itemweigdb.items.insertMany([ {"_id":123,"itemname":"Coffee","itemprice":55,"itemweigdb.items.insertMany([ {"_id":123,"itemname":"Coffee","itemprice":55,"itemweigdb.items.insertMany([ {"_id":123,"itemname":"Coffee","itemprice":55,"itemweigdb.items.insertMany([ {"_id":123,"itemname":"Coffee","itemprice":55,"itemweigdb.items.insertMany([ {"_id":123,"itemname":"Coffee","itemprice":55,"itemweigdb.items.insertMany([ {"_id":123,"itemname":"Coffee","itemprice":55,"itemweigdb.items.insertMany([ {"_id":123,"itemname":"Coffee","itemprice":55,"itemweigdb.items.insertMany([ {"_id":123,"itemname":"Coffee","itemprice":55,"itemweigdb.items.insertMany([ {"_id":123,"itemname":"Coffee","itemprice":55,"itemweigdb.items.insertMany([ {"_id":123,"itemname":"Coffee","itemprice":55,"itemweigdb.items.insertMany([ {"_id":123,"itemname":"Coffee","itemprice":55,"itemweigdb.items.insertMany([ {"_id":123,"itemname":"Coffee","itemprice":55,"itemweigdb.items.insertMany([ {"_id":123,"itemname":"Coffee","itemprice":55,"itemweigdb.items.insertMany([ {"_id":123,"itemname":"Coffee","itemprice":55,"itemweigdb.items.insertMany([ {"_id":123,"itemname":"Coffee","itemprice":55,"itemweigdb.items.insertMany([ {"_id":123,"itemname":"Coffee","itemprice":55,"itemweigdb.items.insertMany([ {"_id":123,"itemname":"Coffee","itemprice":55,"itemweigdb.items.insertMany([ {"_id":123,"itemname":"Coffee","itemprice":55,"itemweigdb.items.insertMany([ {"_id":123,"itemname":"Coffee","itemprice":55,"itemweigdb.items.insertMany([ {"_id":123,"itemname":"Coffee","itemprice":55,"itemweigdb.items.insertMany([ {"_id":123,"itemname":"Coffee","itemprice":55,"itemweigdb.items.insertMany([ {"_id":123,"itemname":"Coffee","itemprice":55,"itemweigdb.items.insertMany([ {"_id":123,"itemname":"Coffee","itemprice":55,"itemweigdb.items.insertMany([ {"_id":123,"itemname":"Coffee","itemprice":55,"itemweigdb.items.insertMany([ {"_id":123,"itemname":"Coffee","itemprice":55,"itemweigdb.items.insertMany([ {"_id":123,"itemname":"Coffee","itemprice":55,"itemweigdb.items.insertMany([ {"_id":123,"itemname":"Coffee","itemprice":55,"itemweigdb.items.insertMany([ {"_id":123,"itemname":"Coffee","itemprice":55,"itemweigdb.items.insertMany([ {"_id":123,"itemname":"Coffee","itemprice":55,"itemweigdb.items.insertMany([ {"_id":123,"itemname":"Coffee","itemprice":55,"itemweight":200,"itemqty":20}, {"_id":124,"itemname":"Poha","itemprice":95,"itemweighdb.items.insertMany([ {"_id":123,"itemname":"Coffee","itemprice":55,"itemweight":200,"itemqty":20}, {"_id":124,"itemname":"Poha","itemprice":95,"itemweighdb.items.insertMany([ {"_id":123,"itemname":"Coffee","itemprice":55,"itemweight":200,"itemqty":20}, {"_id":124,"itemname":"Poha","itemprice":95,"itemweighdb.items.insertMany([ {"_id":123,"itemname":"Coffee","itemprice":55,"itemweight":200,"itemqty":20}, {"_id":124,"itemname":"Poha","itemprice":95,"itemweighdb.items.insertMany([ {"_id":123,"itemname":"Coffee","itemprice":55,"itemweight":200,"itemqty":20}, {"_id":124,"itemname":"Poha","itemprice":95,"itemweighdb.items.insertMany([ {"_id":123,"itemname":"Coffee","itemprice":55,"itemweight":200,"itemqty":20}, {"_id":124,"itemname":"Poha","itemprice":95,"itemweighdb.items.insertMany([ {"_id":123,"itemname":"Coffee","itemprice":55,"itemweight":200,"itemqty":20}, {"_id":124,"itemname":"Poha","itemprice":95,"itemweighdb.items.insertMany([ {"_id":123,"itemname":"Coffee","itemprice":55,"itemweight":200,"itemqty":20}, {"_id":124,"itemname":"Poha","itemprice":95,"itemweighdb.items.insertMany([ {"_id":123,"itemname":"Coffee","itemprice":55,"itemweight":200,"itemqty":20}, {"_id":124,"itemname":"Poha","itemprice":95,"itemweighdb.items.insertMany([ {"_id":123,"itemname":"Coffee","itemprice":55,"itemweight":200,"itemqty":20}, {"_id":124,"itemname":"Poha","itemprice":95,"itemweighdb.items.insertMany([ {"_id":123,"itemname":"Coffee","itemprice":55,"itemweight":200,"itemqty":20}, {"_id":124,"itemname":"Poha","itemprice":95,"itemweighdb.items.insertMany([ {"_id":123,"itemname":"Coffee","itemprice":55,"itemweight":200,"itemqty":20}, {"_id":124,"itemname":"Poha","itemprice":95,"itemweighdb.items.insertMany([ {"_id":123,"itemname":"Coffee","itemprice":55,"itemweight":200,"itemqty":20}, {"_id":124,"itemname":"Poha","itemprice":95,"itemweighdb.items.insertMany([ {"_id":123,"itemname":"Coffee","itemprice":55,"itemweight":200,"itemqty":20}, {"_id":124,"itemname":"Poha","itemprice":95,"itemweighdb.items.insertMany([ {"_id":123,"itemname":"Coffee","itemprice":55,"itemweight":200,"itemqty":20}, {"_id":124,"itemname":"Poha","itemprice":95,"itemweighdb.items.insertMany([ {"_id":123,"itemname":"Coffee","itemprice":55,"itemweight":200,"itemqty":20}, {"_id":124,"itemname":"Poha","itemprice":95,"itemweighdb.items.insertMany([ {"_id":123,"itemname":"Coffee","itemprice":55,"itemweight":200,"itemqty":20}, {"_id":124,"itemname":"Poha","itemprice":95,"itemweighdb.items.insertMany([ {"_id":123,"itemname":"Coffee","itemprice":55,"itemweight":200,"itemqty":20}, {"_id":124,"itemname":"Poha","itemprice":95,"itemweighdb.items.insertMany([ {"_id":123,"itemname":"Coffee","itemprice":55,"itemweight":200,"itemqty":20}, {"_id":124,"itemname":"Poha","itemprice":95,"itemweighdb.items.insertMany([ {"_id":123,"itemname":"Coffee","itemprice":55,"itemweight":200,"itemqty":20}, {"_id":124,"itemname":"Poha","itemprice":95,"itemweighdb.items.insertMany([ {"_id":123,"itemname":"Coffee","itemprice":55,"itemweight":200,"itemqty":20}, {"_id":124,"itemname":"Poha","itemprice":95,"itemweighdb.items.insertMany([ {"_id":123,"itemname":"Coffee","itemprice":55,"itemweight":200,"itemqty":20}, {"_id":124,"itemname":"Poha","itemprice":95,"itemweighdb.items.insertMany([ {"_id":123,"itemname":"Coffee","itemprice":55,"itemweight":200,"itemqty":20}, {"_id":124,"itemname":"Poha","itemprice":95,"itemweighdb.items.insertMany([ {"_id":123,"itemname":"Coffee","itemprice":55,"itemweight":200,"itemqty":20}, {"_id":124,"itemname":"Poha","itemprice":95,"itemweighdb.items.insertMany([ {"_id":123,"itemname":"Coffee","itemprice":55,"itemweight":200,"itemqty":20}, {"_id":124,"itemname":"Poha","itemprice":95,"itemweighdb.items.insertMany([ {"_id":123,"itemname":"Coffee","itemprice":55,"itemweight":200,"itemqty":20}, {"_id":124,"itemname":"Poha","itemprice":95,"itemweighdb.items.insertMany([ {"_id":123,"itemname":"Coffee","itemprice":55,"itemweight":200,"itemqty":20}, {"_id":124,"itemname":"Poha","itemprice":95,"itemweighdb.items.insertMany([ {"_id":123,"itemname":"Coffee","itemprice":55,"itemweight":200,"itemqty":20}, {"_id":124,"itemname":"Poha","itemprice":95,"itemweighdb.items.insertMany([ {"_id":123,"itemname":"Coffee","itemprice":55,"itemweight":200,"itemqty":20}, {"_id":124,"itemname":"Poha","itemprice":95,"itemweighdb.items.insertMany([ {"_id":123,"itemname":"Coffee","itemprice":55,"itemweight":200,"itemqty":20}, {"_id":124,"itemname":"Poha","itemprice":95,"itemweighdb.items.insertMany([ {"_id":123,"itemname":"Coffee","itemprice":55,"itemweight":200,"itemqty":20}, {"_id":124,"itemname":"Poha","itemprice":95,"itemweighdb.items.insertMany([ {"_id":123,"itemname":"Coffee","itemprice":55,"itemweight":200,"itemqty":20}, {"_id":124,"itemname":"Poha","itemprice":95,"itemweight":250,"itemqty":25},  {"_id":128,"itemname":"SandWich","itemprice":155,"itemweight":300,"itemqty":15} ])
{ "acknowledged" : true, "insertedIds" : [ 123, 124, 128 ] }
> db.items.aggregate([
...
...
...
... {
...     $group: {
...        _id:null,
...        totalQty : {$sum : '$itemqty'}
...     },
... },
...
...
...
... ]);
{ "_id" : null, "totalQty" : 60 }
> db.items.aggregate([     {     $group: {        _id:null,        totalQty : {$sum : '$itemqty'}     }, },  { $projection :{id:0}}   ]);
uncaught exception: Error: command failed: {
        "ok" : 0,
        "errmsg" : "Unrecognized pipeline stage name: '$projection'",
        "code" : 40324,
        "codeName" : "Location40324"
} with original command request: {
        "aggregate" : "items",
        "pipeline" : [
                {
                        "$group" : {
                                "_id" : null,
                                "totalQty" : {
                                        "$sum" : "$itemqty"
                                }
                        }
                },
                {
                        "$projection" : {
                                "id" : 0
                        }
                }
        ],
        "cursor" : {

        },
        "lsid" : {
                "id" : UUID("739c725c-2c82-420b-9f7f-3db4a4598b34")
        }
} on connection: connection to 127.0.0.1:27017 : aggregate failed :
_getErrorWithCode@src/mongo/shell/utils.js:25:13
doassert@src/mongo/shell/assert.js:18:14
_assertCommandWorked@src/mongo/shell/assert.js:759:17
assert.commandWorked@src/mongo/shell/assert.js:851:16
DB.prototype._runAggregate@src/mongo/shell/db.js:281:5
DBCollection.prototype.aggregate@src/mongo/shell/collection.js:1058:12
@(shell):1:1
> db.items.aggregate([
...
...
...
... {
...     $group: {
...        _id:null,
...        totalQty : {$sum : '$itemqty'}
...     },
... },
... { $project : {_id:0}},
...
...
...
... ]);
{ "totalQty" : 60 }
> db.items.find().pretty()
{
        "_id" : 123,
        "itemname" : "Coffee",
        "itemprice" : 55,
        "itemweight" : 200,
        "itemqty" : 20
}
{
        "_id" : 124,
        "itemname" : "Poha",
        "itemprice" : 95,
        "itemweight" : 250,
        "itemqty" : 25
}
{
        "_id" : 128,
        "itemname" : "SandWich",
        "itemprice" : 155,
        "itemweight" : 300,
        "itemqty" : 15
}
> db.items.insertMany([ {"_id":129,"itemname":"Coffee","itemprice":155,"itemweight":500,"itemqty":20}, {"_id":134,"itemname":"Poha","itemprice":295,"itemweight":500,"itemqty":25},  {"_id":138,"itemname":"SandWich","itemprice":355,"itemweight":500,"itemqty":15} ])
{ "acknowledged" : true, "insertedIds" : [ 129, 134, 138 ] }
> db.items.aggregate([  { $group: {    _id:'$itemname',    totalQty : {$sum : '$itemqty'} }, },  ]);
{ "_id" : "Coffee", "totalQty" : 40 }
{ "_id" : "Poha", "totalQty" : 50 }
{ "_id" : "SandWich", "totalQty" : 30 }
> db.items.aggregate([
... {
... $group: {
...      _id:'$itemname',
...      totalQty : {$sum : '$itemqty'} ,
... },
... },
... {$match:{totalQty:{$gt:30}}},
... ]);
{ "_id" : "Coffee", "totalQty" : 40 }
{ "_id" : "Poha", "totalQty" : 50 }
> db.items.aggregate([
... {
... $group: {
...      _id:'$itemname',
...      totalQty : {$sum : '$itemqty'} ,
... },
... },
... {$match:{totalQty:{$gt:30}}},
... {$sort:{totalQty:1}},
... ]);
{ "_id" : "Coffee", "totalQty" : 40 }
{ "_id" : "Poha", "totalQty" : 50 }
> db.items.aggregate([
... {
... $group: {
...      _id:'$itemname',
...      totalQty : {$sum : '$itemqty'} ,
... },
... },
... {$match:{totalQty:{$gt:30}}},
... {$sort:{totalQty:-1}},
... ]);
{ "_id" : "Poha", "totalQty" : 50 }
{ "_id" : "Coffee", "totalQty" : 40 }
> db.items.aggregate([
... {
... $group: {
...      _id:'$itemname',
...      totalQty : {$sum : '$itemqty'} ,
... },
... },
... {$match:{totalQty:{$gt:30}}},
... {$sort:{totalQty:-1}},
... ]);
{ "_id" : "Poha", "totalQty" : 50 }
{ "_id" : "Coffee", "totalQty" : 40 }
> db.items.aggregate([  { $group: {    _id:'$itemname',    itemsCount:{$count:{}} }, },  ]);
{ "_id" : "Coffee", "itemsCount" : 2 }
{ "_id" : "Poha", "itemsCount" : 2 }
{ "_id" : "SandWich", "itemsCount" : 2 }
> db.items.aggregate([  { $group: {    _id:null,    itemsCount:{$count:{}} }, },  ]);
{ "_id" : null, "itemsCount" : 6 }
> db.items.insertMany([ {"_id":139,"itemname":"Coffee","itemprice":355,"itemweight":750,"itemqty":15}, {"_id":144,"itemname":"Poha","itemprice":495,"itemweight":750,"itemqty":5}])
{ "acknowledged" : true, "insertedIds" : [ 139, 144 ] }
> db.items.aggregate([  { $group: {    _id:'$itemname',    itemsCount:{$count:{}} }, },  ]);
{ "_id" : "Coffee", "itemsCount" : 3 }
{ "_id" : "Poha", "itemsCount" : 3 }
{ "_id" : "SandWich", "itemsCount" : 2 }
> db.items.aggregate([  { $group: {    _id:'$itemname',    itemsCount:{$count:{}} }, },
... {
...   $match : { itemsCount:{$gt:2} },
... },
... ]);
{ "_id" : "Coffee", "itemsCount" : 3 }
{ "_id" : "Poha", "itemsCount" : 3 }
> db.items.aggregate([  { $group: {    _id:'$itemname',    itemsCount:{$count:{}} }, }, {   $match : { itemsCount:{$gt:2} }, },{sort:totalQty:-1} ]);
uncaught exception: SyntaxError: missing } after property list :
@(shell):1:139
> db.items.aggregate([  { $group: {    _id:'$itemname',    itemsCount:{$count:{}} }, }, {   $match : { itemsCount:{$gt:2} }, },{sort:{totalQty:-1}}, ]);
uncaught exception: Error: command failed: {
        "ok" : 0,
        "errmsg" : "Unrecognized pipeline stage name: 'sort'",
        "code" : 40324,
        "codeName" : "Location40324"
} with original command request: {
        "aggregate" : "items",
        "pipeline" : [
                {
                        "$group" : {
                                "_id" : "$itemname",
                                "itemsCount" : {
                                        "$count" : {

                                        }
                                }
                        }
                },
                {
                        "$match" : {
                                "itemsCount" : {
                                        "$gt" : 2
                                }
                        }
                },
                {
                        "sort" : {
                                "totalQty" : -1
                        }
                }
        ],
        "cursor" : {

        },
        "lsid" : {
                "id" : UUID("739c725c-2c82-420b-9f7f-3db4a4598b34")
        }
} on connection: connection to 127.0.0.1:27017 : aggregate failed :
_getErrorWithCode@src/mongo/shell/utils.js:25:13
doassert@src/mongo/shell/assert.js:18:14
_assertCommandWorked@src/mongo/shell/assert.js:759:17
assert.commandWorked@src/mongo/shell/assert.js:851:16
DB.prototype._runAggregate@src/mongo/shell/db.js:281:5
DBCollection.prototype.aggregate@src/mongo/shell/collection.js:1058:12
@(shell):1:1
> db.items.aggregate([  { $group: {    _id:'$itemname',    itemsCount:{$count:{}} }, }, {   $match : { itemsCount:{$gt:2} }, },{$sort:{totalQty:-1}}, ]);
{ "_id" : "Coffee", "itemsCount" : 3 }
{ "_id" : "Poha", "itemsCount" : 3 }
> db.items.aggregate([  { $group: {    _id:'$itemname',    avgQty:{$avg:'$itemqty'} }, },  ]);
{ "_id" : "Coffee", "avgQty" : 18.333333333333332 }
{ "_id" : "Poha", "avgQty" : 18.333333333333332 }
{ "_id" : "SandWich", "avgQty" : 15 }
> db.items.aggregate([  { $group: {    _id:'$itemname',    avgQty:{$avg:'$itemqty'} }, },
... {
...   $match : { avgQty:{$gt:15} },
... },
... ]);
{ "_id" : "Coffee", "avgQty" : 18.333333333333332 }
{ "_id" : "Poha", "avgQty" : 18.333333333333332 }
> db.items.aggregate([  { $group: {    _id:'$itemname',    avgQty:{$avg:'$itemqty'} }, },
... {
...   $match : { avgQty:{$gt:15} },
... },
... ]);
{ "_id" : "Coffee", "avgQty" : 18.333333333333332 }
{ "_id" : "Poha", "avgQty" : 18.333333333333332 }
> db.items.aggregate([  { $group: {    _id:'$itemname',    avgQty:{$avg:'$itemqty'} }, },
... {
...   $match : { avgQty:{$gt:15} },
... },
... {$sort:{totalQty:-1}},
... ]);
{ "_id" : "Coffee", "avgQty" : 18.333333333333332 }
{ "_id" : "Poha", "avgQty" : 18.333333333333332 }
> db.items.aggregate([
... {
... $group: {
... _id:'$itemname',
... avgAmt:{$avg:{$multiply :['$itemqty','$itemprice']}} }, },
... {
...   $match : { avgAmt:{$gt:3200} },
... },
... {$sort:{avgAmt:-1}},
... ]);
{ "_id" : "Poha", "avgAmt" : 4075 }
{ "_id" : "SandWich", "avgAmt" : 3825 }
> db.items.aggregate([  { $group: {    _id:null,    maxQty:{$max:'$itemqty'} }, },
... { $project : {_id:0}},
... ]);
{ "maxQty" : 25 }
> db.items.aggregate([  { $group: {    _id:'$itemname',    maxQty:{$max:'$itemqty'} }, },
... ]);
{ "_id" : "Coffee", "maxQty" : 20 }
{ "_id" : "Poha", "maxQty" : 25 }
{ "_id" : "SandWich", "maxQty" : 15 }
> db.items.aggregate([  { $group: {    _id:null,    minQty:{$min:'$itemqty'} }, },
... { $project : {_id:0}},
... ]);
{ "minQty" : 5 }
> db.items.aggregate([  { $group: {    _id:'$itemname',    minQty:{$min:'$itemqty'} }, },
... ]);
{ "_id" : "Coffee", "minQty" : 15 }
{ "_id" : "Poha", "minQty" : 5 }
{ "_id" : "SandWich", "minQty" : 15 }
>































































db
test
> shows db
uncaught exception: SyntaxError: unexpected token: identifier :
@(shell):1:6
> show dbs
admin   0.000GB
config  0.000GB
local   0.000GB
> use books
switched to db books
> db
books
> db.books.insertOne({name:"alam",email:"abc@gmail.com"})
{
        "acknowledged" : true,
        "insertedId" : ObjectId("632be9e87d02ab0ae74051b1")
}
> show dbs
admin   0.000GB
books   0.000GB
config  0.000GB
local   0.000GB
> db.books.find()
{ "_id" : ObjectId("632be9e87d02ab0ae74051b1"), "name" : "alam", "email" : "abc@gmail.com" }
> db.books.find().pretty()
{
        "_id" : ObjectId("632be9e87d02ab0ae74051b1"),
        "name" : "alam",
        "email" : "abc@gmail.com"
}
> db.books.insertMany[({name:"alam",email:"abc@gmail.com"},{age:"25",name:"sandeeep"},{author:"xyz",age:"40"}])
uncaught exception: SyntaxError: missing ) in parenthetical :
@(shell):1:107
> db.books.insertMany([{name:"alam",email:"abc@gmail.com"},{age:"25",name:"sandeeep"},{author:"xyz",age:"40"}])
{
        "acknowledged" : true,
        "insertedIds" : [
                ObjectId("632beb387d02ab0ae74051b2"),
                ObjectId("632beb387d02ab0ae74051b3"),
                ObjectId("632beb387d02ab0ae74051b4")
        ]
}
> db.books.find().pretty()
{
        "_id" : ObjectId("632be9e87d02ab0ae74051b1"),
        "name" : "alam",
        "email" : "abc@gmail.com"
}
{
        "_id" : ObjectId("632beb387d02ab0ae74051b2"),
        "name" : "alam",
        "email" : "abc@gmail.com"
}
{
        "_id" : ObjectId("632beb387d02ab0ae74051b3"),
        "age" : "25",
        "name" : "sandeeep"
}
{
        "_id" : ObjectId("632beb387d02ab0ae74051b4"),
        "author" : "xyz",
        "age" : "40"
}
> db.books.updateOne({"author":"xyz"},{$set:{"age":"30"}})
{ "acknowledged" : true, "matchedCount" : 1, "modifiedCount" : 1 }
> db.books.find().pretty()
{
        "_id" : ObjectId("632be9e87d02ab0ae74051b1"),
        "name" : "alam",
        "email" : "abc@gmail.com"
}
{
        "_id" : ObjectId("632beb387d02ab0ae74051b2"),
        "name" : "alam",
        "email" : "abc@gmail.com"
}
{
        "_id" : ObjectId("632beb387d02ab0ae74051b3"),
        "age" : "25",
        "name" : "sandeeep"
}
{
        "_id" : ObjectId("632beb387d02ab0ae74051b4"),
        "author" : "xyz",
        "age" : "30"
}
> db.books.insertMany([{name:"alam",email:"abc@gmail.com"},{age:"25",name:"sanddb.books.insertMany[({name:"alam",email:"abc@gmail.com"},{age:"25",name:"sanddb.books.insertMany[({name:"alam",email:"abc@gmail.com"},{age:"25",name:"sanddb.books.insertMany([{name:"alam",email:"abc@gmail.com"},{age:"25",name:"sanddb.books.insertMany([{name:"alam",email:"abc@gmail.com"},{age:"25",name:"sanddb.books.insertMany[({name:"alam",email:"abc@gmail.com"},{age:"25",name:"sand
> db.books.find({},{age:1}).pretty()
{ "_id" : ObjectId("632be9e87d02ab0ae74051b1") }
{ "_id" : ObjectId("632beb387d02ab0ae74051b2") }
{ "_id" : ObjectId("632beb387d02ab0ae74051b3"), "age" : "25" }
{ "_id" : ObjectId("632beb387d02ab0ae74051b4"), "age" : "30" }
> db.customer
books.customer
> db.customer.insertMany([
... {
... customerName:"alam",
... customerEmail:"as@gmail.com",
... customerAddress{
... city:up;
... state:up;}
... }])
uncaught exception: SyntaxError: missing : after property id :
@(shell):5:15
> db.customer.insertMany([ { customerName: "Rama", customerEmail: "ram@gmail.com", customerAddress:{ city:"Bangalore", state:"Karnataka" } },{ customerName: "Raja", customerEmail: "raj@gmail.com", customerAddress:{ city:"Hyderabad", state:"Telangana" } }]);
{
        "acknowledged" : true,
        "insertedIds" : [
                ObjectId("632c007a7d02ab0ae74051b5"),
                ObjectId("632c007a7d02ab0ae74051b6")
        ]
}
> db.customer.find().pretty()
{
        "_id" : ObjectId("632c007a7d02ab0ae74051b5"),
        "customerName" : "Rama",
        "customerEmail" : "ram@gmail.com",
        "customerAddress" : {
                "city" : "Bangalore",
                "state" : "Karnataka"
        }
}
{
        "_id" : ObjectId("632c007a7d02ab0ae74051b6"),
        "customerName" : "Raja",
        "customerEmail" : "raj@gmail.com",
        "customerAddress" : {
                "city" : "Hyderabad",
                "state" : "Telangana"
        }
}
> db.books.find({published_year:"2012"},{title:1,author:1,published_year:1,_id:0}).pretty();
> db.books.find({published_year:"2012"},{title:1,author:1,published_year:1,_id:0}).pretty();
> db.books.find({published_year:"2012"},{title:1,author:1,published_year:1,_id:0}).pretty()
> db.books.find({published_year:"2012"},{title:1,author:1,published_year:1,_id:0}).pretty(
> db.books.find({published_year:"2012"},{title:1,author:1,published_year:1,_id:0}).pretty
> db.books.find({published_year:"2012"},{title:1,author:1,published_year:1,_id:0}).prett
> db.books.find({published_year:"2012"},{title:1,author:1,published_year:1,_id:0}).pret
> db.books.find({published_year:"2012"},{title:1,author:1,published_year:1,_id:0}).pre
> db.books.find({published_year:"2012"},{title:1,author:1,published_year:1,_id:0}).pr
> db.books.find({published_year:"2012"},{title:1,author:1,published_year:1,_id:0}).p
> db.books.find({published_year:"2012"},{title:1,author:1,published_year:1,_id:0}).
> db.books.find({published_year:"2012"},{title:1,author:1,published_year:1,_id:0})
> db.books.find({published_year:"2012"},{title:1,author:1,published_year:1,_id:0}
> db.books.find({published_year:"2012"},{title:1,author:1,published_year:1,_id:0
> db.books.find({published_year:"2012"},{title:1,author:1,published_year:1,_id:
> db.books.find({published_year:"2012"},{title:1,author:1,published_year:1,_id:0}).pretty();
> db.books.find({published_year:"2012"},{title:1,author:1,published_year:1,_i
> db.books.find({published_year:
...
...
...
... {$eq:"2012"}
... },
... {title:1,author:1,published_year:1,_id:0}).pretty();
> db.books.find({author:  {$ne:"John Grisham"} },
... {title:1,author:1,published_year:1,_id:0}).pretty();
{ }
{ }
{ }
{ "author" : "xyz" }
> db.customer.find({
...   "customerAddress.city" : {
...     $ne:"Bangalore"
...    }
... },{customerName:1,"customerAddress.city":1,_id:0}).pretty();
{ "customerName" : "Raja", "customerAddress" : { "city" : "Hyderabad" } }
> show collections
books
customer
> db.product
books.product
> db.product.insertmany([{productname:"dell",productPrice:"102k",productQt:"12"}])
uncaught exception: TypeError: db.product.insertmany is not a function :
@(shell):1:1
> db.product.insertMany([{productname:"dell",productPrice:"102k",productQt:"12"}])
{
        "acknowledged" : true,
        "insertedIds" : [
                ObjectId("632c058a7d02ab0ae74051b7")
        ]
}
> show dbs
admin   0.000GB
books   0.000GB
config  0.000GB
local   0.000GB
> p
uncaught exception: ReferenceError: p is not defined :
@(shell):1:1
> [12:19] Trainer
uncaught exception: SyntaxError: missing ] after element list :
@(shell):1:3
>     db.product.insertMany([{​​​ "product_name" : "Dell Laptop i5",   "product    db.product.insertMany([{​​​ "product_name" : "Dell Laptop i5",   "product    db.product.insertMany([{​​​ "product_name" : "Dell Laptop i5",   "product    db.product.insertMany([{​​​ "product_name" : "Dell Laptop i5",   "product    db.product.insertMany([{​​​ "product_name" : "Dell Laptop i5",   "product    db.product.insertMany([{​​​ "product_name" : "Dell Laptop i5",   "product    db.product.insertMany([{​​​ "product_name" : "Dell Laptop i5",   "product    db.product.insertMany([{​​​ "product_name" : "Dell Laptop i5",   "product    db.product.insertMany([{​​​ "product_name" : "Dell Laptop i5",   "product    db.product.insertMany([{​​​ "product_name" : "Dell Laptop i5",   "product    db.product.insertMany([{​​​ "product_name" : "Dell Laptop i5",   "product    db.product.insertMany([{​​​ "product_name" : "Dell Laptop i5",   "product    db.product.insertMany([{​​​ "product_name" : "Dell Laptop i5",   "product    db.product.insertMany([{​​​ "product_name" : "Dell Laptop i5",   "product    db.product.insertMany([{​​​ "product_name" : "Dell Laptop i5",   "product    db.product.insertMany([{​​​ "product_name" : "Dell Laptop i5",   "product    db.product.insertMany([{​​​ "product_name" : "Dell Laptop i5",   "product    db.product.insertMany([{​​​ "product_name" : "Dell Laptop i5",   "product    db.product.insertMany([{​​​ "product_name" : "Dell Laptop i5",   "product    db.product.insertMany([{​​​ "product_name" : "Dell Laptop i5",   "product    db.product.insertMany([{​​​ "product_name" : "Dell Laptop i5",   "product    db.product.insertMany([{​​​ "product_name" : "Dell Laptop i5",   "product    db.product.insertMany([{​​​ "product_name" : "Dell Laptop i5",   "product    db.product.insertMany([{​​​ "product_name" : "Dell Laptop i5",   "product    db.product.insertMany([{​​​ "product_name" : "Dell Laptop i5",   "product    db.product.insertMany([{​​​ "product_name" : "Dell Laptop i5",   "product_price" : 125.99,   "product_qty" : 19}​​​,{​​​ "product_name" : "Acer Laptop i5",   "product_price" : 105.99,   "product_qty" : 12}​​​,{​​​ "product_name" : "HP Laptop i5",   "product_price" : 145.99,   "product_qty" : 9}​​​])
uncaught exception: SyntaxError: illegal character :
@(shell):1:24
> ​[12:20] Yadav, Balwant (Guest)
uncaught exception: SyntaxError: illegal character :
@(shell):1:0
>     product
uncaught exception: ReferenceError: product is not defined :
@(shell):1:1
> [12:19] Trainer
uncaught exception: SyntaxError: missing ] after element list :
@(shell):1:3
>     db.product.insertMany([{​​​ "product_name" : "Dell Laptop i5",   "product    db.product.insertMany([{​​​ "product_name" : "Dell Laptop i5",   "product    db.product.insertMany([{​​​ "product_name" : "Dell Laptop i5",   "product    db.product.insertMany([{​​​ "product_name" : "Dell Laptop i5",   "product    db.product.insertMany([{​​​ "product_name" : "Dell Laptop i5",   "product    db.product.insertMany([{​​​ "product_name" : "Dell Laptop i5",   "product    db.product.insertMany([{​​​ "product_name" : "Dell Laptop i5",   "product    db.product.insertMany([{​​​ "product_name" : "Dell Laptop i5",   "product    db.product.insertMany([{​​​ "product_name" : "Dell Laptop i5",   "product    db.product.insertMany([{​​​ "product_name" : "Dell Laptop i5",   "product    db.product.insertMany([{​​​ "product_name" : "Dell Laptop i5",   "product    db.product.insertMany([{​​​ "product_name" : "Dell Laptop i5",   "product    db.product.insertMany([{​​​ "product_name" : "Dell Laptop i5",   "product    db.product.insertMany([{​​​ "product_name" : "Dell Laptop i5",   "product    db.product.insertMany([{​​​ "product_name" : "Dell Laptop i5",   "product    db.product.insertMany([{​​​ "product_name" : "Dell Laptop i5",   "product    db.product.insertMany([{​​​ "product_name" : "Dell Laptop i5",   "product    db.product.insertMany([{​​​ "product_name" : "Dell Laptop i5",   "product    db.product.insertMany([{​​​ "product_name" : "Dell Laptop i5",   "product    db.product.insertMany([{​​​ "product_name" : "Dell Laptop i5",   "product    db.product.insertMany([{​​​ "product_name" : "Dell Laptop i5",   "product    db.product.insertMany([{​​​ "product_name" : "Dell Laptop i5",   "product    db.product.insertMany([{​​​ "product_name" : "Dell Laptop i5",   "product    db.product.insertMany([{​​​ "product_name" : "Dell Laptop i5",   "product    db.product.insertMany([{​​​ "product_name" : "Dell Laptop i5",   "product    db.product.insertMany([{​​​ "product_name" : "Dell Laptop i5",   "product_price" : 125.99,   "product_qty" : 19}​​​,{​​​ "product_name" : "Acer Laptop i5",   "product_price" : 105.99,   "product_qty" : 12}​​​,{​​​ "product_name" : "HP Laptop i5",   "product_price" : 145.99,   "product_qty" : 9}​​​])
uncaught exception: SyntaxError: illegal character :
@(shell):1:24
> ​[12:20] Yadav, Balwant (Guest)
uncaught exception: SyntaxError: illegal character :
@(shell):1:0
>     product
uncaught exception: ReferenceError: product is not defined :
@(shell):1:1
> db.product
books.product
> [12:19] Trainer
uncaught exception: SyntaxError: missing ] after element list :
@(shell):1:3
>     db.product.insertMany([{​​​ "product_name" : "Dell Laptop i5",   "product_price" : 125.99,   "product_qty" : 19}​​​,{​​​ "product_n    db.product.insertMany([{​​​ "product_name" : "Dell Laptop i5",   "product_price" : 125.99,   "product_qty" : 19}​​​,{​​​ "product_n    db.product.insertMany([{​​​ "product_name" : "Dell Laptop i5",   "product_price" : 125.99,   "product_qty" : 19}​​​,{​​​ "product_n    db.product.insertMany([{​​​ "product_name" : "Dell Laptop i5",   "product_price" : 125.99,   "product_qty" : 19}​​​,{​​​ "product_n    db.product.insertMany([{​​​ "product_name" : "Dell Laptop i5",   "product_price" : 125.99,   "product_qty" : 19}​​​,{​​​ "product_n    db.product.insertMany([{​​​ "product_name" : "Dell Laptop i5",   "product_price" : 125.99,   "product_qty" : 19}​​​,{​​​ "product_n    db.product.insertMany([{​​​ "product_name" : "Dell Laptop i5",   "product_price" : 125.99,   "product_qty" : 19}​​​,{​​​ "product_n    db.product.insertMany([{​​​ "product_name" : "Dell Laptop i5",   "product_price" : 125.99,   "product_qty" : 19}​​​,{​​​ "product_n    db.product.insertMany([{​​​ "product_name" : "Dell Laptop i5",   "product_price" : 125.99,   "product_qty" : 19}​​​,{​​​ "product_n    db.product.insertMany([{​​​ "product_name" : "Dell Laptop i5",   "product_price" : 125.99,   "product_qty" : 19}​​​,{​​​ "product_n    db.product.insertMany([{​​​ "product_name" : "Dell Laptop i5",   "product_price" : 125.99,   "product_qty" : 19}​​​,{​​​ "product_n    db.product.insertMany([{​​​ "product_name" : "Dell Laptop i5",   "product_price" : 125.99,   "product_qty" : 19}​​​,{​​​ "product_n    db.product.insertMany([{​​​ "product_name" : "Dell Laptop i5",   "product_price" : 125.99,   "product_qty" : 19}​​​,{​​​ "product_n    db.product.insertMany([{​​​ "product_name" : "Dell Laptop i5",   "product_price" : 125.99,   "product_qty" : 19}​​​,{​​​ "product_n    db.product.insertMany([{​​​ "product_name" : "Dell Laptop i5",   "product_price" : 125.99,   "product_qty" : 19}​​​,{​​​ "product_n    db.product.insertMany([{​​​ "product_name" : "Dell Laptop i5",   "product_price" : 125.99,   "product_qty" : 19}​​​,{​​​ "product_n    db.product.insertMany([{​​​ "product_name" : "Dell Laptop i5",   "product_price" : 125.99,   "product_qty" : 19}​​​,{​​​ "product_name" : "Acer Laptop i5",   "product_price" : 105.99,   "product_qty" : 12}​​​,{​​​ "product_name" : "HP Laptop i5",   "product_price" : 145.99,   "product_qty" : 9}​​​])
uncaught exception: SyntaxError: illegal character :
@(shell):1:24
> ​[12:20] Yadav, Balwant (Guest)
uncaught exception: SyntaxError: illegal character :
@(shell):1:0
>     product
uncaught exception: ReferenceError: product is not defined :
@(shell):1:1
> use product
switched to db product
> db
product
> [12:19] Trainer
uncaught exception: SyntaxError: missing ] after element list :
@(shell):1:3
>     db.product.insertMany([{​​​ "product_name" : "Dell Laptop i5",   "product_price" : 125.99,   "product_qty" : 19}​​​,{​​​ "product_n    db.product.insertMany([{​​​ "product_name" : "Dell Laptop i5",   "product_price" : 125.99,   "product_qty" : 19}​​​,{​​​ "product_n    db.product.insertMany([{​​​ "product_name" : "Dell Laptop i5",   "product_price" : 125.99,   "product_qty" : 19}​​​,{​​​ "product_n    db.product.insertMany([{​​​ "product_name" : "Dell Laptop i5",   "product_price" : 125.99,   "product_qty" : 19}​​​,{​​​ "product_n    db.product.insertMany([{​​​ "product_name" : "Dell Laptop i5",   "product_price" : 125.99,   "product_qty" : 19}​​​,{​​​ "product_n    db.product.insertMany([{​​​ "product_name" : "Dell Laptop i5",   "product_price" : 125.99,   "product_qty" : 19}​​​,{​​​ "product_n    db.product.insertMany([{​​​ "product_name" : "Dell Laptop i5",   "product_price" : 125.99,   "product_qty" : 19}​​​,{​​​ "product_n    db.product.insertMany([{​​​ "product_name" : "Dell Laptop i5",   "product_price" : 125.99,   "product_qty" : 19}​​​,{​​​ "product_n    db.product.insertMany([{​​​ "product_name" : "Dell Laptop i5",   "product_price" : 125.99,   "product_qty" : 19}​​​,{​​​ "product_n    db.product.insertMany([{​​​ "product_name" : "Dell Laptop i5",   "product_price" : 125.99,   "product_qty" : 19}​​​,{​​​ "product_n    db.product.insertMany([{​​​ "product_name" : "Dell Laptop i5",   "product_price" : 125.99,   "product_qty" : 19}​​​,{​​​ "product_n    db.product.insertMany([{​​​ "product_name" : "Dell Laptop i5",   "product_price" : 125.99,   "product_qty" : 19}​​​,{​​​ "product_n    db.product.insertMany([{​​​ "product_name" : "Dell Laptop i5",   "product_price" : 125.99,   "product_qty" : 19}​​​,{​​​ "product_n    db.product.insertMany([{​​​ "product_name" : "Dell Laptop i5",   "product_price" : 125.99,   "product_qty" : 19}​​​,{​​​ "product_n    db.product.insertMany([{​​​ "product_name" : "Dell Laptop i5",   "product_price" : 125.99,   "product_qty" : 19}​​​,{​​​ "product_n    db.product.insertMany([{​​​ "product_name" : "Dell Laptop i5",   "product_price" : 125.99,   "product_qty" : 19}​​​,{​​​ "product_n    db.product.insertMany([{​​​ "product_name" : "Dell Laptop i5",   "product_price" : 125.99,   "product_qty" : 19}​​​,{​​​ "product_name" : "Acer Laptop i5",   "product_price" : 105.99,   "product_qty" : 12}​​​,{​​​ "product_name" : "HP Laptop i5",   "product_price" : 145.99,   "product_qty" : 9}​​​])
uncaught exception: SyntaxError: illegal character :
@(shell):1:24
> ​[12:20] Yadav, Balwant (Guest)
uncaught exception: SyntaxError: illegal character :
@(shell):1:0
>     product
uncaught exception: ReferenceError: product is not defined :
@(shell):1:1
> db.product.insertMany([{ "product_name" : "Dell Laptop i5",   "product_price" : 125.99,   "product_qty" : 19},{ "product_name" : "Acer Laptop i5",   "product_price" : 105.99,   "product_qty" : 12},{ "product_name" : "HP Laptop i5",   "product_price" : 145.99,   "product_qty" : 9}])
{
        "acknowledged" : true,
        "insertedIds" : [
                ObjectId("632c06a47d02ab0ae74051b8"),
                ObjectId("632c06a47d02ab0ae74051b9"),
                ObjectId("632c06a47d02ab0ae74051ba")
        ]
}
> db.product.find().pretty()
{
        "_id" : ObjectId("632c06a47d02ab0ae74051b8"),
        "product_name" : "Dell Laptop i5",
        "product_price" : 125.99,
        "product_qty" : 19
}
{
        "_id" : ObjectId("632c06a47d02ab0ae74051b9"),
        "product_name" : "Acer Laptop i5",
        "product_price" : 105.99,
        "product_qty" : 12
}
{
        "_id" : ObjectId("632c06a47d02ab0ae74051ba"),
        "product_name" : "HP Laptop i5",
        "product_price" : 145.99,
        "product_qty" : 9
}
> db.product.find({product_qty:{$gt:10}}).pretty();
{
        "_id" : ObjectId("632c06a47d02ab0ae74051b8"),
        "product_name" : "Dell Laptop i5",
        "product_price" : 125.99,
        "product_qty" : 19
}
{
        "_id" : ObjectId("632c06a47d02ab0ae74051b9"),
        "product_name" : "Acer Laptop i5",
        "product_price" : 105.99,
        "product_qty" : 12
}
> db.product.find({product_qty:{$gt:10}},{_id:0,product_price:0}).pretty();
{ "product_name" : "Dell Laptop i5", "product_qty" : 19 }
{ "product_name" : "Acer Laptop i5", "product_qty" : 12 }
> db.product.find({product_qty:{$gte:12}}).pretty();
{
        "_id" : ObjectId("632c06a47d02ab0ae74051b8"),
        "product_name" : "Dell Laptop i5",
        "product_price" : 125.99,
        "product_qty" : 19
}
{
        "_id" : ObjectId("632c06a47d02ab0ae74051b9"),
        "product_name" : "Acer Laptop i5",
        "product_price" : 105.99,
        "product_qty" : 12
}
> db.product.find({product_qty:{$gte:12}},{_id:0,product_price:0}).pretty();
{ "product_name" : "Dell Laptop i5", "product_qty" : 19 }
{ "product_name" : "Acer Laptop i5", "product_qty" : 12 }
> db.product.find({product_qty:{$lt:12}}).pretty();
{
        "_id" : ObjectId("632c06a47d02ab0ae74051ba"),
        "product_name" : "HP Laptop i5",
        "product_price" : 145.99,
        "product_qty" : 9
}
> db.product.find({product_qty:{$lte:12}}).pretty();
{
        "_id" : ObjectId("632c06a47d02ab0ae74051b9"),
        "product_name" : "Acer Laptop i5",
        "product_price" : 105.99,
        "product_qty" : 12
}
{
        "_id" : ObjectId("632c06a47d02ab0ae74051ba"),
        "product_name" : "HP Laptop i5",
        "product_price" : 145.99,
        "product_qty" : 9
}
> db.product.find({product_qty:{$in:[9,12]}}).pretty();
{
        "_id" : ObjectId("632c06a47d02ab0ae74051b9"),
        "product_name" : "Acer Laptop i5",
        "product_price" : 105.99,
        "product_qty" : 12
}
{
        "_id" : ObjectId("632c06a47d02ab0ae74051ba"),
        "product_name" : "HP Laptop i5",
        "product_price" : 145.99,
        "product_qty" : 9
}
> db.product.find({product_qty:{$in:[9,12]}},{_id:0,product_price:0}).pretty();
{ "product_name" : "Acer Laptop i5", "product_qty" : 12 }
{ "product_name" : "HP Laptop i5", "product_qty" : 9 }
> db.product.find({product_qty:{$nin:[9,12]}},{_id:0,product_price:0}).pretty();
{ "product_name" : "Dell Laptop i5", "product_qty" : 19 }
> db.product.find({$and:[
... {
... product_qty:9
... },
... {
... product_price:145.99
... }
... ]}).pretty();
{
        "_id" : ObjectId("632c06a47d02ab0ae74051ba"),
        "product_name" : "HP Laptop i5",
        "product_price" : 145.99,
        "product_qty" : 9
}
> db.product.find({$and:[
... {
... product_qty:9
... },
... {
... product_price:145.99
... }
... ]},{_id:0,product_price:0}).pretty();
{ "product_name" : "HP Laptop i5", "product_qty" : 9 }
> db.product.find({$and:[
... {
... product_qty:9
... },
... {
... product_price:145.99
... }
... ]},{_id:0,product_price:0}).pretty();
{ "product_name" : "HP Laptop i5", "product_qty" : 9 }
> db.product.find({$and:[ { product_qty:9 }, { product_price:145.99 } ]},{_id:0,product_price:0}).pretty();
{ "product_name" : "HP Laptop i5", "product_qty" : 9 }
> db.product.find({$or:[
... {
... product_qty:9
... },
... {
... product_price:105.99
... }
... ]}).pretty();
{
        "_id" : ObjectId("632c06a47d02ab0ae74051b9"),
        "product_name" : "Acer Laptop i5",
        "product_price" : 105.99,
        "product_qty" : 12
}
{
        "_id" : ObjectId("632c06a47d02ab0ae74051ba"),
        "product_name" : "HP Laptop i5",
        "product_price" : 145.99,
        "product_qty" : 9
}
> db.product.find({$or:[
... {
... product_qty:9
... },
... {
... product_price:105.99
... }
... ]},{_id:0,product_price:0}).pretty();
{ "product_name" : "Acer Laptop i5", "product_qty" : 12 }
{ "product_name" : "HP Laptop i5", "product_qty" : 9 }
> db.product.find({
... product_qty:{
... $not:{
...  $eq:9
...  }
... }}).pretty();
{
        "_id" : ObjectId("632c06a47d02ab0ae74051b8"),
        "product_name" : "Dell Laptop i5",
        "product_price" : 125.99,
        "product_qty" : 19
}
{
        "_id" : ObjectId("632c06a47d02ab0ae74051b9"),
        "product_name" : "Acer Laptop i5",
        "product_price" : 105.99,
        "product_qty" : 12
}
> db.product.find({
... product_qty:{
... $not:{
...  $eq:9
...  }
... }},{_id:0,product_price:0}).pretty();
{ "product_name" : "Dell Laptop i5", "product_qty" : 19 }
{ "product_name" : "Acer Laptop i5", "product_qty" : 12 }
> db.product.find({
... $nor:[{
...  product_qty:9
...  }]
... },{_id:0,product_price:0}).pretty();
{ "product_name" : "Dell Laptop i5", "product_qty" : 19 }
{ "product_name" : "Acer Laptop i5", "product_qty" : 12 }
> db.product.insertMany([{ "product_name" : "Dell Laptop i3","product_qty" : 0},{ "product_name" : "HP Laptop i3"}])
{
        "acknowledged" : true,
        "insertedIds" : [
                ObjectId("632c226a7d02ab0ae74051bb"),
                ObjectId("632c226a7d02ab0ae74051bc")
        ]
}
> db.product.find({
... product_price:{
...     $exists:true
... }},{_id:0,product_price:0}).pretty();
{ "product_name" : "Dell Laptop i5", "product_qty" : 19 }
{ "product_name" : "Acer Laptop i5", "product_qty" : 12 }
{ "product_name" : "HP Laptop i5", "product_qty" : 9 }
> db.product.find({
... product_price:{
...     $exists:1
... }},{_id:0,product_qty:0}).
... sort({product_price:1}).
... pretty();
{ "product_name" : "Acer Laptop i5", "product_price" : 105.99 }
{ "product_name" : "Dell Laptop i5", "product_price" : 125.99 }
{ "product_name" : "HP Laptop i5", "product_price" : 145.99 }
> db.product.find({
... product_price:{
...     $exists:1
... }},{_id:0,product_qty:0}).
... sort({product_price:1}).
... pretty();
{ "product_name" : "Acer Laptop i5", "product_price" : 105.99 }
{ "product_name" : "Dell Laptop i5", "product_price" : 125.99 }
{ "product_name" : "HP Laptop i5", "product_price" : 145.99 }
> db.product.find({ product_price:{     $exists:1 }},{_id:0,product_qty:0}). sort({product_price:-1}). pretty();
{ "product_name" : "HP Laptop i5", "product_price" : 145.99 }
{ "product_name" : "Dell Laptop i5", "product_price" : 125.99 }
{ "product_name" : "Acer Laptop i5", "product_price" : 105.99 }
> db.product.find({
... product_price:{
...     $exists:1
... }},{_id:0}).
... sort({
... product_price:1,
... product_qty:1
... }).
... pretty();
{
        "product_name" : "Acer Laptop i5",
        "product_price" : 105.99,
        "product_qty" : 12
}
{
        "product_name" : "Dell Laptop i5",
        "product_price" : 125.99,
        "product_qty" : 19
}
{
        "product_name" : "HP Laptop i5",
        "product_price" : 145.99,
        "product_qty" : 9
}
> db.product.find({ product_price:{     $exists:1 }},{_id:0}). sort({ product_price:1, product_qty:-1 }). pretty();
{
        "product_name" : "Acer Laptop i5",
        "product_price" : 105.99,
        "product_qty" : 12
}
{
        "product_name" : "Dell Laptop i5",
        "product_price" : 125.99,
        "product_qty" : 19
}
{
        "product_name" : "HP Laptop i5",
        "product_price" : 145.99,
        "product_qty" : 9
}
> db.product.find({ product_price:{     $exists:1 }},{_id:0}). sort({ product_price:-1, product_qty:-1 }). pretty();
{
        "product_name" : "HP Laptop i5",
        "product_price" : 145.99,
        "product_qty" : 9
}
{
        "product_name" : "Dell Laptop i5",
        "product_price" : 125.99,
        "product_qty" : 19
}
{
        "product_name" : "Acer Laptop i5",
        "product_price" : 105.99,
        "product_qty" : 12
}
> db.product.find({
... product_price:{
...     $exists:1
... }},{_id:0,product_qty:0}).
... sort({product_price:1}).
... limit(3).
... pretty();
{ "product_name" : "Acer Laptop i5", "product_price" : 105.99 }
{ "product_name" : "Dell Laptop i5", "product_price" : 125.99 }
{ "product_name" : "HP Laptop i5", "product_price" : 145.99 }
> db.product.find({ product_price:{     $exists:1 }},{_id:0,product_qty:0}). sort({product_price:1}). limit(2). pretty();
{ "product_name" : "Acer Laptop i5", "product_price" : 105.99 }
{ "product_name" : "Dell Laptop i5", "product_price" : 125.99 }
> db.product.find({
... product_price:{
...     $exists:1
... }},{_id:0,product_qty:0}).
... sort({product_price:1}).
... skip(3).
... limit(3).
... pretty();
> db.product.find({ product_price:{     $exists:1 }},{_id:0,product_qty:0}). sort({product_price:1}). skip(1). limit(2). pretty();
{ "product_name" : "Dell Laptop i5", "product_price" : 125.99 }
{ "product_name" : "HP Laptop i5", "product_price" : 145.99 }
> db.product.find({ product_price:{     $exists:1 }},{_id:0}). sort({ product_price:-1, product_qty:-1 }). pretty();
{
        "product_name" : "HP Laptop i5",
        "product_price" : 145.99,
        "product_qty" : 9
}
{
        "product_name" : "Dell Laptop i5",
        "product_price" : 125.99,
        "product_qty" : 19
}
{
        "product_name" : "Acer Laptop i5",
        "product_price" : 105.99,
        "product_qty" : 12
}
> db.product.find({ product_price:{     $exists:1 }},{_id:0,product_qty:0}). sort({product_price:1}). skip(1). limit(2). pretty();
{ "product_name" : "Dell Laptop i5", "product_price" : 125.99 }
{ "product_name" : "HP Laptop i5", "product_price" : 145.99 }
> db.product.updateMany(
...     {product_price:{$eq:null}},
...     {$set:{product_price:99}}
... );
{ "acknowledged" : true, "matchedCount" : 2, "modifiedCount" : 2 }
> db.product.updateMany(     {product_price:{$eq:125.99}},     {$set:{product_price:99}} );
{ "acknowledged" : true, "matchedCount" : 1, "modifiedCount" : 1 }
> db.product.find({ product_price:{     $exists:1 }},{_id:0,product_qty:0}). sort({product_price:1}). skip(1). limit(2). pretty();
{ "product_name" : "Dell Laptop i3", "product_price" : 99 }
{ "product_name" : "Dell Laptop i5", "product_price" : 99 }
> db.product.updateMany(     {product_price:{$eq:null}},     {$set:{product_price:99}} );
{ "acknowledged" : true, "matchedCount" : 0, "modifiedCount" : 0 }
> db.product.find({ product_price:{     $exists:1 }},{_id:0,product_qty:0}). sort({product_price:1}). skip(1). limit(2). pretty();
{ "product_name" : "Dell Laptop i3", "product_price" : 99 }
{ "product_name" : "Dell Laptop i5", "product_price" : 99 }
> db.product.updateMany(     {product_price:{$eq:99}},     {$set:{product_price:919}} );
{ "acknowledged" : true, "matchedCount" : 3, "modifiedCount" : 3 }
> db.product.updateMany({},
...     {
...         $rename:{
...             product_price:"prd_price"
...         }
...     }
... );
{ "acknowledged" : true, "matchedCount" : 5, "modifiedCount" : 5 }
> db.product.find({ product_price:{     $exists:1 }},{_id:0,product_qty:0}). sort({product_price:1}). skip(1). limit(2). pretty();
> db.product.updateMany({},     {         $rename:{             product_price:"prd_price"         }     } );
{ "acknowledged" : true, "matchedCount" : 5, "modifiedCount" : 0 }
> db.product.updateMany(
...     {_id:8},
...     {$set:{product_price:2999}}
... )
{ "acknowledged" : true, "matchedCount" : 0, "modifiedCount" : 0 }
> db.product.updateMany(
...     {_id:8},
...     {$set:{product_price:2999}},
...     {upsert : true}
... );
{
        "acknowledged" : true,
        "matchedCount" : 0,
        "modifiedCount" : 0,
        "upsertedId" : 8
}
> use cafeshop;
switched to db cafeshop
> db
cafeshop
> db.item
cafe{"_id":123,"itemname":"Coffe",itemprice:"55",itemweight:"200",itemqty:"20"
... {"_id":123,"itemname":"Coffe",itemprice:"55",itemweight:"200",itemqty:"20"
... {"_id":123,"itemname":"Coffe",itemprice:"55",itemweight:"200",itemqty:"20"
> db{"_id":123,"itemname":"Coffe",itemprice:"55",itemweight:"200",itemqty:"20"
> . {"_id":123,"itemname":"Coffe",itemprice:"55",itemweight:"200",itemqty:"20"
> db.product.updateMany(     {_id:8},     {$set:{product_price:2999}},     {upsert : true} );
{
        "acknowledged" : true,
        "matchedCount" : 0,
        "modifiedCount" : 0,
        "upsertedId" : 8
}
> db
cafeshop
> db.items
cafeshop.items
> db.items.insertMany([ {"_id":123,"itemname":"Coffee","itemprice":55,"itemweigdb.items.insertMany([ {"_id":123,"itemname":"Coffee","itemprice":55,"itemweigdb.items.insertMany([ {"_id":123,"itemname":"Coffee","itemprice":55,"itemweigdb.items.insertMany([ {"_id":123,"itemname":"Coffee","itemprice":55,"itemweigdb.items.insertMany([ {"_id":123,"itemname":"Coffee","itemprice":55,"itemweigdb.items.insertMany([ {"_id":123,"itemname":"Coffee","itemprice":55,"itemweigdb.items.insertMany([ {"_id":123,"itemname":"Coffee","itemprice":55,"itemweigdb.items.insertMany([ {"_id":123,"itemname":"Coffee","itemprice":55,"itemweigdb.items.insertMany([ {"_id":123,"itemname":"Coffee","itemprice":55,"itemweigdb.items.insertMany([ {"_id":123,"itemname":"Coffee","itemprice":55,"itemweigdb.items.insertMany([ {"_id":123,"itemname":"Coffee","itemprice":55,"itemweigdb.items.insertMany([ {"_id":123,"itemname":"Coffee","itemprice":55,"itemweigdb.items.insertMany([ {"_id":123,"itemname":"Coffee","itemprice":55,"itemweigdb.items.insertMany([ {"_id":123,"itemname":"Coffee","itemprice":55,"itemweigdb.items.insertMany([ {"_id":123,"itemname":"Coffee","itemprice":55,"itemweigdb.items.insertMany([ {"_id":123,"itemname":"Coffee","itemprice":55,"itemweigdb.items.insertMany([ {"_id":123,"itemname":"Coffee","itemprice":55,"itemweigdb.items.insertMany([ {"_id":123,"itemname":"Coffee","itemprice":55,"itemweigdb.items.insertMany([ {"_id":123,"itemname":"Coffee","itemprice":55,"itemweigdb.items.insertMany([ {"_id":123,"itemname":"Coffee","itemprice":55,"itemweigdb.items.insertMany([ {"_id":123,"itemname":"Coffee","itemprice":55,"itemweigdb.items.insertMany([ {"_id":123,"itemname":"Coffee","itemprice":55,"itemweigdb.items.insertMany([ {"_id":123,"itemname":"Coffee","itemprice":55,"itemweigdb.items.insertMany([ {"_id":123,"itemname":"Coffee","itemprice":55,"itemweigdb.items.insertMany([ {"_id":123,"itemname":"Coffee","itemprice":55,"itemweigdb.items.insertMany([ {"_id":123,"itemname":"Coffee","itemprice":55,"itemweigdb.items.insertMany([ {"_id":123,"itemname":"Coffee","itemprice":55,"itemweigdb.items.insertMany([ {"_id":123,"itemname":"Coffee","itemprice":55,"itemweigdb.items.insertMany([ {"_id":123,"itemname":"Coffee","itemprice":55,"itemweigdb.items.insertMany([ {"_id":123,"itemname":"Coffee","itemprice":55,"itemweigdb.items.insertMany([ {"_id":123,"itemname":"Coffee","itemprice":55,"itemweigdb.items.insertMany([ {"_id":123,"itemname":"Coffee","itemprice":55,"itemweigdb.items.insertMany([ {"_id":123,"itemname":"Coffee","itemprice":55,"itemweigdb.items.insertMany([ {"_id":123,"itemname":"Coffee","itemprice":55,"itemweigdb.items.insertMany([ {"_id":123,"itemname":"Coffee","itemprice":55,"itemweigdb.items.insertMany([ {"_id":123,"itemname":"Coffee","itemprice":55,"itemweigdb.items.insertMany([ {"_id":123,"itemname":"Coffee","itemprice":55,"itemweigdb.items.insertMany([ {"_id":123,"itemname":"Coffee","itemprice":55,"itemweigdb.items.insertMany([ {"_id":123,"itemname":"Coffee","itemprice":55,"itemweigdb.items.insertMany([ {"_id":123,"itemname":"Coffee","itemprice":55,"itemweigdb.items.insertMany([ {"_id":123,"itemname":"Coffee","itemprice":55,"itemweigdb.items.insertMany([ {"_id":123,"itemname":"Coffee","itemprice":55,"itemweigdb.items.insertMany([ {"_id":123,"itemname":"Coffee","itemprice":55,"itemweigdb.items.insertMany([ {"_id":123,"itemname":"Coffee","itemprice":55,"itemweigdb.items.insertMany([ {"_id":123,"itemname":"Coffee","itemprice":55,"itemweigdb.items.insertMany([ {"_id":123,"itemname":"Coffee","itemprice":55,"itemweigdb.items.insertMany([ {"_id":123,"itemname":"Coffee","itemprice":55,"itemweigdb.items.insertMany([ {"_id":123,"itemname":"Coffee","itemprice":55,"itemweigdb.items.insertMany([ {"_id":123,"itemname":"Coffee","itemprice":55,"itemweigdb.items.insertMany([ {"_id":123,"itemname":"Coffee","itemprice":55,"itemweigdb.items.insertMany([ {"_id":123,"itemname":"Coffee","itemprice":55,"itemweigdb.items.insertMany([ {"_id":123,"itemname":"Coffee","itemprice":55,"itemweigdb.items.insertMany([ {"_id":123,"itemname":"Coffee","itemprice":55,"itemweigdb.items.insertMany([ {"_id":123,"itemname":"Coffee","itemprice":55,"itemweigdb.items.insertMany([ {"_id":123,"itemname":"Coffee","itemprice":55,"itemweigdb.items.insertMany([ {"_id":123,"itemname":"Coffee","itemprice":55,"itemweigdb.items.insertMany([ {"_id":123,"itemname":"Coffee","itemprice":55,"itemweigdb.items.insertMany([ {"_id":123,"itemname":"Coffee","itemprice":55,"itemweigdb.items.insertMany([ {"_id":123,"itemname":"Coffee","itemprice":55,"itemweigdb.items.insertMany([ {"_id":123,"itemname":"Coffee","itemprice":55,"itemweigdb.items.insertMany([ {"_id":123,"itemname":"Coffee","itemprice":55,"itemweigdb.items.insertMany([ {"_id":123,"itemname":"Coffee","itemprice":55,"itemweigdb.items.insertMany([ {"_id":123,"itemname":"Coffee","itemprice":55,"itemweigdb.items.insertMany([ {"_id":123,"itemname":"Coffee","itemprice":55,"itemweigdb.items.insertMany([ {"_id":123,"itemname":"Coffee","itemprice":55,"itemweigdb.items.insertMany([ {"_id":123,"itemname":"Coffee","itemprice":55,"itemweigdb.items.insertMany([ {"_id":123,"itemname":"Coffee","itemprice":55,"itemweigdb.items.insertMany([ {"_id":123,"itemname":"Coffee","itemprice":55,"itemweigdb.items.insertMany([ {"_id":123,"itemname":"Coffee","itemprice":55,"itemweigdb.items.insertMany([ {"_id":123,"itemname":"Coffee","itemprice":55,"itemweigdb.items.insertMany([ {"_id":123,"itemname":"Coffee","itemprice":55,"itemweigdb.items.insertMany([ {"_id":123,"itemname":"Coffee","itemprice":55,"itemweigdb.items.insertMany([ {"_id":123,"itemname":"Coffee","itemprice":55,"itemweigdb.items.insertMany([ {"_id":123,"itemname":"Coffee","itemprice":55,"itemweigdb.items.insertMany([ {"_id":123,"itemname":"Coffee","itemprice":55,"itemweigdb.items.insertMany([ {"_id":123,"itemname":"Coffee","itemprice":55,"itemweigdb.items.insertMany([ {"_id":123,"itemname":"Coffee","itemprice":55,"itemweigdb.items.insertMany([ {"_id":123,"itemname":"Coffee","itemprice":55,"itemweigdb.items.insertMany([ {"_id":123,"itemname":"Coffee","itemprice":55,"itemweight":200,"itemqty":20}, {"_id":124,"itemname":"Poha","itemprice":95,"itemweighdb.items.insertMany([ {"_id":123,"itemname":"Coffee","itemprice":55,"itemweight":200,"itemqty":20}, {"_id":124,"itemname":"Poha","itemprice":95,"itemweighdb.items.insertMany([ {"_id":123,"itemname":"Coffee","itemprice":55,"itemweight":200,"itemqty":20}, {"_id":124,"itemname":"Poha","itemprice":95,"itemweighdb.items.insertMany([ {"_id":123,"itemname":"Coffee","itemprice":55,"itemweight":200,"itemqty":20}, {"_id":124,"itemname":"Poha","itemprice":95,"itemweighdb.items.insertMany([ {"_id":123,"itemname":"Coffee","itemprice":55,"itemweight":200,"itemqty":20}, {"_id":124,"itemname":"Poha","itemprice":95,"itemweighdb.items.insertMany([ {"_id":123,"itemname":"Coffee","itemprice":55,"itemweight":200,"itemqty":20}, {"_id":124,"itemname":"Poha","itemprice":95,"itemweighdb.items.insertMany([ {"_id":123,"itemname":"Coffee","itemprice":55,"itemweight":200,"itemqty":20}, {"_id":124,"itemname":"Poha","itemprice":95,"itemweighdb.items.insertMany([ {"_id":123,"itemname":"Coffee","itemprice":55,"itemweight":200,"itemqty":20}, {"_id":124,"itemname":"Poha","itemprice":95,"itemweighdb.items.insertMany([ {"_id":123,"itemname":"Coffee","itemprice":55,"itemweight":200,"itemqty":20}, {"_id":124,"itemname":"Poha","itemprice":95,"itemweighdb.items.insertMany([ {"_id":123,"itemname":"Coffee","itemprice":55,"itemweight":200,"itemqty":20}, {"_id":124,"itemname":"Poha","itemprice":95,"itemweighdb.items.insertMany([ {"_id":123,"itemname":"Coffee","itemprice":55,"itemweight":200,"itemqty":20}, {"_id":124,"itemname":"Poha","itemprice":95,"itemweighdb.items.insertMany([ {"_id":123,"itemname":"Coffee","itemprice":55,"itemweight":200,"itemqty":20}, {"_id":124,"itemname":"Poha","itemprice":95,"itemweighdb.items.insertMany([ {"_id":123,"itemname":"Coffee","itemprice":55,"itemweight":200,"itemqty":20}, {"_id":124,"itemname":"Poha","itemprice":95,"itemweighdb.items.insertMany([ {"_id":123,"itemname":"Coffee","itemprice":55,"itemweight":200,"itemqty":20}, {"_id":124,"itemname":"Poha","itemprice":95,"itemweighdb.items.insertMany([ {"_id":123,"itemname":"Coffee","itemprice":55,"itemweight":200,"itemqty":20}, {"_id":124,"itemname":"Poha","itemprice":95,"itemweighdb.items.insertMany([ {"_id":123,"itemname":"Coffee","itemprice":55,"itemweight":200,"itemqty":20}, {"_id":124,"itemname":"Poha","itemprice":95,"itemweighdb.items.insertMany([ {"_id":123,"itemname":"Coffee","itemprice":55,"itemweight":200,"itemqty":20}, {"_id":124,"itemname":"Poha","itemprice":95,"itemweighdb.items.insertMany([ {"_id":123,"itemname":"Coffee","itemprice":55,"itemweight":200,"itemqty":20}, {"_id":124,"itemname":"Poha","itemprice":95,"itemweighdb.items.insertMany([ {"_id":123,"itemname":"Coffee","itemprice":55,"itemweight":200,"itemqty":20}, {"_id":124,"itemname":"Poha","itemprice":95,"itemweighdb.items.insertMany([ {"_id":123,"itemname":"Coffee","itemprice":55,"itemweight":200,"itemqty":20}, {"_id":124,"itemname":"Poha","itemprice":95,"itemweighdb.items.insertMany([ {"_id":123,"itemname":"Coffee","itemprice":55,"itemweight":200,"itemqty":20}, {"_id":124,"itemname":"Poha","itemprice":95,"itemweighdb.items.insertMany([ {"_id":123,"itemname":"Coffee","itemprice":55,"itemweight":200,"itemqty":20}, {"_id":124,"itemname":"Poha","itemprice":95,"itemweighdb.items.insertMany([ {"_id":123,"itemname":"Coffee","itemprice":55,"itemweight":200,"itemqty":20}, {"_id":124,"itemname":"Poha","itemprice":95,"itemweighdb.items.insertMany([ {"_id":123,"itemname":"Coffee","itemprice":55,"itemweight":200,"itemqty":20}, {"_id":124,"itemname":"Poha","itemprice":95,"itemweighdb.items.insertMany([ {"_id":123,"itemname":"Coffee","itemprice":55,"itemweight":200,"itemqty":20}, {"_id":124,"itemname":"Poha","itemprice":95,"itemweighdb.items.insertMany([ {"_id":123,"itemname":"Coffee","itemprice":55,"itemweight":200,"itemqty":20}, {"_id":124,"itemname":"Poha","itemprice":95,"itemweighdb.items.insertMany([ {"_id":123,"itemname":"Coffee","itemprice":55,"itemweight":200,"itemqty":20}, {"_id":124,"itemname":"Poha","itemprice":95,"itemweighdb.items.insertMany([ {"_id":123,"itemname":"Coffee","itemprice":55,"itemweight":200,"itemqty":20}, {"_id":124,"itemname":"Poha","itemprice":95,"itemweighdb.items.insertMany([ {"_id":123,"itemname":"Coffee","itemprice":55,"itemweight":200,"itemqty":20}, {"_id":124,"itemname":"Poha","itemprice":95,"itemweighdb.items.insertMany([ {"_id":123,"itemname":"Coffee","itemprice":55,"itemweight":200,"itemqty":20}, {"_id":124,"itemname":"Poha","itemprice":95,"itemweighdb.items.insertMany([ {"_id":123,"itemname":"Coffee","itemprice":55,"itemweight":200,"itemqty":20}, {"_id":124,"itemname":"Poha","itemprice":95,"itemweighdb.items.insertMany([ {"_id":123,"itemname":"Coffee","itemprice":55,"itemweight":200,"itemqty":20}, {"_id":124,"itemname":"Poha","itemprice":95,"itemweight":250,"itemqty":25},  {"_id":128,"itemname":"SandWich","itemprice":155,"itemweight":300,"itemqty":15} ])
{ "acknowledged" : true, "insertedIds" : [ 123, 124, 128 ] }
> db.items.aggregate([
...
...
...
... {
...     $group: {
...        _id:null,
...        totalQty : {$sum : '$itemqty'}
...     },
... },
...
...
...
... ]);
{ "_id" : null, "totalQty" : 60 }
> db.items.aggregate([     {     $group: {        _id:null,        totalQty : {$sum : '$itemqty'}     }, },  { $projection :{id:0}}   ]);
uncaught exception: Error: command failed: {
        "ok" : 0,
        "errmsg" : "Unrecognized pipeline stage name: '$projection'",
        "code" : 40324,
        "codeName" : "Location40324"
} with original command request: {
        "aggregate" : "items",
        "pipeline" : [
                {
                        "$group" : {
                                "_id" : null,
                                "totalQty" : {
                                        "$sum" : "$itemqty"
                                }
                        }
                },
                {
                        "$projection" : {
                                "id" : 0
                        }
                }
        ],
        "cursor" : {

        },
        "lsid" : {
                "id" : UUID("739c725c-2c82-420b-9f7f-3db4a4598b34")
        }
} on connection: connection to 127.0.0.1:27017 : aggregate failed :
_getErrorWithCode@src/mongo/shell/utils.js:25:13
doassert@src/mongo/shell/assert.js:18:14
_assertCommandWorked@src/mongo/shell/assert.js:759:17
assert.commandWorked@src/mongo/shell/assert.js:851:16
DB.prototype._runAggregate@src/mongo/shell/db.js:281:5
DBCollection.prototype.aggregate@src/mongo/shell/collection.js:1058:12
@(shell):1:1
> db.items.aggregate([
...
...
...
... {
...     $group: {
...        _id:null,
...        totalQty : {$sum : '$itemqty'}
...     },
... },
... { $project : {_id:0}},
...
...
...
... ]);
{ "totalQty" : 60 }
> db.items.find().pretty()
{
        "_id" : 123,
        "itemname" : "Coffee",
        "itemprice" : 55,
        "itemweight" : 200,
        "itemqty" : 20
}
{
        "_id" : 124,
        "itemname" : "Poha",
        "itemprice" : 95,
        "itemweight" : 250,
        "itemqty" : 25
}
{
        "_id" : 128,
        "itemname" : "SandWich",
        "itemprice" : 155,
        "itemweight" : 300,
        "itemqty" : 15
}
> db.items.insertMany([ {"_id":129,"itemname":"Coffee","itemprice":155,"itemweight":500,"itemqty":20}, {"_id":134,"itemname":"Poha","itemprice":295,"itemweight":500,"itemqty":25},  {"_id":138,"itemname":"SandWich","itemprice":355,"itemweight":500,"itemqty":15} ])
{ "acknowledged" : true, "insertedIds" : [ 129, 134, 138 ] }
> db.items.aggregate([  { $group: {    _id:'$itemname',    totalQty : {$sum : '$itemqty'} }, },  ]);
{ "_id" : "Coffee", "totalQty" : 40 }
{ "_id" : "Poha", "totalQty" : 50 }
{ "_id" : "SandWich", "totalQty" : 30 }
> db.items.aggregate([
... {
... $group: {
...      _id:'$itemname',
...      totalQty : {$sum : '$itemqty'} ,
... },
... },
... {$match:{totalQty:{$gt:30}}},
... ]);
{ "_id" : "Coffee", "totalQty" : 40 }
{ "_id" : "Poha", "totalQty" : 50 }
> db.items.aggregate([
... {
... $group: {
...      _id:'$itemname',
...      totalQty : {$sum : '$itemqty'} ,
... },
... },
... {$match:{totalQty:{$gt:30}}},
... {$sort:{totalQty:1}},
... ]);
{ "_id" : "Coffee", "totalQty" : 40 }
{ "_id" : "Poha", "totalQty" : 50 }
> db.items.aggregate([
... {
... $group: {
...      _id:'$itemname',
...      totalQty : {$sum : '$itemqty'} ,
... },
... },
... {$match:{totalQty:{$gt:30}}},
... {$sort:{totalQty:-1}},
... ]);
{ "_id" : "Poha", "totalQty" : 50 }
{ "_id" : "Coffee", "totalQty" : 40 }
> db.items.aggregate([
... {
... $group: {
...      _id:'$itemname',
...      totalQty : {$sum : '$itemqty'} ,
... },
... },
... {$match:{totalQty:{$gt:30}}},
... {$sort:{totalQty:-1}},
... ]);
{ "_id" : "Poha", "totalQty" : 50 }
{ "_id" : "Coffee", "totalQty" : 40 }
> db.items.aggregate([  { $group: {    _id:'$itemname',    itemsCount:{$count:{}} }, },  ]);
{ "_id" : "Coffee", "itemsCount" : 2 }
{ "_id" : "Poha", "itemsCount" : 2 }
{ "_id" : "SandWich", "itemsCount" : 2 }
> db.items.aggregate([  { $group: {    _id:null,    itemsCount:{$count:{}} }, },  ]);
{ "_id" : null, "itemsCount" : 6 }
> db.items.insertMany([ {"_id":139,"itemname":"Coffee","itemprice":355,"itemweight":750,"itemqty":15}, {"_id":144,"itemname":"Poha","itemprice":495,"itemweight":750,"itemqty":5}])
{ "acknowledged" : true, "insertedIds" : [ 139, 144 ] }
> db.items.aggregate([  { $group: {    _id:'$itemname',    itemsCount:{$count:{}} }, },  ]);
{ "_id" : "Coffee", "itemsCount" : 3 }
{ "_id" : "Poha", "itemsCount" : 3 }
{ "_id" : "SandWich", "itemsCount" : 2 }
> db.items.aggregate([  { $group: {    _id:'$itemname',    itemsCount:{$count:{}} }, },
... {
...   $match : { itemsCount:{$gt:2} },
... },
... ]);
{ "_id" : "Coffee", "itemsCount" : 3 }
{ "_id" : "Poha", "itemsCount" : 3 }
> db.items.aggregate([  { $group: {    _id:'$itemname',    itemsCount:{$count:{}} }, }, {   $match : { itemsCount:{$gt:2} }, },{sort:totalQty:-1} ]);
uncaught exception: SyntaxError: missing } after property list :
@(shell):1:139
> db.items.aggregate([  { $group: {    _id:'$itemname',    itemsCount:{$count:{}} }, }, {   $match : { itemsCount:{$gt:2} }, },{sort:{totalQty:-1}}, ]);
uncaught exception: Error: command failed: {
        "ok" : 0,
        "errmsg" : "Unrecognized pipeline stage name: 'sort'",
        "code" : 40324,
        "codeName" : "Location40324"
} with original command request: {
        "aggregate" : "items",
        "pipeline" : [
                {
                        "$group" : {
                                "_id" : "$itemname",
                                "itemsCount" : {
                                        "$count" : {

                                        }
                                }
                        }
                },
                {
                        "$match" : {
                                "itemsCount" : {
                                        "$gt" : 2
                                }
                        }
                },
                {
                        "sort" : {
                                "totalQty" : -1
                        }
                }
        ],
        "cursor" : {

        },
        "lsid" : {
                "id" : UUID("739c725c-2c82-420b-9f7f-3db4a4598b34")
        }
} on connection: connection to 127.0.0.1:27017 : aggregate failed :
_getErrorWithCode@src/mongo/shell/utils.js:25:13
doassert@src/mongo/shell/assert.js:18:14
_assertCommandWorked@src/mongo/shell/assert.js:759:17
assert.commandWorked@src/mongo/shell/assert.js:851:16
DB.prototype._runAggregate@src/mongo/shell/db.js:281:5
DBCollection.prototype.aggregate@src/mongo/shell/collection.js:1058:12
@(shell):1:1
> db.items.aggregate([  { $group: {    _id:'$itemname',    itemsCount:{$count:{}} }, }, {   $match : { itemsCount:{$gt:2} }, },{$sort:{totalQty:-1}}, ]);
{ "_id" : "Coffee", "itemsCount" : 3 }
{ "_id" : "Poha", "itemsCount" : 3 }
> db.items.aggregate([  { $group: {    _id:'$itemname',    avgQty:{$avg:'$itemqty'} }, },  ]);
{ "_id" : "Coffee", "avgQty" : 18.333333333333332 }
{ "_id" : "Poha", "avgQty" : 18.333333333333332 }
{ "_id" : "SandWich", "avgQty" : 15 }
> db.items.aggregate([  { $group: {    _id:'$itemname',    avgQty:{$avg:'$itemqty'} }, },
... {
...   $match : { avgQty:{$gt:15} },
... },
... ]);
{ "_id" : "Coffee", "avgQty" : 18.333333333333332 }
{ "_id" : "Poha", "avgQty" : 18.333333333333332 }
> db.items.aggregate([  { $group: {    _id:'$itemname',    avgQty:{$avg:'$itemqty'} }, },
... {
...   $match : { avgQty:{$gt:15} },
... },
... ]);
{ "_id" : "Coffee", "avgQty" : 18.333333333333332 }
{ "_id" : "Poha", "avgQty" : 18.333333333333332 }
> db.items.aggregate([  { $group: {    _id:'$itemname',    avgQty:{$avg:'$itemqty'} }, },
... {
...   $match : { avgQty:{$gt:15} },
... },
... {$sort:{totalQty:-1}},
... ]);
{ "_id" : "Coffee", "avgQty" : 18.333333333333332 }
{ "_id" : "Poha", "avgQty" : 18.333333333333332 }
> db.items.aggregate([
... {
... $group: {
... _id:'$itemname',
... avgAmt:{$avg:{$multiply :['$itemqty','$itemprice']}} }, },
... {
...   $match : { avgAmt:{$gt:3200} },
... },
... {$sort:{avgAmt:-1}},
... ]);
{ "_id" : "Poha", "avgAmt" : 4075 }
{ "_id" : "SandWich", "avgAmt" : 3825 }
> db.items.aggregate([  { $group: {    _id:null,    maxQty:{$max:'$itemqty'} }, },
... { $project : {_id:0}},
... ]);
{ "maxQty" : 25 }
> db.items.aggregate([  { $group: {    _id:'$itemname',    maxQty:{$max:'$itemqty'} }, },
... ]);
{ "_id" : "Coffee", "maxQty" : 20 }
{ "_id" : "Poha", "maxQty" : 25 }
{ "_id" : "SandWich", "maxQty" : 15 }
> db.items.aggregate([  { $group: {    _id:null,    minQty:{$min:'$itemqty'} }, },
... { $project : {_id:0}},
... ]);
{ "minQty" : 5 }
> db.items.aggregate([  { $group: {    _id:'$itemname',    minQty:{$min:'$itemqty'} }, },
... ]);
{ "_id" : "Coffee", "minQty" : 15 }
{ "_id" : "Poha", "minQty" : 5 }
{ "_id" : "SandWich", "minQty" : 15 }
>


































































































































db.items.aggregate([  { $group: {    _id:'$itemname',    minQty:{$min:'$itemqty'} }, },
... ]);
{ "_id" : "Coffee", "minQty" : 15 }
{ "_id" : "Poha", "minQty" : 5 }
{ "_id" : "SandWich", "minQty" : 15 }
>